Using GMR Unitree G1 joint adapter (29 actuator names resolved).
Grounded C:\Users\Eddie\Desktop\MusicRobot\realtime\humanoid_robot\data\aistpp_gmr\gPO_sBM_cAll_d11_mPO0_ch02.pkl with constant root Z offset +0.854044 m.
AUDIT {"id": "gPO_sBM_cAll_d11_mPO0_ch02", "duration": 11.983333333333333, "frames": 720, "remaining_ok": 240, "position_ok": 240, "velocity_ok": 240, "acceleration_ok": 240, "eligible": 240, "valid_exits": [599, 600, 601, 602, 603, 604, 605, 606, 607, 608, 609, 610, 611, 612, 613, 614, 615, 616, 617, 618, 619, 620, 621, 622, 623, 624, 625, 626, 627, 628, 629, 630, 631, 632, 633, 634, 635, 636, 637, 638, 639, 640, 641, 642, 643, 644, 645, 646, 647, 648, 649, 650, 651, 652, 653, 654, 655, 656, 657, 658, 659, 660, 661, 662, 663, 664, 665, 666, 667, 668, 669, 670, 671, 672, 673, 674, 675, 676, 677, 678, 679, 680, 681, 682, 683, 684, 685, 686, 687, 688, 689, 690, 691, 692, 693, 694, 695, 696, 697, 698, 699, 700, 701, 702, 703, 704, 705, 706, 707, 708, 709, 710, 711, 712, 713, 714, 715, 716, 717, 718, 719], "ankle_605": [-0.04805704578757286, 0.46648912131786346, -9.112915769219398], "ankle_0": [-0.028164489194750786, 1.570966076105833, -169.9389360845089]}
Using GMR Unitree G1 joint adapter (29 actuator names resolved).
Grounded C:\Users\Eddie\Desktop\MusicRobot\realtime\humanoid_robot\data\aistpp_gmr\gHO_sBM_cAll_d20_mHO5_ch10.pkl with constant root Z offset +1.000147 m.
AUDIT {"id": "gHO_sBM_cAll_d20_mHO5_ch10", "duration": 7.083333333333333, "frames": 426, "remaining_ok": 0, "position_ok": 0, "velocity_ok": 0, "acceleration_ok": 0, "eligible": 0}
Using GMR Unitree G1 joint adapter (29 actuator names resolved).
Grounded C:\Users\Eddie\Desktop\MusicRobot\realtime\humanoid_robot\data\aistpp_gmr\gHO_sBM_cAll_d21_mHO5_ch10.pkl with constant root Z offset +1.010818 m.
AUDIT {"id": "gHO_sBM_cAll_d21_mHO5_ch10", "duration": 7.083333333333333, "frames": 426, "remaining_ok": 0, "position_ok": 0, "velocity_ok": 0, "acceleration_ok": 0, "eligible": 0}
Using GMR Unitree G1 joint adapter (29 actuator names resolved).
Grounded C:\Users\Eddie\Desktop\MusicRobot\realtime\humanoid_robot\data\aistpp_gmr\gHO_sBM_cAll_d20_mHO5_ch06.pkl with constant root Z offset +0.964589 m.
AUDIT {"id": "gHO_sBM_cAll_d20_mHO5_ch06", "duration": 7.083333333333333, "frames": 426, "remaining_ok": 0, "position_ok": 0, "velocity_ok": 0, "acceleration_ok": 0, "eligible": 0}
Using GMR Unitree G1 joint adapter (29 actuator names resolved).
Grounded C:\Users\Eddie\Desktop\MusicRobot\realtime\humanoid_robot\data\aistpp_gmr\gHO_sBM_cAll_d21_mHO5_ch09.pkl with constant root Z offset +0.854375 m.
AUDIT {"id": "gHO_sBM_cAll_d21_mHO5_ch09", "duration": 7.083333333333333, "frames": 426, "remaining_ok": 0, "position_ok": 0, "velocity_ok": 0, "acceleration_ok": 0, "eligible": 0}
Using GMR Unitree G1 joint adapter (29 actuator names resolved).
Grounded C:\Users\Eddie\Desktop\MusicRobot\realtime\humanoid_robot\data\aistpp_gmr\gHO_sBM_cAll_d21_mHO5_ch03.pkl with constant root Z offset +0.872148 m.
AUDIT {"id": "gHO_sBM_cAll_d21_mHO5_ch03", "duration": 7.083333333333333, "frames": 426, "remaining_ok": 0, "position_ok": 0, "velocity_ok": 0, "acceleration_ok": 0, "eligible": 0}
Using GMR Unitree G1 joint adapter (29 actuator names resolved).
Grounded C:\Users\Eddie\Desktop\MusicRobot\realtime\humanoid_robot\data\aistpp_gmr\gHO_sBM_cAll_d21_mHO5_ch05.pkl with constant root Z offset +0.887299 m.
AUDIT {"id": "gHO_sBM_cAll_d21_mHO5_ch05", "duration": 7.083333333333333, "frames": 426, "remaining_ok": 0, "position_ok": 0, "velocity_ok": 0, "acceleration_ok": 0, "eligible": 0}
Using GMR Unitree G1 joint adapter (29 actuator names resolved).
Grounded C:\Users\Eddie\Desktop\MusicRobot\realtime\humanoid_robot\data\aistpp_gmr\gHO_sBM_cAll_d20_mHO5_ch05.pkl with constant root Z offset +0.843518 m.
AUDIT {"id": "gHO_sBM_cAll_d20_mHO5_ch05", "duration": 7.083333333333333, "frames": 426, "remaining_ok": 0, "position_ok": 0, "velocity_ok": 0, "acceleration_ok": 0, "eligible": 0}
Using GMR Unitree G1 joint adapter (29 actuator names resolved).
Grounded C:\Users\Eddie\Desktop\MusicRobot\realtime\humanoid_robot\data\aistpp_gmr\gHO_sBM_cAll_d21_mHO5_ch02.pkl with constant root Z offset +0.831763 m.
AUDIT {"id": "gHO_sBM_cAll_d21_mHO5_ch02", "duration": 7.083333333333333, "frames": 426, "remaining_ok": 0, "position_ok": 0, "velocity_ok": 0, "acceleration_ok": 0, "eligible": 0}
Using GMR Unitree G1 joint adapter (29 actuator names resolved).
Grounded C:\Users\Eddie\Desktop\MusicRobot\realtime\humanoid_robot\data\aistpp_gmr\gHO_sBM_cAll_d20_mHO5_ch04.pkl with constant root Z offset +0.828414 m.
AUDIT {"id": "gHO_sBM_cAll_d20_mHO5_ch04", "duration": 7.083333333333333, "frames": 426, "remaining_ok": 0, "position_ok": 0, "velocity_ok": 0, "acceleration_ok": 0, "eligible": 0}
Using GMR Unitree G1 joint adapter (29 actuator names resolved).
Grounded C:\Users\Eddie\Desktop\MusicRobot\realtime\humanoid_robot\data\aistpp_gmr\gHO_sBM_cAll_d21_mHO5_ch04.pkl with constant root Z offset +0.863690 m.
AUDIT {"id": "gHO_sBM_cAll_d21_mHO5_ch04", "duration": 7.083333333333333, "frames": 426, "remaining_ok": 0, "position_ok": 0, "velocity_ok": 0, "acceleration_ok": 0, "eligible": 0}
Using GMR Unitree G1 joint adapter (29 actuator names resolved).
Grounded C:\Users\Eddie\Desktop\MusicRobot\realtime\humanoid_robot\data\aistpp_gmr\gHO_sBM_cAll_d20_mHO5_ch07.pkl with constant root Z offset +0.896678 m.
AUDIT {"id": "gHO_sBM_cAll_d20_mHO5_ch07", "duration": 7.083333333333333, "frames": 426, "remaining_ok": 0, "position_ok": 0, "velocity_ok": 0, "acceleration_ok": 0, "eligible": 0}
Using GMR Unitree G1 joint adapter (29 actuator names resolved).
Grounded C:\Users\Eddie\Desktop\MusicRobot\realtime\humanoid_robot\data\aistpp_gmr\gHO_sBM_cAll_d19_mHO2_ch02.pkl with constant root Z offset +0.845639 m.
AUDIT {"id": "gHO_sBM_cAll_d19_mHO2_ch02", "duration": 7.983333333333333, "frames": 480, "remaining_ok": 0, "position_ok": 0, "velocity_ok": 0, "acceleration_ok": 0, "eligible": 0}
Using GMR Unitree G1 joint adapter (29 actuator names resolved).
Grounded C:\Users\Eddie\Desktop\MusicRobot\realtime\humanoid_robot\data\aistpp_gmr\gHO_sBM_cAll_d20_mHO5_ch09.pkl with constant root Z offset +0.845700 m.
AUDIT {"id": "gHO_sBM_cAll_d20_mHO5_ch09", "duration": 7.083333333333333, "frames": 426, "remaining_ok": 0, "position_ok": 0, "velocity_ok": 0, "acceleration_ok": 0, "eligible": 0}
Using GMR Unitree G1 joint adapter (29 actuator names resolved).
Grounded C:\Users\Eddie\Desktop\MusicRobot\realtime\humanoid_robot\data\aistpp_gmr\gHO_sBM_cAll_d21_mHO5_ch08.pkl with constant root Z offset +0.871826 m.
AUDIT {"id": "gHO_sBM_cAll_d21_mHO5_ch08", "duration": 7.083333333333333, "frames": 426, "remaining_ok": 0, "position_ok": 0, "velocity_ok": 0, "acceleration_ok": 0, "eligible": 0}
Using GMR Unitree G1 joint adapter (29 actuator names resolved).
Grounded C:\Users\Eddie\Desktop\MusicRobot\realtime\humanoid_robot\data\aistpp_gmr\gHO_sBM_cAll_d20_mHO5_ch08.pkl with constant root Z offset +0.922792 m.
AUDIT {"id": "gHO_sBM_cAll_d20_mHO5_ch08", "duration": 7.083333333333333, "frames": 426, "remaining_ok": 0, "position_ok": 0, "velocity_ok": 0, "acceleration_ok": 0, "eligible": 0}
Using GMR Unitree G1 joint adapter (29 actuator names resolved).
Grounded C:\Users\Eddie\Desktop\MusicRobot\realtime\humanoid_robot\data\aistpp_gmr\gHO_sBM_cAll_d21_mHO2_ch01.pkl with constant root Z offset +0.865442 m.
AUDIT {"id": "gHO_sBM_cAll_d21_mHO2_ch01", "duration": 7.983333333333333, "frames": 480, "remaining_ok": 0, "position_ok": 0, "velocity_ok": 0, "acceleration_ok": 0, "eligible": 0}
Using GMR Unitree G1 joint adapter (29 actuator names resolved).
Grounded C:\Users\Eddie\Desktop\MusicRobot\realtime\humanoid_robot\data\aistpp_gmr\gHO_sBM_cAll_d21_mHO3_ch01.pkl with constant root Z offset +0.904718 m.
AUDIT {"id": "gHO_sBM_cAll_d21_mHO3_ch01", "duration": 7.65, "frames": 460, "remaining_ok": 0, "position_ok": 0, "velocity_ok": 0, "acceleration_ok": 0, "eligible": 0}
Using GMR Unitree G1 joint adapter (29 actuator names resolved).
Grounded C:\Users\Eddie\Desktop\MusicRobot\realtime\humanoid_robot\data\aistpp_gmr\gHO_sBM_cAll_d21_mHO5_ch06.pkl with constant root Z offset +0.944395 m.
AUDIT {"id": "gHO_sBM_cAll_d21_mHO5_ch06", "duration": 7.083333333333333, "frames": 426, "remaining_ok": 0, "position_ok": 0, "velocity_ok": 0, "acceleration_ok": 0, "eligible": 0}
Using GMR Unitree G1 joint adapter (29 actuator names resolved).
Grounded C:\Users\Eddie\Desktop\MusicRobot\realtime\humanoid_robot\data\aistpp_gmr\gHO_sBM_cAll_d21_mHO5_ch07.pkl with constant root Z offset +0.874818 m.
AUDIT {"id": "gHO_sBM_cAll_d21_mHO5_ch07", "duration": 7.083333333333333, "frames": 426, "remaining_ok": 0, "position_ok": 0, "velocity_ok": 0, "acceleration_ok": 0, "eligible": 0}
Using GMR Unitree G1 joint adapter (29 actuator names resolved).
Grounded C:\Users\Eddie\Desktop\MusicRobot\realtime\humanoid_robot\data\aistpp_gmr\gHO_sBM_cAll_d21_mHO2_ch02.pkl with constant root Z offset +0.843206 m.
AUDIT {"id": "gHO_sBM_cAll_d21_mHO2_ch02", "duration": 7.983333333333333, "frames": 480, "remaining_ok": 0, "position_ok": 0, "velocity_ok": 0, "acceleration_ok": 0, "eligible": 0}
Using GMR Unitree G1 joint adapter (29 actuator names resolved).
Grounded C:\Users\Eddie\Desktop\MusicRobot\realtime\humanoid_robot\data\aistpp_gmr\gHO_sFM_cAll_d21_mHO5_ch20.pkl with constant root Z offset +0.992814 m.
AUDIT {"id": "gHO_sFM_cAll_d21_mHO5_ch20", "duration": 28.416666666666668, "frames": 1706, "remaining_ok": 1226, "position_ok": 1226, "velocity_ok": 1226, "acceleration_ok": 1226, "eligible": 1226}
Bridge rejection: motion=gPO_sBM_cAll_d11_mPO0_ch02 exit_frame=603 entry_frame=0: No feasible Hermite duration in the search interval; duration=9.80473s joint_index=0 constraint=position range=[-272.613,0.249717] limits=[-0.87267,0.5236]; joint_order=left_ankle_pitch,left_ankle_roll,left_elbow,left_hip_pitch,left_hip_roll,left_hip_yaw,left_knee,left_shoulder_pitch,left_shoulder_roll,left_shoulder_yaw,left_wrist_pitch,left_wrist_roll,left_wrist_yaw,right_ankle_pitch,right_ankle_roll,right_elbow,right_hip_pitch,right_hip_roll,right_hip_yaw,right_knee,right_shoulder_pitch,right_shoulder_roll,right_shoulder_yaw,right_wrist_pitch,right_wrist_roll,right_wrist_yaw,waist_pitch,waist_roll,waist_yaw
Bridge rejection: motion=gPO_sBM_cAll_d11_mPO0_ch02 exit_frame=602 entry_frame=0: No feasible Hermite duration in the search interval; duration=9.80473s joint_index=0 constraint=position range=[-285.265,-0.0281645] limits=[-0.87267,0.5236]; joint_order=left_ankle_pitch,left_ankle_roll,left_elbow,left_hip_pitch,left_hip_roll,left_hip_yaw,left_knee,left_shoulder_pitch,left_shoulder_roll,left_shoulder_yaw,left_wrist_pitch,left_wrist_roll,left_wrist_yaw,right_ankle_pitch,right_ankle_roll,right_elbow,right_hip_pitch,right_hip_roll,right_hip_yaw,right_knee,right_shoulder_pitch,right_shoulder_roll,right_shoulder_yaw,right_wrist_pitch,right_wrist_roll,right_wrist_yaw,waist_pitch,waist_roll,waist_yaw
Bridge rejection: motion=gPO_sBM_cAll_d11_mPO0_ch02 exit_frame=601 entry_frame=0: No feasible Hermite duration in the search interval; duration=9.80473s joint_index=0 constraint=position range=[-285.265,-0.0281645] limits=[-0.87267,0.5236]; joint_order=left_ankle_pitch,left_ankle_roll,left_elbow,left_hip_pitch,left_hip_roll,left_hip_yaw,left_knee,left_shoulder_pitch,left_shoulder_roll,left_shoulder_yaw,left_wrist_pitch,left_wrist_roll,left_wrist_yaw,right_ankle_pitch,right_ankle_roll,right_elbow,right_hip_pitch,right_hip_roll,right_hip_yaw,right_knee,right_shoulder_pitch,right_shoulder_roll,right_shoulder_yaw,right_wrist_pitch,right_wrist_roll,right_wrist_yaw,waist_pitch,waist_roll,waist_yaw
SEARCH initial Candidates and replay infeasible: motion=gPO_sBM_cAll_d11_mPO0_ch02 exit_frame=605 entry_frame=0: No feasible Hermite duration in the search interval; duration=9.80473s joint_index=0 constraint=position range=[-294.972,-0.0281645] limits=[-0.87267,0.5236]; joint_order=left_ankle_pitch,left_ankle_roll,left_elbow,left_hip_pitch,left_hip_roll,left_hip_yaw,left_knee,left_shoulder_pitch,left_shoulder_roll,left_shoulder_yaw,left_wrist_pitch,left_wrist_roll,left_wrist_yaw,right_ankle_pitch,right_ankle_roll,right_elbow,right_hip_pitch,right_hip_roll,right_hip_yaw,right_knee,right_shoulder_pitch,right_shoulder_roll,right_shoulder_yaw,right_wrist_pitch,right_wrist_roll,right_wrist_yaw,waist_pitch,waist_roll,waist_yaw
Bridge rejection: motion=gPO_sBM_cAll_d11_mPO0_ch02 exit_frame=603 entry_frame=0: No feasible Hermite duration in the search interval; duration=9.80473s joint_index=0 constraint=position range=[-272.613,0.249717] limits=[-0.87267,0.5236]; joint_order=left_ankle_pitch,left_ankle_roll,left_elbow,left_hip_pitch,left_hip_roll,left_hip_yaw,left_knee,left_shoulder_pitch,left_shoulder_roll,left_shoulder_yaw,left_wrist_pitch,left_wrist_roll,left_wrist_yaw,right_ankle_pitch,right_ankle_roll,right_elbow,right_hip_pitch,right_hip_roll,right_hip_yaw,right_knee,right_shoulder_pitch,right_shoulder_roll,right_shoulder_yaw,right_wrist_pitch,right_wrist_roll,right_wrist_yaw,waist_pitch,waist_roll,waist_yaw
Bridge rejection: motion=gPO_sBM_cAll_d11_mPO0_ch02 exit_frame=602 entry_frame=0: No feasible Hermite duration in the search interval; duration=9.80473s joint_index=0 constraint=position range=[-285.265,-0.0281645] limits=[-0.87267,0.5236]; joint_order=left_ankle_pitch,left_ankle_roll,left_elbow,left_hip_pitch,left_hip_roll,left_hip_yaw,left_knee,left_shoulder_pitch,left_shoulder_roll,left_shoulder_yaw,left_wrist_pitch,left_wrist_roll,left_wrist_yaw,right_ankle_pitch,right_ankle_roll,right_elbow,right_hip_pitch,right_hip_roll,right_hip_yaw,right_knee,right_shoulder_pitch,right_shoulder_roll,right_shoulder_yaw,right_wrist_pitch,right_wrist_roll,right_wrist_yaw,waist_pitch,waist_roll,waist_yaw
Bridge rejection: motion=gPO_sBM_cAll_d11_mPO0_ch02 exit_frame=601 entry_frame=0: No feasible Hermite duration in the search interval; duration=9.80473s joint_index=0 constraint=position range=[-285.265,-0.0281645] limits=[-0.87267,0.5236]; joint_order=left_ankle_pitch,left_ankle_roll,left_elbow,left_hip_pitch,left_hip_roll,left_hip_yaw,left_knee,left_shoulder_pitch,left_shoulder_roll,left_shoulder_yaw,left_wrist_pitch,left_wrist_roll,left_wrist_yaw,right_ankle_pitch,right_ankle_roll,right_elbow,right_hip_pitch,right_hip_roll,right_hip_yaw,right_knee,right_shoulder_pitch,right_shoulder_roll,right_shoulder_yaw,right_wrist_pitch,right_wrist_roll,right_wrist_yaw,waist_pitch,waist_roll,waist_yaw
SEARCH expanded Candidates and replay infeasible: motion=gPO_sBM_cAll_d11_mPO0_ch02 exit_frame=605 entry_frame=0: No feasible Hermite duration in the search interval; duration=9.80473s joint_index=0 constraint=position range=[-294.972,-0.0281645] limits=[-0.87267,0.5236]; joint_order=left_ankle_pitch,left_ankle_roll,left_elbow,left_hip_pitch,left_hip_roll,left_hip_yaw,left_knee,left_shoulder_pitch,left_shoulder_roll,left_shoulder_yaw,left_wrist_pitch,left_wrist_roll,left_wrist_yaw,right_ankle_pitch,right_ankle_roll,right_elbow,right_hip_pitch,right_hip_roll,right_hip_yaw,right_knee,right_shoulder_pitch,right_shoulder_roll,right_shoulder_yaw,right_wrist_pitch,right_wrist_roll,right_wrist_yaw,waist_pitch,waist_roll,waist_yaw
Bridge rejection: motion=gHO_sFM_cAll_d21_mHO5_ch20 exit_frame=658 entry_frame=9: No feasible Hermite duration in the search interval; duration=9.80473s joint_index=0 constraint=position range=[-25.414,-0.00457466] limits=[-0.87267,0.5236]; joint_order=left_ankle_pitch,left_ankle_roll,left_elbow,left_hip_pitch,left_hip_roll,left_hip_yaw,left_knee,left_shoulder_pitch,left_shoulder_roll,left_shoulder_yaw,left_wrist_pitch,left_wrist_roll,left_wrist_yaw,right_ankle_pitch,right_ankle_roll,right_elbow,right_hip_pitch,right_hip_roll,right_hip_yaw,right_knee,right_shoulder_pitch,right_shoulder_roll,right_shoulder_yaw,right_wrist_pitch,right_wrist_roll,right_wrist_yaw,waist_pitch,waist_roll,waist_yaw
Bridge rejection: motion=gHO_sFM_cAll_d21_mHO5_ch20 exit_frame=659 entry_frame=9: No feasible Hermite duration in the search interval; duration=9.80473s joint_index=0 constraint=position range=[-26.0613,-0.00457466] limits=[-0.87267,0.5236]; joint_order=left_ankle_pitch,left_ankle_roll,left_elbow,left_hip_pitch,left_hip_roll,left_hip_yaw,left_knee,left_shoulder_pitch,left_shoulder_roll,left_shoulder_yaw,left_wrist_pitch,left_wrist_roll,left_wrist_yaw,right_ankle_pitch,right_ankle_roll,right_elbow,right_hip_pitch,right_hip_roll,right_hip_yaw,right_knee,right_shoulder_pitch,right_shoulder_roll,right_shoulder_yaw,right_wrist_pitch,right_wrist_roll,right_wrist_yaw,waist_pitch,waist_roll,waist_yaw
Bridge rejection: motion=gHO_sFM_cAll_d21_mHO5_ch20 exit_frame=660 entry_frame=9: No feasible Hermite duration in the search interval; duration=9.80473s joint_index=0 constraint=position range=[-26.0814,-0.00457466] limits=[-0.87267,0.5236]; joint_order=left_ankle_pitch,left_ankle_roll,left_elbow,left_hip_pitch,left_hip_roll,left_hip_yaw,left_knee,left_shoulder_pitch,left_shoulder_roll,left_shoulder_yaw,left_wrist_pitch,left_wrist_roll,left_wrist_yaw,right_ankle_pitch,right_ankle_roll,right_elbow,right_hip_pitch,right_hip_roll,right_hip_yaw,right_knee,right_shoulder_pitch,right_shoulder_roll,right_shoulder_yaw,right_wrist_pitch,right_wrist_roll,right_wrist_yaw,waist_pitch,waist_roll,waist_yaw
SEARCH known_alternative gHO_sFM_cAll_d21_mHO5_ch20 648 924 0.35
SEARCH minimum_6_seconds gHO_sBM_cAll_d21_mHO5_ch05 659 19 0.35
