Initial retarget source: GMR artifact
Using GMR Unitree G1 joint adapter (29 actuator names resolved).
Grounded C:\Users\Eddie\Desktop\MusicRobot\realtime\humanoid_robot\data\aistpp_gmr\gLO_sBM_cAll_d13_mLO2_ch02.pkl with constant root Z offset +0.836900 m.
Using realtime virtual microphone: C:\Users\Eddie\Desktop\MusicRobot\realtime\humanoid_robot\data\test_audio\chronos.mp3 (audio starts after 1.00s denoiser reset time; speaker output=off).
Initial motion: gLO_sBM_cAll_d13_mLO2_ch02
demo | bpm=-- | speed=1.00x | amp=0.00 | rms/gate=-- | beat=0 accepted=0 conf=0.00 contrast=0.00 result=none | bright=0.00 | bands=0.00/0.00/0.00 | rhythm=0.00 | offbeat=0.00
demo | bpm=-- | speed=1.00x | amp=0.00 | rms/gate=0.0000/0.0020 | beat=0 accepted=0 conf=0.00 contrast=0.00 result=none | bright=0.00 | bands=0.00/0.00/0.00 | rhythm=0.00 | offbeat=0.00
music | bpm=-- | speed=0.96x | amp=1.03 | rms/gate=0.0450/0.0020 | beat=1 accepted=1 conf=0.59 contrast=0.50 result=accepted | bright=0.06 | bands=0.40/0.56/0.00 | rhythm=0.17 | offbeat=0.00
music | bpm=-- | speed=0.85x | amp=1.06 | rms/gate=0.0737/0.0020 | beat=1 accepted=1 conf=0.49 contrast=0.50 result=accepted | bright=0.06 | bands=0.64/0.36/0.00 | rhythm=0.43 | offbeat=0.40
match | accepted | confidence=0.81 | genre=PO:0.78 | bpm=93.8 | tracks=[JB1:0.66, JB3:0.65, JB5:0.63] | motion=gPO_sBM_cAll_d10_mPO0_ch01:0.60 | tags=[Electronic---Electro, Electronic---Experimental, Electronic---Electroclash]
music | bpm=-- | speed=0.55x | amp=1.05 | rms/gate=0.0925/0.0020 | beat=1 accepted=1 conf=0.63 contrast=0.50 result=accepted | bright=0.07 | bands=0.21/0.76/0.00 | rhythm=0.58 | offbeat=0.54
match | accepted | confidence=0.79 | genre=PO:0.72 | bpm=96.2 | tracks=[JB3:0.70, JB1:0.69, JB5:0.68] | motion=gPO_sBM_cAll_d10_mPO0_ch01:0.58 | tags=[Electronic---Electro, Electronic---Electroclash, Electronic---Synthwave]
music | bpm=72.8 | speed=0.82x | amp=1.10 | rms/gate=0.1290/0.0020 | beat=1 accepted=1 conf=0.63 contrast=0.80 result=too-early | bright=0.07 | bands=0.44/0.56/0.00 | rhythm=0.65 | offbeat=0.50
match | accepted | confidence=0.72 | genre=PO:0.71 | bpm=96.2 | tracks=[JB3:0.71, JB1:0.69, JB5:0.69] | motion=gPO_sBM_cAll_d10_mPO0_ch01:0.57 | tags=[Electronic---Electro, Electronic---Electroclash, Electronic---Synthwave]
music | bpm=91.5 | speed=1.05x | amp=0.95 | rms/gate=0.2970/0.0020 | beat=1 accepted=1 conf=0.78 contrast=0.79 result=too-early | bright=0.06 | bands=0.46/0.53/0.00 | rhythm=0.75 | offbeat=0.52
match | accepted | confidence=0.93 | genre=PO:0.73 | bpm=96.2 | tracks=[JB3:0.70, JB1:0.70, JB5:0.70] | motion=gPO_sBM_cAll_d10_mPO0_ch01:0.59 | tags=[Electronic---Electro, Electronic---Synthwave, Electronic---Ambient]
music | bpm=93.8 | speed=1.16x | amp=0.92 | rms/gate=0.2783/0.0020 | beat=1 accepted=1 conf=0.88 contrast=0.56 result=too-early | bright=0.06 | bands=0.51/0.48/0.00 | rhythm=0.79 | offbeat=0.46
match | accepted | confidence=0.94 | genre=PO:0.73 | bpm=96.2 | tracks=[JB5:0.70, JB3:0.70, JB1:0.69] | motion=gPO_sBM_cAll_d10_mPO0_ch01:0.58 | tags=[Electronic---Electro, Electronic---Techno, Electronic---Synthwave]
music | bpm=170.5 | speed=1.08x | amp=0.92 | rms/gate=0.1827/0.0020 | beat=1 accepted=0 conf=0.70 contrast=0.33 result=weak-overload-beat | bright=0.06 | bands=0.41/0.59/0.00 | rhythm=0.82 | offbeat=0.47
match | accepted | confidence=0.91 | genre=PO:0.73 | bpm=121.0 | tracks=[JB3:0.69, JB5:0.69, JB1:0.69] | motion=gPO_sBM_cAll_d10_mPO0_ch01:0.59 | tags=[Electronic---Techno, Electronic---Electro, Electronic---Ambient]
music | bpm=234.4 | speed=0.55x | amp=0.90 | rms/gate=0.1826/0.0020 | beat=1 accepted=1 conf=0.67 contrast=0.40 result=too-early | bright=0.06 | bands=0.45/0.53/0.00 | rhythm=0.92 | offbeat=0.49
match | accepted | confidence=0.92 | genre=PO:0.73 | bpm=121.0 | tracks=[JB3:0.69, JB5:0.68, JB1:0.68] | motion=gPO_sBM_cAll_d10_mPO0_ch01:0.59 | tags=[Electronic---Techno, Electronic---Electro, Electronic---EBM]
Switching (selected_exit, hermite): gLO_sBM_cAll_d13_mLO2_ch02 -> gPO_sBM_cAll_d10_mPO0_ch02 entry=0.2281 blend=0.350s
music | bpm=121.0 | speed=0.76x | amp=0.80 | rms/gate=0.1349/0.0020 | beat=1 accepted=1 conf=0.62 contrast=0.24 result=accepted | bright=0.07 | bands=0.78/0.21/0.00 | rhythm=0.99 | offbeat=0.50
match | accepted | confidence=0.87 | genre=PO:0.72 | bpm=121.0 | tracks=[JB3:0.68, JB5:0.68, JB1:0.67] | motion=gPO_sBM_cAll_d10_mPO0_ch01:0.59 | tags=[Electronic---Techno, Electronic---Electro, Electronic---EBM]
Motion switch complete: gPO_sBM_cAll_d10_mPO0_ch02
music | bpm=121.0 | speed=0.86x | amp=0.83 | rms/gate=0.1988/0.0020 | beat=1 accepted=1 conf=0.90 contrast=0.18 result=accepted | bright=0.07 | bands=0.64/0.36/0.00 | rhythm=0.99 | offbeat=0.50
match | accepted | confidence=0.56 | genre=HO:0.74 | bpm=121.0 | tracks=[JB3:0.68, JB5:0.68, JB1:0.67] | motion=gHO_sBM_cAll_d20_mHO5_ch10:0.67 | tags=[Electronic---Techno, Electronic---Electro, Electronic---EBM]
music | bpm=121.0 | speed=1.30x | amp=0.80 | rms/gate=0.1673/0.0020 | beat=1 accepted=1 conf=0.80 contrast=0.21 result=too-early | bright=0.10 | bands=0.58/0.40/0.01 | rhythm=0.98 | offbeat=0.50
match | accepted | confidence=0.95 | genre=HO:0.83 | bpm=121.0 | tracks=[JB3:0.68, JB5:0.67, JB1:0.66] | motion=gHO_sBM_cAll_d20_mHO5_ch10:0.67 | tags=[Electronic---Techno, Electronic---Electro, Electronic---Ambient]
music | bpm=117.2 | speed=1.30x | amp=0.85 | rms/gate=0.2113/0.0020 | beat=1 accepted=1 conf=0.70 contrast=0.18 result=accepted | bright=0.08 | bands=0.62/0.36/0.00 | rhythm=0.99 | offbeat=0.50
match | accepted | confidence=0.95 | genre=HO:0.85 | bpm=121.0 | tracks=[JB3:0.68, JB5:0.67, JB1:0.66] | motion=gHO_sBM_cAll_d20_mHO5_ch10:0.67 | tags=[Electronic---Techno, Electronic---Electro, Electronic---Ambient]
music | bpm=121.0 | speed=0.74x | amp=0.82 | rms/gate=0.3132/0.0020 | beat=1 accepted=1 conf=0.62 contrast=0.35 result=too-early | bright=0.08 | bands=0.62/0.38/0.00 | rhythm=0.99 | offbeat=0.50
match | accepted | confidence=0.95 | genre=HO:0.85 | bpm=121.0 | tracks=[JB3:0.67, JB5:0.67, JB1:0.66] | motion=gHO_sBM_cAll_d20_mHO5_ch10:0.67 | tags=[Electronic---Techno, Electronic---Electro, Electronic---Ambient]
music | bpm=121.0 | speed=1.03x | amp=0.76 | rms/gate=0.1980/0.0020 | beat=1 accepted=1 conf=0.73 contrast=0.32 result=accepted | bright=0.08 | bands=0.62/0.38/0.00 | rhythm=0.99 | offbeat=0.50
match | accepted | confidence=0.95 | genre=HO:0.85 | bpm=121.0 | tracks=[JB3:0.67, JB5:0.67, JB1:0.66] | motion=gHO_sBM_cAll_d20_mHO5_ch10:0.67 | tags=[Electronic---Techno, Electronic---Electro, Electronic---Deep Techno]
music | bpm=121.0 | speed=0.81x | amp=0.75 | rms/gate=0.1822/0.0020 | beat=1 accepted=1 conf=0.94 contrast=0.24 result=accepted | bright=0.11 | bands=0.50/0.49/0.00 | rhythm=0.98 | offbeat=0.50
match | accepted | confidence=0.95 | genre=HO:0.85 | bpm=121.0 | tracks=[JB3:0.68, JB5:0.67, JB1:0.66] | motion=gHO_sBM_cAll_d20_mHO5_ch10:0.67 | tags=[Electronic---Techno, Electronic---Electro, Electronic---Deep Techno]
music | bpm=121.0 | speed=0.55x | amp=0.83 | rms/gate=0.2289/0.0020 | beat=1 accepted=1 conf=0.94 contrast=0.12 result=accepted | bright=0.08 | bands=0.34/0.65/0.00 | rhythm=0.99 | offbeat=0.50
match | accepted | confidence=0.95 | genre=HO:0.85 | bpm=121.0 | tracks=[JB3:0.68, JB5:0.67, JB1:0.66] | motion=gHO_sBM_cAll_d20_mHO5_ch10:0.67 | tags=[Electronic---Techno, Electronic---Electro, Electronic---Deep Techno]
music | bpm=121.0 | speed=0.81x | amp=0.79 | rms/gate=0.1548/0.0020 | beat=1 accepted=1 conf=0.85 contrast=0.24 result=accepted | bright=0.09 | bands=0.50/0.48/0.00 | rhythm=0.99 | offbeat=0.50
match | accepted | confidence=0.96 | genre=HO:0.85 | bpm=121.0 | tracks=[JB3:0.68, JB5:0.67, JB1:0.66] | motion=gHO_sBM_cAll_d20_mHO5_ch10:0.66 | tags=[Electronic---Techno, Electronic---Electro, Electronic---Deep Techno]
Switching (selected_exit, hermite): gPO_sBM_cAll_d10_mPO0_ch02 -> gPO_sBM_cAll_d11_mPO0_ch02 entry=0.1627 blend=0.350s
music | bpm=121.0 | speed=1.15x | amp=0.76 | rms/gate=0.1814/0.0020 | beat=1 accepted=1 conf=0.81 contrast=0.32 result=too-early | bright=0.07 | bands=0.51/0.49/0.00 | rhythm=0.99 | offbeat=0.50
Motion switch complete: gPO_sBM_cAll_d11_mPO0_ch02
match | accepted | confidence=0.96 | genre=HO:0.85 | bpm=121.0 | tracks=[JB3:0.68, JB5:0.67, JB1:0.66] | motion=gHO_sBM_cAll_d20_mHO5_ch10:0.66 | tags=[Electronic---Techno, Electronic---Electro, Electronic---Deep Techno]
music | bpm=121.0 | speed=0.73x | amp=0.80 | rms/gate=0.1685/0.0020 | beat=1 accepted=1 conf=0.98 contrast=0.53 result=too-early | bright=0.09 | bands=0.48/0.52/0.00 | rhythm=0.99 | offbeat=0.50
match | accepted | confidence=0.96 | genre=HO:0.85 | bpm=121.0 | tracks=[JB3:0.68, JB5:0.67, JB1:0.66] | motion=gHO_sBM_cAll_d20_mHO5_ch10:0.66 | tags=[Electronic---Techno, Electronic---Electro, Electronic---Deep Techno]
music | bpm=121.0 | speed=1.02x | amp=0.81 | rms/gate=0.1838/0.0020 | beat=1 accepted=1 conf=1.00 contrast=0.21 result=too-early | bright=0.08 | bands=0.54/0.45/0.00 | rhythm=0.99 | offbeat=0.50
match | accepted | confidence=0.96 | genre=HO:0.86 | bpm=121.0 | tracks=[JB3:0.68, JB5:0.67, JB1:0.65] | motion=gHO_sBM_cAll_d20_mHO5_ch10:0.66 | tags=[Electronic---Techno, Electronic---Electro, Electronic---Deep Techno]
music | bpm=121.0 | speed=0.72x | amp=0.76 | rms/gate=0.1835/0.0020 | beat=1 accepted=1 conf=0.95 contrast=0.41 result=too-early | bright=0.09 | bands=0.54/0.45/0.00 | rhythm=0.99 | offbeat=0.50
match | accepted | confidence=0.96 | genre=HO:0.86 | bpm=121.0 | tracks=[JB3:0.68, JB5:0.67, JB1:0.65] | motion=gHO_sBM_cAll_d20_mHO5_ch10:0.66 | tags=[Electronic---Techno, Electronic---Electro, Electronic---Deep Techno]
music | bpm=121.0 | speed=0.91x | amp=0.73 | rms/gate=0.1383/0.0020 | beat=1 accepted=1 conf=0.75 contrast=0.12 result=too-early | bright=0.08 | bands=0.34/0.65/0.00 | rhythm=0.98 | offbeat=0.50
match | accepted | confidence=0.96 | genre=HO:0.86 | bpm=121.0 | tracks=[JB3:0.68, JB5:0.67, JB1:0.65] | motion=gHO_sBM_cAll_d20_mHO5_ch10:0.66 | tags=[Electronic---Techno, Electronic---Electro, Electronic---Deep Techno]
music | bpm=121.0 | speed=0.68x | amp=0.76 | rms/gate=0.1747/0.0020 | beat=1 accepted=1 conf=0.73 contrast=0.03 result=accepted | bright=0.10 | bands=0.39/0.61/0.00 | rhythm=0.99 | offbeat=0.50
match | accepted | confidence=0.96 | genre=HO:0.87 | bpm=121.0 | tracks=[JB3:0.68, JB5:0.67, JB1:0.65] | motion=gHO_sBM_cAll_d20_mHO5_ch10:0.66 | tags=[Electronic---Techno, Electronic---Electro, Electronic---Deep Techno]
music | bpm=117.2 | speed=1.04x | amp=0.76 | rms/gate=0.2024/0.0020 | beat=1 accepted=1 conf=0.76 contrast=0.18 result=accepted | bright=0.10 | bands=0.32/0.67/0.00 | rhythm=0.98 | offbeat=0.50
match | accepted | confidence=0.95 | genre=HO:0.87 | bpm=121.0 | tracks=[JB3:0.67, JB5:0.67, JB1:0.65] | motion=gHO_sBM_cAll_d20_mHO5_ch10:0.67 | tags=[Electronic---Techno, Electronic---Electro, Electronic---Deep Techno]
music | bpm=125.0 | speed=1.26x | amp=0.81 | rms/gate=0.2463/0.0020 | beat=1 accepted=1 conf=1.00 contrast=0.97 result=too-early | bright=0.12 | bands=0.26/0.74/0.00 | rhythm=0.98 | offbeat=0.50
match | accepted | confidence=0.95 | genre=HO:0.87 | bpm=121.0 | tracks=[JB3:0.68, JB5:0.67, JB1:0.65] | motion=gHO_sBM_cAll_d20_mHO5_ch10:0.67 | tags=[Electronic---Techno, Electronic---Electro, Electronic---Deep Techno]
music | bpm=125.0 | speed=0.77x | amp=0.87 | rms/gate=0.2392/0.0020 | beat=1 accepted=1 conf=1.00 contrast=0.94 result=too-early | bright=0.09 | bands=0.33/0.66/0.00 | rhythm=0.97 | offbeat=0.53
match | accepted | confidence=0.95 | genre=HO:0.86 | bpm=121.0 | tracks=[JB3:0.68, JB5:0.67, JB1:0.65] | motion=gHO_sBM_cAll_d20_mHO5_ch10:0.66 | tags=[Electronic---Techno, Electronic---Electro, Electronic---Deep Techno]
music | bpm=121.0 | speed=0.75x | amp=0.78 | rms/gate=0.1897/0.0020 | beat=1 accepted=1 conf=1.00 contrast=0.91 result=too-early | bright=0.10 | bands=0.44/0.55/0.01 | rhythm=0.95 | offbeat=0.56
match | accepted | confidence=0.95 | genre=HO:0.86 | bpm=121.0 | tracks=[JB3:0.68, JB5:0.67, JB1:0.65] | motion=gHO_sBM_cAll_d20_mHO5_ch10:0.66 | tags=[Electronic---Techno, Electronic---Electro, Electronic---Deep Techno]
music | bpm=121.0 | speed=0.55x | amp=0.90 | rms/gate=0.2436/0.0020 | beat=1 accepted=1 conf=1.00 contrast=0.79 result=too-early | bright=0.08 | bands=0.65/0.35/0.00 | rhythm=0.94 | offbeat=0.57
match | accepted | confidence=0.96 | genre=HO:0.86 | bpm=121.0 | tracks=[JB3:0.68, JB5:0.67, JB1:0.65] | motion=gHO_sBM_cAll_d20_mHO5_ch10:0.66 | tags=[Electronic---Techno, Electronic---Electro, Electronic---Deep Techno]
music | bpm=121.0 | speed=0.64x | amp=0.84 | rms/gate=0.2773/0.0020 | beat=1 accepted=0 conf=0.92 contrast=0.71 result=too-early | bright=0.10 | bands=0.49/0.51/0.00 | rhythm=0.91 | offbeat=0.59
Warning: terminal hold: Candidates and replay infeasible: No feasible Hermite duration in the search interval
match | accepted | confidence=0.96 | genre=HO:0.85 | bpm=121.0 | tracks=[JB3:0.68, JB5:0.67, JB1:0.65] | motion=gHO_sBM_cAll_d20_mHO5_ch10:0.66 | tags=[Electronic---Techno, Electronic---Electro, Electronic---Deep Techno]
music | bpm=121.0 | speed=0.64x | amp=0.82 | rms/gate=0.2196/0.0020 | beat=1 accepted=1 conf=0.81 contrast=0.74 result=accepted | bright=0.08 | bands=0.62/0.37/0.00 | rhythm=0.86 | offbeat=0.60
match | accepted | confidence=0.97 | genre=HO:0.85 | bpm=121.0 | tracks=[JB3:0.68, JB5:0.67, JB1:0.64] | motion=gHO_sBM_cAll_d20_mHO5_ch10:0.66 | tags=[Electronic---Techno, Electronic---Electro, Electronic---Deep Techno]
music | bpm=121.0 | speed=0.64x | amp=0.82 | rms/gate=0.4047/0.0020 | beat=1 accepted=1 conf=0.92 contrast=0.79 result=too-early | bright=0.10 | bands=0.42/0.57/0.00 | rhythm=0.82 | offbeat=0.59
match | accepted | confidence=0.98 | genre=HO:0.85 | bpm=121.0 | tracks=[JB3:0.68, JB5:0.66, JB1:0.63] | motion=gHO_sBM_cAll_d20_mHO5_ch10:0.66 | tags=[Electronic---Electro, Electronic---Techno, Electronic---Deep Techno]
music | bpm=121.0 | speed=0.64x | amp=0.82 | rms/gate=0.4758/0.0020 | beat=1 accepted=1 conf=0.70 contrast=0.82 result=too-early | bright=0.08 | bands=0.55/0.45/0.00 | rhythm=0.79 | offbeat=0.54
match | accepted | confidence=0.98 | genre=HO:0.85 | bpm=121.0 | tracks=[JB3:0.67, JB5:0.66, JB1:0.63] | motion=gHO_sBM_cAll_d20_mHO5_ch10:0.66 | tags=[Electronic---Electro, Electronic---Techno, Electronic---Deep Techno]
music | bpm=121.0 | speed=0.64x | amp=0.82 | rms/gate=0.4272/0.0020 | beat=1 accepted=1 conf=0.64 contrast=0.76 result=too-early | bright=0.11 | bands=0.39/0.61/0.00 | rhythm=0.79 | offbeat=0.53
match | accepted | confidence=0.98 | genre=HO:0.85 | bpm=121.0 | tracks=[JB3:0.67, JB5:0.66, JB1:0.63] | motion=gHO_sBM_cAll_d20_mHO5_ch10:0.65 | tags=[Electronic---Electro, Electronic---Techno, Electronic---Deep Techno]
music | bpm=121.0 | speed=0.64x | amp=0.82 | rms/gate=0.4530/0.0020 | beat=1 accepted=1 conf=0.54 contrast=0.91 result=too-early | bright=0.10 | bands=0.44/0.56/0.00 | rhythm=0.79 | offbeat=0.56
match | accepted | confidence=0.98 | genre=HO:0.85 | bpm=121.0 | tracks=[JB3:0.68, JB5:0.66, JB1:0.63] | motion=gHO_sBM_cAll_d20_mHO5_ch10:0.65 | tags=[Electronic---Techno, Electronic---Electro, Electronic---Deep Techno]
music | bpm=121.0 | speed=0.64x | amp=0.82 | rms/gate=0.4081/0.0020 | beat=1 accepted=1 conf=0.90 contrast=0.71 result=too-early | bright=0.10 | bands=0.45/0.55/0.00 | rhythm=0.79 | offbeat=0.57
match | accepted | confidence=0.98 | genre=HO:0.84 | bpm=121.0 | tracks=[JB3:0.68, JB5:0.66, JB1:0.63] | motion=gHO_sBM_cAll_d20_mHO5_ch10:0.65 | tags=[Electronic---Electro, Electronic---Techno, Electronic---Deep Techno]
music | bpm=121.0 | speed=0.64x | amp=0.82 | rms/gate=0.3996/0.0020 | beat=1 accepted=1 conf=0.88 contrast=0.44 result=accepted | bright=0.07 | bands=0.83/0.17/0.00 | rhythm=0.78 | offbeat=0.56
music | bpm=121.0 | speed=0.64x | amp=0.82 | rms/gate=0.2562/0.0020 | beat=1 accepted=1 conf=0.85 contrast=0.71 result=accepted | bright=0.09 | bands=0.56/0.44/0.00 | rhythm=0.79 | offbeat=0.59
match | accepted | confidence=0.98 | genre=HO:0.84 | bpm=121.0 | tracks=[JB3:0.68, JB5:0.66, JB1:0.64] | motion=gHO_sBM_cAll_d20_mHO5_ch10:0.65 | tags=[Electronic---Electro, Electronic---Techno, Electronic---Deep Techno]
music | bpm=121.0 | speed=0.64x | amp=0.82 | rms/gate=0.4077/0.0020 | beat=1 accepted=1 conf=0.80 contrast=0.71 result=too-early | bright=0.09 | bands=0.61/0.39/0.00 | rhythm=0.81 | offbeat=0.57
match | accepted | confidence=0.98 | genre=HO:0.84 | bpm=121.0 | tracks=[JB3:0.68, JB5:0.66, JB1:0.63] | motion=gHO_sBM_cAll_d20_mHO5_ch10:0.65 | tags=[Electronic---Electro, Electronic---Techno, Electronic---Deep Techno]
music | bpm=121.0 | speed=0.64x | amp=0.82 | rms/gate=0.3506/0.0020 | beat=1 accepted=1 conf=0.79 contrast=0.41 result=too-early | bright=0.09 | bands=0.54/0.45/0.00 | rhythm=0.83 | offbeat=0.57
match | accepted | confidence=0.98 | genre=HO:0.83 | bpm=121.0 | tracks=[JB3:0.68, JB5:0.66, JB1:0.63] | motion=gHO_sBM_cAll_d20_mHO5_ch10:0.65 | tags=[Electronic---Electro, Electronic---Techno, Electronic---Deep Techno]
music | bpm=121.0 | speed=0.64x | amp=0.82 | rms/gate=0.3282/0.0020 | beat=1 accepted=1 conf=0.97 contrast=0.68 result=too-early | bright=0.08 | bands=0.77/0.22/0.00 | rhythm=0.84 | offbeat=0.56
match | accepted | confidence=0.98 | genre=HO:0.83 | bpm=121.0 | tracks=[JB3:0.68, JB5:0.66, JB1:0.63] | motion=gHO_sBM_cAll_d20_mHO5_ch10:0.65 | tags=[Electronic---Electro, Electronic---Techno, Electronic---Synth-pop]
music | bpm=121.0 | speed=0.64x | amp=0.82 | rms/gate=0.3381/0.0020 | beat=1 accepted=1 conf=0.94 contrast=0.71 result=too-early | bright=0.10 | bands=0.47/0.53/0.00 | rhythm=0.84 | offbeat=0.56
match | accepted | confidence=0.98 | genre=HO:0.82 | bpm=121.0 | tracks=[JB3:0.67, JB5:0.65, JB1:0.63] | motion=gHO_sBM_cAll_d20_mHO5_ch10:0.64 | tags=[Electronic---Electro, Electronic---Techno, Electronic---Synth-pop]
music | bpm=121.0 | speed=0.64x | amp=0.82 | rms/gate=0.3930/0.0020 | beat=1 accepted=1 conf=0.81 contrast=0.44 result=too-early | bright=0.08 | bands=0.53/0.47/0.00 | rhythm=0.84 | offbeat=0.56
match | accepted | confidence=0.97 | genre=HO:0.81 | bpm=121.0 | tracks=[JB3:0.68, JB5:0.65, JB1:0.63] | motion=gHO_sBM_cAll_d20_mHO5_ch10:0.64 | tags=[Electronic---Electro, Electronic---Techno, Electronic---Synth-pop]
music | bpm=121.0 | speed=0.64x | amp=0.82 | rms/gate=0.4864/0.0020 | beat=1 accepted=1 conf=0.71 contrast=0.65 result=too-early | bright=0.10 | bands=0.58/0.40/0.00 | rhythm=0.83 | offbeat=0.56
match | accepted | confidence=0.96 | genre=HO:0.82 | bpm=121.0 | tracks=[JB3:0.67, JB5:0.66, JB1:0.64] | motion=gHO_sBM_cAll_d20_mHO5_ch10:0.64 | tags=[Electronic---Electro, Electronic---Techno, Electronic---Deep Techno]
music | bpm=121.0 | speed=0.64x | amp=0.82 | rms/gate=0.4340/0.0020 | beat=1 accepted=0 conf=0.83 contrast=0.68 result=too-early | bright=0.08 | bands=0.55/0.44/0.00 | rhythm=0.81 | offbeat=0.56
match | accepted | confidence=0.96 | genre=HO:0.81 | bpm=121.0 | tracks=[JB3:0.67, JB5:0.66, JB1:0.64] | motion=gHO_sBM_cAll_d20_mHO5_ch10:0.65 | tags=[Electronic---Electro, Electronic---Techno, Electronic---Deep Techno]
music | bpm=121.0 | speed=0.64x | amp=0.82 | rms/gate=0.4726/0.0020 | beat=1 accepted=1 conf=0.85 contrast=0.68 result=accepted | bright=0.07 | bands=0.64/0.35/0.00 | rhythm=0.81 | offbeat=0.54
match | accepted | confidence=0.98 | genre=HO:0.81 | bpm=121.0 | tracks=[JB3:0.67, JB5:0.66, JB1:0.63] | motion=gHO_sBM_cAll_d20_mHO5_ch10:0.64 | tags=[Electronic---Electro, Electronic---Deep Techno, Electronic---Techno]
music | bpm=121.0 | speed=0.64x | amp=0.82 | rms/gate=0.4280/0.0020 | beat=1 accepted=1 conf=0.89 contrast=0.76 result=too-early | bright=0.06 | bands=0.63/0.37/0.00 | rhythm=0.80 | offbeat=0.53
match | accepted | confidence=0.98 | genre=HO:0.81 | bpm=121.0 | tracks=[JB3:0.67, JB5:0.66, JB1:0.63] | motion=gHO_sBM_cAll_d20_mHO5_ch10:0.64 | tags=[Electronic---Deep Techno, Electronic---Electro, Electronic---Techno]
music | bpm=121.0 | speed=0.64x | amp=0.82 | rms/gate=0.3701/0.0020 | beat=1 accepted=1 conf=0.97 contrast=0.62 result=too-early | bright=0.07 | bands=0.64/0.35/0.00 | rhythm=0.78 | offbeat=0.56
match | accepted | confidence=0.95 | genre=HO:0.81 | bpm=121.0 | tracks=[JB3:0.67, JB5:0.65, JB1:0.63] | motion=gHO_sBM_cAll_d20_mHO5_ch10:0.65 | tags=[Electronic---Electro, Electronic---Deep Techno, Electronic---Techno]
music | bpm=121.0 | speed=0.64x | amp=0.82 | rms/gate=0.3493/0.0020 | beat=1 accepted=1 conf=0.97 contrast=0.65 result=too-early | bright=0.06 | bands=0.74/0.25/0.00 | rhythm=0.81 | offbeat=0.53
match | accepted | confidence=0.95 | genre=HO:0.80 | bpm=121.0 | tracks=[JB3:0.67, JB5:0.65, JB1:0.63] | motion=gHO_sBM_cAll_d20_mHO5_ch10:0.64 | tags=[Electronic---Electro, Electronic---Synth-pop, Electronic---Techno]
music | bpm=121.0 | speed=0.64x | amp=0.82 | rms/gate=0.2249/0.0020 | beat=1 accepted=1 conf=0.94 contrast=0.53 result=too-early | bright=0.07 | bands=0.82/0.18/0.00 | rhythm=0.80 | offbeat=0.56
match | accepted | confidence=0.96 | genre=HO:0.79 | bpm=121.0 | tracks=[JB3:0.67, JB5:0.65, JB1:0.63] | motion=gHO_sBM_cAll_d20_mHO5_ch10:0.64 | tags=[Electronic---Electro, Electronic---Synth-pop, Electronic---Deep Techno]
music | bpm=121.0 | speed=0.64x | amp=0.82 | rms/gate=0.1562/0.0020 | beat=1 accepted=1 conf=0.88 contrast=0.88 result=too-early | bright=0.06 | bands=0.79/0.20/0.00 | rhythm=0.77 | offbeat=0.60
match | accepted | confidence=0.96 | genre=HO:0.79 | bpm=121.0 | tracks=[JB3:0.67, JB5:0.65, JB1:0.63] | motion=gHO_sBM_cAll_d20_mHO5_ch10:0.64 | tags=[Electronic---Electro, Electronic---Synth-pop, Electronic---Deep Techno]
music | bpm=121.0 | speed=0.64x | amp=0.82 | rms/gate=0.1219/0.0020 | beat=1 accepted=1 conf=0.77 contrast=0.74 result=too-early | bright=0.08 | bands=0.72/0.26/0.00 | rhythm=0.75 | offbeat=0.64
match | accepted | confidence=0.96 | genre=HO:0.78 | bpm=121.0 | tracks=[JB3:0.67, JB5:0.65, JB1:0.63] | motion=gHO_sBM_cAll_d20_mHO5_ch10:0.64 | tags=[Electronic---Electro, Electronic---Synth-pop, Electronic---Deep Techno]
music | bpm=121.0 | speed=0.64x | amp=0.82 | rms/gate=0.2586/0.0020 | beat=1 accepted=1 conf=0.80 contrast=0.26 result=too-early | bright=0.07 | bands=0.76/0.22/0.00 | rhythm=0.72 | offbeat=0.64
match | accepted | confidence=0.96 | genre=HO:0.77 | bpm=121.0 | tracks=[JB3:0.67, JB5:0.65, JB1:0.63] | motion=gHO_sBM_cAll_d20_mHO5_ch10:0.64 | tags=[Electronic---Synth-pop, Electronic---Electro, Electronic---Deep Techno]
music | bpm=121.0 | speed=0.64x | amp=0.82 | rms/gate=0.2062/0.0020 | beat=1 accepted=1 conf=0.91 contrast=0.74 result=accepted | bright=0.08 | bands=0.67/0.33/0.00 | rhythm=0.72 | offbeat=0.62
match | accepted | confidence=0.97 | genre=HO:0.77 | bpm=121.0 | tracks=[JB3:0.66, JB5:0.65, JB1:0.63] | motion=gHO_sBM_cAll_d20_mHO5_ch10:0.64 | tags=[Electronic---Synth-pop, Electronic---Electro, Electronic---Deep Techno]
music | bpm=121.0 | speed=0.64x | amp=0.82 | rms/gate=0.1397/0.0020 | beat=1 accepted=1 conf=0.66 contrast=0.24 result=too-early | bright=0.11 | bands=0.70/0.27/0.01 | rhythm=0.69 | offbeat=0.60
match | accepted | confidence=0.97 | genre=HO:0.77 | bpm=121.0 | tracks=[JB3:0.66, JB5:0.65, JB1:0.63] | motion=gHO_sBM_cAll_d20_mHO5_ch10:0.64 | tags=[Electronic---Synth-pop, Electronic---Electro, Electronic---Deep Techno]
music | bpm=121.0 | speed=0.64x | amp=0.82 | rms/gate=0.1681/0.0020 | beat=1 accepted=1 conf=0.92 contrast=0.68 result=accepted | bright=0.11 | bands=0.66/0.32/0.00 | rhythm=0.72 | offbeat=0.59
match | accepted | confidence=0.97 | genre=HO:0.76 | bpm=121.0 | tracks=[JB3:0.66, JB5:0.65, JB1:0.63] | motion=gHO_sBM_cAll_d20_mHO5_ch10:0.64 | tags=[Electronic---Synth-pop, Electronic---Electro, Electronic---Deep Techno]
music | bpm=121.0 | speed=0.64x | amp=0.82 | rms/gate=0.1420/0.0020 | beat=1 accepted=1 conf=0.58 contrast=0.24 result=weak-overload-beat | bright=0.10 | bands=0.57/0.42/0.01 | rhythm=0.73 | offbeat=0.56
match | accepted | confidence=0.97 | genre=HO:0.76 | bpm=121.0 | tracks=[JB3:0.66, JB5:0.65, JB1:0.63] | motion=gHO_sBM_cAll_d20_mHO5_ch10:0.64 | tags=[Electronic---Synth-pop, Electronic---Electro, Electronic---Deep Techno]
music | bpm=121.0 | speed=0.64x | amp=0.82 | rms/gate=0.1026/0.0020 | beat=1 accepted=1 conf=1.00 contrast=0.44 result=too-early | bright=0.09 | bands=0.74/0.25/0.01 | rhythm=0.75 | offbeat=0.56
match | accepted | confidence=0.97 | genre=HO:0.76 | bpm=121.0 | tracks=[JB3:0.66, JB5:0.65, JB1:0.63] | motion=gHO_sBM_cAll_d20_mHO5_ch10:0.63 | tags=[Electronic---Synth-pop, Electronic---Electro, Electronic---Techno]
music | bpm=121.0 | speed=0.64x | amp=0.82 | rms/gate=0.1582/0.0020 | beat=1 accepted=0 conf=0.72 contrast=0.26 result=too-early | bright=0.11 | bands=0.79/0.20/0.01 | rhythm=0.76 | offbeat=0.56Grounded C:\Users\Eddie\Desktop\MusicRobot\realtime\humanoid_robot\data\aistpp_gmr\gPO_sBM_cAll_d10_mPO0_ch01.pkl with constant root Z offset +0.805141 m.
Grounded C:\Users\Eddie\Desktop\MusicRobot\realtime\humanoid_robot\data\aistpp_gmr\gPO_sBM_cAll_d11_mPO0_ch01.pkl with constant root Z offset +0.805499 m.
Grounded C:\Users\Eddie\Desktop\MusicRobot\realtime\humanoid_robot\data\aistpp_gmr\gPO_sBM_cAll_d11_mPO0_ch02.pkl with constant root Z offset +0.854044 m.
Grounded C:\Users\Eddie\Desktop\MusicRobot\realtime\humanoid_robot\data\aistpp_gmr\gPO_sBM_cAll_d10_mPO0_ch02.pkl with constant root Z offset +0.841879 m.
Grounded C:\Users\Eddie\Desktop\MusicRobot\realtime\humanoid_robot\data\aistpp_gmr\gPO_sBM_cAll_d12_mPO3_ch02.pkl with constant root Z offset +0.839105 m.
Grounded C:\Users\Eddie\Desktop\MusicRobot\realtime\humanoid_robot\data\aistpp_gmr\gPO_sBM_cAll_d12_mPO5_ch02.pkl with constant root Z offset +0.805854 m.
Grounded C:\Users\Eddie\Desktop\MusicRobot\realtime\humanoid_robot\data\aistpp_gmr\gPO_sBM_cAll_d12_mPO5_ch01.pkl with constant root Z offset +0.823898 m.
Grounded C:\Users\Eddie\Desktop\MusicRobot\realtime\humanoid_robot\data\aistpp_gmr\gHO_sBM_cAll_d20_mHO5_ch10.pkl with constant root Z offset +1.000147 m.
Grounded C:\Users\Eddie\Desktop\MusicRobot\realtime\humanoid_robot\data\aistpp_gmr\gHO_sBM_cAll_d21_mHO5_ch10.pkl with constant root Z offset +1.010818 m.
Grounded C:\Users\Eddie\Desktop\MusicRobot\realtime\humanoid_robot\data\aistpp_gmr\gHO_sBM_cAll_d20_mHO5_ch06.pkl with constant root Z offset +0.964589 m.
Grounded C:\Users\Eddie\Desktop\MusicRobot\realtime\humanoid_robot\data\aistpp_gmr\gHO_sBM_cAll_d21_mHO5_ch09.pkl with constant root Z offset +0.854375 m.
Grounded C:\Users\Eddie\Desktop\MusicRobot\realtime\humanoid_robot\data\aistpp_gmr\gHO_sBM_cAll_d21_mHO5_ch03.pkl with constant root Z offset +0.872148 m.

match | accepted | confidence=0.97 | genre=HO:0.77 | bpm=121.0 | tracks=[JB3:0.66, JB5:0.65, JB1:0.63] | motion=gHO_sBM_cAll_d20_mHO5_ch10:0.64 | tags=[Electronic---Synth-pop, Electronic---Electro, Electronic---Deep Techno]
music | bpm=121.0 | speed=0.64x | amp=0.82 | rms/gate=0.1730/0.0020 | beat=1 accepted=0 conf=0.96 contrast=0.32 result=weak-overload-beat | bright=0.11 | bands=0.81/0.17/0.00 | rhythm=0.76 | offbeat=0.59
match | accepted | confidence=0.97 | genre=HO:0.77 | bpm=121.0 | tracks=[JB3:0.66, JB5:0.65, JB1:0.63] | motion=gHO_sBM_cAll_d20_mHO5_ch10:0.64 | tags=[Electronic---Synth-pop, Electronic---Electro, Electronic---Tech House]
