Initial retarget source: GMR artifact
Using GMR Unitree G1 joint adapter (29 actuator names resolved).
Grounded C:\Users\Eddie\Desktop\MusicRobot\realtime\humanoid_robot\data\aistpp_gmr\gLO_sBM_cAll_d13_mLO2_ch02.pkl with constant root Z offset +0.836900 m.
Using realtime virtual microphone: C:\Users\Eddie\Desktop\MusicRobot\realtime\humanoid_robot\data\test_audio\chronos.mp3 (audio starts after 1.00s denoiser reset time; speaker output=off).
Initial motion: gLO_sBM_cAll_d13_mLO2_ch02
demo | bpm=-- | speed=1.00x | amp=0.00 | rms/gate=-- | beat=0 accepted=0 conf=0.00 contrast=0.00 result=none | bright=0.00 | bands=0.00/0.00/0.00 | rhythm=0.00 | offbeat=0.00
demo | bpm=-- | speed=1.00x | amp=0.00 | rms/gate=0.0000/0.0020 | beat=0 accepted=0 conf=0.00 contrast=0.00 result=none | bright=0.00 | bands=0.00/0.00/0.00 | rhythm=0.00 | offbeat=0.00
music | bpm=-- | speed=0.99x | amp=1.02 | rms/gate=0.0450/0.0020 | beat=1 accepted=1 conf=0.59 contrast=0.50 result=accepted | bright=0.06 | bands=0.39/0.58/0.00 | rhythm=0.18 | offbeat=0.00
music | bpm=-- | speed=0.81x | amp=1.06 | rms/gate=0.0705/0.0020 | beat=1 accepted=1 conf=0.59 contrast=0.50 result=accepted | bright=0.06 | bands=0.66/0.34/0.00 | rhythm=0.42 | offbeat=0.31
match | accepted | confidence=0.81 | genre=PO:0.78 | bpm=93.8 | tracks=[JB1:0.66, JB3:0.65, JB5:0.63] | motion=gPO_sBM_cAll_d10_mPO0_ch01:0.60 | tags=[Electronic---Electro, Electronic---Experimental, Electronic---Electroclash]
music | bpm=83.3 | speed=0.99x | amp=1.04 | rms/gate=0.0895/0.0020 | beat=1 accepted=1 conf=0.89 contrast=0.75 result=accepted | bright=0.08 | bands=0.23/0.74/0.00 | rhythm=0.58 | offbeat=0.40
match | accepted | confidence=0.79 | genre=PO:0.72 | bpm=96.2 | tracks=[JB3:0.70, JB1:0.69, JB5:0.68] | motion=gPO_sBM_cAll_d10_mPO0_ch01:0.58 | tags=[Electronic---Electro, Electronic---Electroclash, Electronic---Synthwave]
music | bpm=87.2 | speed=1.04x | amp=1.07 | rms/gate=0.1290/0.0020 | beat=1 accepted=0 conf=0.74 contrast=0.60 result=too-early | bright=0.07 | bands=0.45/0.55/0.00 | rhythm=0.65 | offbeat=0.41
match | accepted | confidence=0.72 | genre=PO:0.71 | bpm=96.2 | tracks=[JB3:0.71, JB1:0.69, JB5:0.69] | motion=gPO_sBM_cAll_d10_mPO0_ch01:0.57 | tags=[Electronic---Electro, Electronic---Electroclash, Electronic---Synthwave]
music | bpm=91.5 | speed=0.93x | amp=0.96 | rms/gate=0.3886/0.0020 | beat=1 accepted=1 conf=1.00 contrast=0.86 result=too-early | bright=0.06 | bands=0.49/0.51/0.00 | rhythm=0.75 | offbeat=0.45
match | accepted | confidence=0.93 | genre=PO:0.73 | bpm=96.2 | tracks=[JB3:0.70, JB1:0.70, JB5:0.70] | motion=gPO_sBM_cAll_d10_mPO0_ch01:0.59 | tags=[Electronic---Electro, Electronic---Synthwave, Electronic---Ambient]
music | bpm=150.0 | speed=1.10x | amp=0.94 | rms/gate=0.3160/0.0020 | beat=1 accepted=1 conf=0.43 contrast=0.75 result=too-early | bright=0.06 | bands=0.52/0.48/0.00 | rhythm=0.79 | offbeat=0.50
match | accepted | confidence=0.94 | genre=PO:0.73 | bpm=96.2 | tracks=[JB5:0.70, JB3:0.70, JB1:0.69] | motion=gPO_sBM_cAll_d10_mPO0_ch01:0.58 | tags=[Electronic---Electro, Electronic---Techno, Electronic---Synthwave]
music | bpm=197.4 | speed=1.30x | amp=0.96 | rms/gate=0.2455/0.0020 | beat=1 accepted=1 conf=0.46 contrast=0.77 result=too-early | bright=0.06 | bands=0.42/0.57/0.00 | rhythm=0.81 | offbeat=0.42
match | accepted | confidence=0.91 | genre=PO:0.73 | bpm=121.0 | tracks=[JB3:0.69, JB5:0.69, JB1:0.69] | motion=gPO_sBM_cAll_d10_mPO0_ch01:0.59 | tags=[Electronic---Techno, Electronic---Electro, Electronic---Ambient]
music | bpm=234.4 | speed=0.95x | amp=0.92 | rms/gate=0.3300/0.0020 | beat=1 accepted=1 conf=0.67 contrast=0.41 result=too-early | bright=0.06 | bands=0.54/0.44/0.00 | rhythm=0.91 | offbeat=0.48
match | accepted | confidence=0.92 | genre=PO:0.73 | bpm=121.0 | tracks=[JB3:0.69, JB5:0.68, JB1:0.68] | motion=gPO_sBM_cAll_d10_mPO0_ch01:0.59 | tags=[Electronic---Techno, Electronic---Electro, Electronic---EBM]
Switching (selected_exit, hermite): gLO_sBM_cAll_d13_mLO2_ch02 -> gPO_sBM_cAll_d10_mPO0_ch02 entry=0.2281 blend=0.350s
Motion switch complete: gPO_sBM_cAll_d10_mPO0_ch02
music | bpm=133.9 | speed=0.79x | amp=0.85 | rms/gate=0.1751/0.0020 | beat=1 accepted=1 conf=0.92 contrast=0.21 result=accepted | bright=0.06 | bands=0.77/0.22/0.00 | rhythm=0.98 | offbeat=0.50
match | accepted | confidence=0.87 | genre=PO:0.72 | bpm=121.0 | tracks=[JB3:0.68, JB5:0.68, JB1:0.67] | motion=gPO_sBM_cAll_d10_mPO0_ch01:0.59 | tags=[Electronic---Techno, Electronic---Electro, Electronic---EBM]
music | bpm=121.0 | speed=1.30x | amp=0.86 | rms/gate=0.2028/0.0020 | beat=1 accepted=1 conf=0.56 contrast=0.53 result=too-early | bright=0.07 | bands=0.67/0.32/0.00 | rhythm=0.99 | offbeat=0.50
match | accepted | confidence=0.56 | genre=HO:0.74 | bpm=121.0 | tracks=[JB3:0.68, JB5:0.68, JB1:0.67] | motion=gHO_sBM_cAll_d20_mHO5_ch10:0.67 | tags=[Electronic---Techno, Electronic---Electro, Electronic---EBM]
music | bpm=121.0 | speed=1.30x | amp=0.89 | rms/gate=0.2017/0.0020 | beat=1 accepted=1 conf=0.82 contrast=0.59 result=accepted | bright=0.07 | bands=0.75/0.24/0.00 | rhythm=0.98 | offbeat=0.50
match | accepted | confidence=0.95 | genre=HO:0.83 | bpm=121.0 | tracks=[JB3:0.68, JB5:0.67, JB1:0.66] | motion=gHO_sBM_cAll_d20_mHO5_ch10:0.67 | tags=[Electronic---Techno, Electronic---Electro, Electronic---Ambient]
music | bpm=121.0 | speed=0.92x | amp=0.92 | rms/gate=0.1816/0.0020 | beat=1 accepted=1 conf=1.00 contrast=0.82 result=accepted | bright=0.06 | bands=0.70/0.28/0.00 | rhythm=0.99 | offbeat=0.50
match | accepted | confidence=0.95 | genre=HO:0.85 | bpm=121.0 | tracks=[JB3:0.68, JB5:0.67, JB1:0.66] | motion=gHO_sBM_cAll_d20_mHO5_ch10:0.67 | tags=[Electronic---Techno, Electronic---Electro, Electronic---Ambient]
music | bpm=121.0 | speed=0.79x | amp=0.85 | rms/gate=0.2412/0.0020 | beat=1 accepted=1 conf=0.68 contrast=0.12 result=too-early | bright=0.06 | bands=0.75/0.25/0.00 | rhythm=0.98 | offbeat=0.50
match | accepted | confidence=0.95 | genre=HO:0.85 | bpm=121.0 | tracks=[JB3:0.67, JB5:0.67, JB1:0.66] | motion=gHO_sBM_cAll_d20_mHO5_ch10:0.67 | tags=[Electronic---Techno, Electronic---Electro, Electronic---Ambient]
music | bpm=121.0 | speed=0.75x | amp=0.83 | rms/gate=0.1964/0.0020 | beat=1 accepted=1 conf=0.84 contrast=0.15 result=too-early | bright=0.06 | bands=0.74/0.25/0.00 | rhythm=0.99 | offbeat=0.50
match | accepted | confidence=0.95 | genre=HO:0.85 | bpm=121.0 | tracks=[JB3:0.67, JB5:0.67, JB1:0.66] | motion=gHO_sBM_cAll_d20_mHO5_ch10:0.67 | tags=[Electronic---Techno, Electronic---Electro, Electronic---Deep Techno]
music | bpm=121.0 | speed=1.30x | amp=0.83 | rms/gate=0.1214/0.0020 | beat=1 accepted=1 conf=0.82 contrast=0.15 result=accepted | bright=0.07 | bands=0.70/0.29/0.00 | rhythm=0.99 | offbeat=0.50
match | accepted | confidence=0.95 | genre=HO:0.85 | bpm=121.0 | tracks=[JB3:0.68, JB5:0.67, JB1:0.66] | motion=gHO_sBM_cAll_d20_mHO5_ch10:0.67 | tags=[Electronic---Techno, Electronic---Electro, Electronic---Deep Techno]
music | bpm=121.0 | speed=0.98x | amp=0.89 | rms/gate=0.2255/0.0020 | beat=1 accepted=1 conf=0.94 contrast=0.06 result=accepted | bright=0.06 | bands=0.51/0.48/0.00 | rhythm=0.99 | offbeat=0.50
Switching (selected_exit, hermite): gPO_sBM_cAll_d10_mPO0_ch02 -> gPO_sBM_cAll_d11_mPO0_ch02 entry=0.1627 blend=0.350s
match | accepted | confidence=0.95 | genre=HO:0.85 | bpm=121.0 | tracks=[JB3:0.68, JB5:0.67, JB1:0.66] | motion=gHO_sBM_cAll_d20_mHO5_ch10:0.67 | tags=[Electronic---Techno, Electronic---Electro, Electronic---Deep Techno]
Motion switch complete: gPO_sBM_cAll_d11_mPO0_ch02
music | bpm=117.2 | speed=1.14x | amp=0.82 | rms/gate=0.1436/0.0020 | beat=1 accepted=1 conf=0.90 contrast=0.06 result=none | bright=0.07 | bands=0.71/0.28/0.00 | rhythm=0.99 | offbeat=0.50
match | accepted | confidence=0.96 | genre=HO:0.85 | bpm=121.0 | tracks=[JB3:0.68, JB5:0.67, JB1:0.66] | motion=gHO_sBM_cAll_d20_mHO5_ch10:0.66 | tags=[Electronic---Techno, Electronic---Electro, Electronic---Deep Techno]
music | bpm=117.2 | speed=0.73x | amp=0.86 | rms/gate=0.1528/0.0020 | beat=1 accepted=1 conf=0.67 contrast=0.21 result=too-early | bright=0.07 | bands=0.66/0.33/0.00 | rhythm=0.99 | offbeat=0.50
match | accepted | confidence=0.96 | genre=HO:0.85 | bpm=121.0 | tracks=[JB3:0.68, JB5:0.67, JB1:0.66] | motion=gHO_sBM_cAll_d20_mHO5_ch10:0.66 | tags=[Electronic---Techno, Electronic---Electro, Electronic---Deep Techno]
music | bpm=121.0 | speed=1.00x | amp=0.91 | rms/gate=0.1023/0.0020 | beat=1 accepted=1 conf=0.97 contrast=0.53 result=accepted | bright=0.07 | bands=0.77/0.22/0.00 | rhythm=1.00 | offbeat=0.50
match | accepted | confidence=0.96 | genre=HO:0.85 | bpm=121.0 | tracks=[JB3:0.68, JB5:0.67, JB1:0.66] | motion=gHO_sBM_cAll_d20_mHO5_ch10:0.66 | tags=[Electronic---Techno, Electronic---Electro, Electronic---Deep Techno]
music | bpm=121.0 | speed=1.10x | amp=0.88 | rms/gate=0.1620/0.0020 | beat=1 accepted=1 conf=0.68 contrast=0.59 result=accepted | bright=0.08 | bands=0.61/0.38/0.00 | rhythm=0.98 | offbeat=0.50
match | accepted | confidence=0.96 | genre=HO:0.86 | bpm=121.0 | tracks=[JB3:0.68, JB5:0.67, JB1:0.65] | motion=gHO_sBM_cAll_d20_mHO5_ch10:0.66 | tags=[Electronic---Techno, Electronic---Electro, Electronic---Deep Techno]
music | bpm=121.0 | speed=0.89x | amp=0.81 | rms/gate=0.1639/0.0020 | beat=1 accepted=0 conf=0.91 contrast=0.91 result=too-early | bright=0.07 | bands=0.86/0.13/0.00 | rhythm=0.99 | offbeat=0.50
match | accepted | confidence=0.96 | genre=HO:0.86 | bpm=121.0 | tracks=[JB3:0.68, JB5:0.67, JB1:0.65] | motion=gHO_sBM_cAll_d20_mHO5_ch10:0.66 | tags=[Electronic---Techno, Electronic---Electro, Electronic---Deep Techno]
music | bpm=121.0 | speed=0.70x | amp=0.79 | rms/gate=0.1306/0.0020 | beat=1 accepted=1 conf=0.83 contrast=0.82 result=accepted | bright=0.07 | bands=0.70/0.29/0.00 | rhythm=0.99 | offbeat=0.50
match | accepted | confidence=0.96 | genre=HO:0.86 | bpm=121.0 | tracks=[JB3:0.68, JB5:0.67, JB1:0.65] | motion=gHO_sBM_cAll_d20_mHO5_ch10:0.66 | tags=[Electronic---Techno, Electronic---Electro, Electronic---Deep Techno]
music | bpm=121.0 | speed=1.05x | amp=0.85 | rms/gate=0.2402/0.0020 | beat=1 accepted=1 conf=0.67 contrast=0.03 result=too-early | bright=0.08 | bands=0.64/0.35/0.00 | rhythm=0.99 | offbeat=0.50
match | accepted | confidence=0.96 | genre=HO:0.87 | bpm=121.0 | tracks=[JB3:0.68, JB5:0.67, JB1:0.65] | motion=gHO_sBM_cAll_d20_mHO5_ch10:0.66 | tags=[Electronic---Techno, Electronic---Electro, Electronic---Deep Techno]
music | bpm=125.0 | speed=1.26x | amp=0.86 | rms/gate=0.1649/0.0020 | beat=1 accepted=1 conf=0.75 contrast=0.38 result=too-early | bright=0.08 | bands=0.59/0.40/0.00 | rhythm=0.99 | offbeat=0.50
music | bpm=133.9 | speed=0.88x | amp=0.87 | rms/gate=0.2748/0.0020 | beat=1 accepted=1 conf=0.73 contrast=0.97 result=accepted | bright=0.13 | bands=0.42/0.57/0.01 | rhythm=0.99 | offbeat=0.50
match | accepted | confidence=0.95 | genre=HO:0.87 | bpm=121.0 | tracks=[JB3:0.67, JB5:0.67, JB1:0.65] | motion=gHO_sBM_cAll_d20_mHO5_ch10:0.67 | tags=[Electronic---Techno, Electronic---Electro, Electronic---Deep Techno]
match | accepted | confidence=0.95 | genre=HO:0.87 | bpm=121.0 | tracks=[JB3:0.68, JB5:0.67, JB1:0.65] | motion=gHO_sBM_cAll_d20_mHO5_ch10:0.67 | tags=[Electronic---Techno, Electronic---Electro, Electronic---Deep Techno]
music | bpm=208.3 | speed=0.89x | amp=0.92 | rms/gate=0.2580/0.0020 | beat=1 accepted=1 conf=1.00 contrast=0.94 result=too-early | bright=0.12 | bands=0.42/0.56/0.01 | rhythm=0.97 | offbeat=0.47
music | bpm=234.4 | speed=0.86x | amp=0.86 | rms/gate=0.2394/0.0020 | beat=1 accepted=0 conf=0.85 contrast=0.50 result=too-early | bright=0.13 | bands=0.55/0.42/0.02 | rhythm=0.96 | offbeat=0.50
match | accepted | confidence=0.95 | genre=HO:0.86 | bpm=121.0 | tracks=[JB3:0.68, JB5:0.67, JB1:0.65] | motion=gHO_sBM_cAll_d20_mHO5_ch10:0.66 | tags=[Electronic---Techno, Electronic---Electro, Electronic---Deep Techno]
Warning: terminal hold: Candidates and replay infeasible: No feasible Hermite duration in the search interval
music | bpm=121.0 | speed=0.86x | amp=0.92 | rms/gate=0.3276/0.0020 | beat=1 accepted=0 conf=1.00 contrast=0.21 result=too-early | bright=0.11 | bands=0.68/0.31/0.01 | rhythm=0.94 | offbeat=0.50
match | accepted | confidence=0.95 | genre=HO:0.86 | bpm=121.0 | tracks=[JB3:0.68, JB5:0.67, JB1:0.65] | motion=gHO_sBM_cAll_d20_mHO5_ch10:0.66 | tags=[Electronic---Techno, Electronic---Electro, Electronic---Deep Techno]
music | bpm=121.0 | speed=0.86x | amp=0.92 | rms/gate=0.2781/0.0020 | beat=1 accepted=1 conf=0.57 contrast=0.35 result=accepted | bright=0.12 | bands=0.72/0.27/0.00 | rhythm=0.91 | offbeat=0.42
match | accepted | confidence=0.96 | genre=HO:0.86 | bpm=121.0 | tracks=[JB3:0.68, JB5:0.67, JB1:0.65] | motion=gHO_sBM_cAll_d20_mHO5_ch10:0.66 | tags=[Electronic---Techno, Electronic---Electro, Electronic---Deep Techno]
music | bpm=121.0 | speed=0.86x | amp=0.92 | rms/gate=0.3246/0.0020 | beat=1 accepted=1 conf=0.91 contrast=0.21 result=accepted | bright=0.11 | bands=0.54/0.45/0.00 | rhythm=0.86 | offbeat=0.39
match | accepted | confidence=0.96 | genre=HO:0.85 | bpm=121.0 | tracks=[JB3:0.68, JB5:0.67, JB1:0.65] | motion=gHO_sBM_cAll_d20_mHO5_ch10:0.66 | tags=[Electronic---Techno, Electronic---Electro, Electronic---Deep Techno]
music | bpm=121.0 | speed=0.86x | amp=0.92 | rms/gate=0.2076/0.0020 | beat=1 accepted=1 conf=0.86 contrast=0.32 result=accepted | bright=0.12 | bands=0.60/0.38/0.01 | rhythm=0.83 | offbeat=0.40
match | accepted | confidence=0.97 | genre=HO:0.85 | bpm=121.0 | tracks=[JB3:0.68, JB5:0.67, JB1:0.64] | motion=gHO_sBM_cAll_d20_mHO5_ch10:0.66 | tags=[Electronic---Techno, Electronic---Electro, Electronic---Deep Techno]
music | bpm=121.0 | speed=0.86x | amp=0.92 | rms/gate=0.2956/0.0020 | beat=1 accepted=1 conf=0.94 contrast=0.26 result=accepted | bright=0.13 | bands=0.47/0.52/0.01 | rhythm=0.80 | offbeat=0.48
match | accepted | confidence=0.98 | genre=HO:0.85 | bpm=121.0 | tracks=[JB3:0.68, JB5:0.66, JB1:0.63] | motion=gHO_sBM_cAll_d20_mHO5_ch10:0.66 | tags=[Electronic---Electro, Electronic---Techno, Electronic---Deep Techno]
music | bpm=121.0 | speed=0.86x | amp=0.92 | rms/gate=0.1962/0.0020 | beat=1 accepted=1 conf=0.91 contrast=0.24 result=accepted | bright=0.15 | bands=0.45/0.53/0.01 | rhythm=0.79 | offbeat=0.49
match | accepted | confidence=0.98 | genre=HO:0.85 | bpm=121.0 | tracks=[JB3:0.67, JB5:0.66, JB1:0.63] | motion=gHO_sBM_cAll_d20_mHO5_ch10:0.66 | tags=[Electronic---Electro, Electronic---Techno, Electronic---Deep Techno]
music | bpm=121.0 | speed=0.86x | amp=0.92 | rms/gate=0.2007/0.0020 | beat=1 accepted=1 conf=0.83 contrast=0.21 result=accepted | bright=0.12 | bands=0.39/0.60/0.00 | rhythm=0.79 | offbeat=0.46
match | accepted | confidence=0.98 | genre=HO:0.85 | bpm=121.0 | tracks=[JB3:0.67, JB5:0.66, JB1:0.63] | motion=gHO_sBM_cAll_d20_mHO5_ch10:0.65 | tags=[Electronic---Electro, Electronic---Techno, Electronic---Deep Techno]
music | bpm=121.0 | speed=0.86x | amp=0.92 | rms/gate=0.2067/0.0020 | beat=1 accepted=1 conf=0.87 contrast=0.26 result=accepted | bright=0.13 | bands=0.42/0.57/0.01 | rhythm=0.79 | offbeat=0.43
match | accepted | confidence=0.98 | genre=HO:0.85 | bpm=121.0 | tracks=[JB3:0.68, JB5:0.66, JB1:0.63] | motion=gHO_sBM_cAll_d20_mHO5_ch10:0.65 | tags=[Electronic---Techno, Electronic---Electro, Electronic---Deep Techno]
music | bpm=121.0 | speed=0.86x | amp=0.92 | rms/gate=0.2701/0.0020 | beat=1 accepted=1 conf=0.93 contrast=0.35 result=too-early | bright=0.11 | bands=0.72/0.26/0.01 | rhythm=0.79 | offbeat=0.44
match | accepted | confidence=0.98 | genre=HO:0.84 | bpm=121.0 | tracks=[JB3:0.68, JB5:0.66, JB1:0.63] | motion=gHO_sBM_cAll_d20_mHO5_ch10:0.65 | tags=[Electronic---Electro, Electronic---Techno, Electronic---Deep Techno]
music | bpm=121.0 | speed=0.86x | amp=0.92 | rms/gate=0.1702/0.0020 | beat=1 accepted=1 conf=0.84 contrast=0.38 result=too-early | bright=0.12 | bands=0.61/0.38/0.00 | rhythm=0.79 | offbeat=0.41
match | accepted | confidence=0.98 | genre=HO:0.84 | bpm=121.0 | tracks=[JB3:0.68, JB5:0.66, JB1:0.64] | motion=gHO_sBM_cAll_d20_mHO5_ch10:0.65 | tags=[Electronic---Electro, Electronic---Techno, Electronic---Deep Techno]
music | bpm=121.0 | speed=0.86x | amp=0.92 | rms/gate=0.1880/0.0020 | beat=1 accepted=1 conf=0.76 contrast=0.15 result=too-early | bright=0.11 | bands=0.47/0.52/0.00 | rhythm=0.81 | offbeat=0.43
match | accepted | confidence=0.98 | genre=HO:0.84 | bpm=121.0 | tracks=[JB3:0.68, JB5:0.66, JB1:0.63] | motion=gHO_sBM_cAll_d20_mHO5_ch10:0.65 | tags=[Electronic---Electro, Electronic---Techno, Electronic---Deep Techno]
music | bpm=121.0 | speed=0.86x | amp=0.92 | rms/gate=0.1736/0.0020 | beat=1 accepted=1 conf=0.91 contrast=0.50 result=too-early | bright=0.13 | bands=0.59/0.40/0.01 | rhythm=0.82 | offbeat=0.43
match | accepted | confidence=0.98 | genre=HO:0.83 | bpm=121.0 | tracks=[JB3:0.68, JB5:0.66, JB1:0.63] | motion=gHO_sBM_cAll_d20_mHO5_ch10:0.65 | tags=[Electronic---Electro, Electronic---Techno, Electronic---Deep Techno]
music | bpm=121.0 | speed=0.86x | amp=0.92 | rms/gate=0.2658/0.0020 | beat=1 accepted=1 conf=0.66 contrast=0.15 result=weak-overload-beat | bright=0.12 | bands=0.61/0.37/0.01 | rhythm=0.84 | offbeat=0.46
match | accepted | confidence=0.98 | genre=HO:0.83 | bpm=121.0 | tracks=[JB3:0.68, JB5:0.66, JB1:0.63] | motion=gHO_sBM_cAll_d20_mHO5_ch10:0.65 | tags=[Electronic---Electro, Electronic---Techno, Electronic---Synth-pop]
music | bpm=121.0 | speed=0.86x | amp=0.92 | rms/gate=0.1756/0.0020 | beat=1 accepted=1 conf=0.95 contrast=0.24 result=too-early | bright=0.13 | bands=0.42/0.57/0.01 | rhythm=0.84 | offbeat=0.44
match | accepted | confidence=0.98 | genre=HO:0.82 | bpm=121.0 | tracks=[JB3:0.67, JB5:0.65, JB1:0.63] | motion=gHO_sBM_cAll_d20_mHO5_ch10:0.64 | tags=[Electronic---Electro, Electronic---Techno, Electronic---Synth-pop]
music | bpm=121.0 | speed=0.86x | amp=0.92 | rms/gate=0.1950/0.0020 | beat=1 accepted=0 conf=0.77 contrast=0.35 result=too-early | bright=0.11 | bands=0.40/0.59/0.00 | rhythm=0.84 | offbeat=0.44
match | accepted | confidence=0.97 | genre=HO:0.81 | bpm=121.0 | tracks=[JB3:0.68, JB5:0.65, JB1:0.63] | motion=gHO_sBM_cAll_d20_mHO5_ch10:0.64 | tags=[Electronic---Electro, Electronic---Techno, Electronic---Synth-pop]
music | bpm=121.0 | speed=0.86x | amp=0.92 | rms/gate=0.1771/0.0020 | beat=1 accepted=0 conf=0.84 contrast=0.21 result=weak-overload-beat | bright=0.12 | bands=0.38/0.61/0.01 | rhythm=0.83 | offbeat=0.44
match | accepted | confidence=0.96 | genre=HO:0.82 | bpm=121.0 | tracks=[JB3:0.67, JB5:0.66, JB1:0.64] | motion=gHO_sBM_cAll_d20_mHO5_ch10:0.64 | tags=[Electronic---Electro, Electronic---Techno, Electronic---Deep Techno]
music | bpm=121.0 | speed=0.86x | amp=0.92 | rms/gate=0.1781/0.0020 | beat=1 accepted=1 conf=0.88 contrast=0.09 result=accepted | bright=0.12 | bands=0.45/0.53/0.01 | rhythm=0.81 | offbeat=0.43
match | accepted | confidence=0.96 | genre=HO:0.81 | bpm=121.0 | tracks=[JB3:0.67, JB5:0.66, JB1:0.64] | motion=gHO_sBM_cAll_d20_mHO5_ch10:0.65 | tags=[Electronic---Electro, Electronic---Techno, Electronic---Deep Techno]
music | bpm=121.0 | speed=0.86x | amp=0.92 | rms/gate=0.3111/0.0020 | beat=1 accepted=1 conf=0.86 contrast=0.56 result=accepted | bright=0.10 | bands=0.48/0.51/0.00 | rhythm=0.80 | offbeat=0.45
match | accepted | confidence=0.98 | genre=HO:0.81 | bpm=121.0 | tracks=[JB3:0.67, JB5:0.66, JB1:0.63] | motion=gHO_sBM_cAll_d20_mHO5_ch10:0.64 | tags=[Electronic---Electro, Electronic---Deep Techno, Electronic---Techno]
music | bpm=121.0 | speed=0.86x | amp=0.92 | rms/gate=0.2892/0.0020 | beat=1 accepted=1 conf=0.78 contrast=0.53 result=accepted | bright=0.09 | bands=0.46/0.54/0.00 | rhythm=0.81 | offbeat=0.49
match | accepted | confidence=0.98 | genre=HO:0.81 | bpm=121.0 | tracks=[JB3:0.67, JB5:0.66, JB1:0.63] | motion=gHO_sBM_cAll_d20_mHO5_ch10:0.64 | tags=[Electronic---Deep Techno, Electronic---Electro, Electronic---Techno]
music | bpm=121.0 | speed=0.86x | amp=0.92 | rms/gate=0.2892/0.0020 | beat=1 accepted=1 conf=0.89 contrast=0.65 result=accepted | bright=0.10 | bands=0.38/0.62/0.00 | rhythm=0.79 | offbeat=0.47
match | accepted | confidence=0.95 | genre=HO:0.81 | bpm=121.0 | tracks=[JB3:0.67, JB5:0.65, JB1:0.63] | motion=gHO_sBM_cAll_d20_mHO5_ch10:0.65 | tags=[Electronic---Electro, Electronic---Deep Techno, Electronic---Techno]
music | bpm=121.0 | speed=0.86x | amp=0.92 | rms/gate=0.2775/0.0020 | beat=1 accepted=1 conf=0.99 contrast=0.24 result=accepted | bright=0.10 | bands=0.59/0.40/0.01 | rhythm=0.82 | offbeat=0.48
match | accepted | confidence=0.95 | genre=HO:0.80 | bpm=121.0 | tracks=[JB3:0.67, JB5:0.65, JB1:0.63] | motion=gHO_sBM_cAll_d20_mHO5_ch10:0.64 | tags=[Electronic---Electro, Electronic---Synth-pop, Electronic---Techno]
music | bpm=121.0 | speed=0.86x | amp=0.92 | rms/gate=0.2175/0.0020 | beat=1 accepted=1 conf=0.58 contrast=0.35 result=accepted | bright=0.10 | bands=0.57/0.42/0.00 | rhythm=0.80 | offbeat=0.44
match | accepted | confidence=0.96 | genre=HO:0.79 | bpm=121.0 | tracks=[JB3:0.67, JB5:0.65, JB1:0.63] | motion=gHO_sBM_cAll_d20_mHO5_ch10:0.64 | tags=[Electronic---Electro, Electronic---Synth-pop, Electronic---Deep Techno]
music | bpm=121.0 | speed=0.86x | amp=0.92 | rms/gate=0.2311/0.0020 | beat=1 accepted=1 conf=0.95 contrast=0.38 result=accepted | bright=0.09 | bands=0.80/0.19/0.00 | rhythm=0.78 | offbeat=0.42
match | accepted | confidence=0.96 | genre=HO:0.79 | bpm=121.0 | tracks=[JB3:0.67, JB5:0.65, JB1:0.63] | motion=gHO_sBM_cAll_d20_mHO5_ch10:0.64 | tags=[Electronic---Electro, Electronic---Synth-pop, Electronic---Deep Techno]
music | bpm=121.0 | speed=0.86x | amp=0.92 | rms/gate=0.1505/0.0020 | beat=1 accepted=1 conf=0.91 contrast=0.53 result=too-early | bright=0.11 | bands=0.47/0.52/0.01 | rhythm=0.76 | offbeat=0.36
match | accepted | confidence=0.96 | genre=HO:0.78 | bpm=121.0 | tracks=[JB3:0.67, JB5:0.65, JB1:0.63] | motion=gHO_sBM_cAll_d20_mHO5_ch10:0.64 | tags=[Electronic---Electro, Electronic---Synth-pop, Electronic---Deep Techno]
music | bpm=121.0 | speed=0.86x | amp=0.92 | rms/gate=0.2676/0.0020 | beat=1 accepted=1 conf=0.63 contrast=0.21 result=too-early | bright=0.10 | bands=0.78/0.21/0.01 | rhythm=0.73 | offbeat=0.38
match | accepted | confidence=0.96 | genre=HO:0.77 | bpm=121.0 | tracks=[JB3:0.67, JB5:0.65, JB1:0.63] | motion=gHO_sBM_cAll_d20_mHO5_ch10:0.64 | tags=[Electronic---Synth-pop, Electronic---Electro, Electronic---Deep Techno]
music | bpm=121.0 | speed=0.86x | amp=0.92 | rms/gate=0.2887/0.0020 | beat=1 accepted=1 conf=0.83 contrast=0.47 result=too-early | bright=0.11 | bands=0.57/0.43/0.00 | rhythm=0.72 | offbeat=0.38
match | accepted | confidence=0.97 | genre=HO:0.77 | bpm=121.0 | tracks=[JB3:0.66, JB5:0.65, JB1:0.63] | motion=gHO_sBM_cAll_d20_mHO5_ch10:0.64 | tags=[Electronic---Synth-pop, Electronic---Electro, Electronic---Deep Techno]
music | bpm=121.0 | speed=0.86x | amp=0.92 | rms/gate=0.1328/0.0020 | beat=1 accepted=1 conf=0.85 contrast=0.94 result=too-early | bright=0.12 | bands=0.42/0.56/0.01 | rhythm=0.70 | offbeat=0.41
match | accepted | confidence=0.97 | genre=HO:0.77 | bpm=121.0 | tracks=[JB3:0.66, JB5:0.65, JB1:0.63] | motion=gHO_sBM_cAll_d20_mHO5_ch10:0.64 | tags=[Electronic---Synth-pop, Electronic---Electro, Electronic---Deep Techno]
music | bpm=121.0 | speed=0.86x | amp=0.92 | rms/gate=0.1477/0.0020 | beat=1 accepted=1 conf=0.91 contrast=0.88 result=too-early | bright=0.12 | bands=0.32/0.65/0.01 | rhythm=0.72 | offbeat=0.46
match | accepted | confidence=0.97 | genre=HO:0.76 | bpm=121.0 | tracks=[JB3:0.66, JB5:0.65, JB1:0.63] | motion=gHO_sBM_cAll_d20_mHO5_ch10:0.64 | tags=[Electronic---Synth-pop, Electronic---Electro, Electronic---Deep Techno]
music | bpm=121.0 | speed=0.86x | amp=0.92 | rms/gate=0.1916/0.0020 | beat=1 accepted=1 conf=1.00 contrast=0.94 result=too-early | bright=0.10 | bands=0.51/0.48/0.00 | rhythm=0.71 | offbeat=0.53
match | accepted | confidence=0.97 | genre=HO:0.76 | bpm=121.0 | tracks=[JB3:0.66, JB5:0.65, JB1:0.63] | motion=gHO_sBM_cAll_d20_mHO5_ch10:0.64 | tags=[Electronic---Synth-pop, Electronic---Electro, Electronic---Deep Techno]
music | bpm=121.0 | speed=0.86x | amp=0.92 | rms/gate=0.1078/0.0020 | beat=1 accepted=0 conf=0.68 contrast=0.82 result=too-early | bright=0.11 | bands=0.46/0.54/0.00 | rhythm=0.74 | offbeat=0.58
match | accepted | confidence=0.97 | genre=HO:0.76 | bpm=121.0 | tracks=[JB3:0.66, JB5:0.65, JB1:0.63] | motion=gHO_sBM_cAll_d20_mHO5_ch10:0.63 | tags=[Electronic---Synth-pop, Electronic---Electro, Electronic---Techno]
music | bpm=121.0 | speed=0.86x | amp=0.92 | rms/gate=0.1329/0.0020 | beat=1 accepted=1 conf=1.00 contrast=0.97 result=accepted | bright=0.10 | bands=0.59/0.39/0.01 | rhythm=0.75 | offbeat=0.56Grounded C:\Users\Eddie\Desktop\MusicRobot\realtime\humanoid_robot\data\aistpp_gmr\gPO_sBM_cAll_d10_mPO0_ch01.pkl with constant root Z offset +0.805141 m.
Grounded C:\Users\Eddie\Desktop\MusicRobot\realtime\humanoid_robot\data\aistpp_gmr\gPO_sBM_cAll_d11_mPO0_ch01.pkl with constant root Z offset +0.805499 m.
Grounded C:\Users\Eddie\Desktop\MusicRobot\realtime\humanoid_robot\data\aistpp_gmr\gPO_sBM_cAll_d11_mPO0_ch02.pkl with constant root Z offset +0.854044 m.
Grounded C:\Users\Eddie\Desktop\MusicRobot\realtime\humanoid_robot\data\aistpp_gmr\gPO_sBM_cAll_d10_mPO0_ch02.pkl with constant root Z offset +0.841879 m.
Grounded C:\Users\Eddie\Desktop\MusicRobot\realtime\humanoid_robot\data\aistpp_gmr\gPO_sBM_cAll_d12_mPO3_ch02.pkl with constant root Z offset +0.839105 m.
Grounded C:\Users\Eddie\Desktop\MusicRobot\realtime\humanoid_robot\data\aistpp_gmr\gPO_sBM_cAll_d12_mPO5_ch02.pkl with constant root Z offset +0.805854 m.
Grounded C:\Users\Eddie\Desktop\MusicRobot\realtime\humanoid_robot\data\aistpp_gmr\gPO_sBM_cAll_d12_mPO5_ch01.pkl with constant root Z offset +0.823898 m.
Grounded C:\Users\Eddie\Desktop\MusicRobot\realtime\humanoid_robot\data\aistpp_gmr\gHO_sBM_cAll_d20_mHO5_ch10.pkl with constant root Z offset +1.000147 m.
Grounded C:\Users\Eddie\Desktop\MusicRobot\realtime\humanoid_robot\data\aistpp_gmr\gHO_sBM_cAll_d21_mHO5_ch10.pkl with constant root Z offset +1.010818 m.
Grounded C:\Users\Eddie\Desktop\MusicRobot\realtime\humanoid_robot\data\aistpp_gmr\gHO_sBM_cAll_d20_mHO5_ch06.pkl with constant root Z offset +0.964589 m.
Grounded C:\Users\Eddie\Desktop\MusicRobot\realtime\humanoid_robot\data\aistpp_gmr\gHO_sBM_cAll_d21_mHO5_ch09.pkl with constant root Z offset +0.854375 m.
Grounded C:\Users\Eddie\Desktop\MusicRobot\realtime\humanoid_robot\data\aistpp_gmr\gHO_sBM_cAll_d21_mHO5_ch03.pkl with constant root Z offset +0.872148 m.

match | accepted | confidence=0.97 | genre=HO:0.77 | bpm=121.0 | tracks=[JB3:0.66, JB5:0.65, JB1:0.63] | motion=gHO_sBM_cAll_d20_mHO5_ch10:0.64 | tags=[Electronic---Synth-pop, Electronic---Electro, Electronic---Deep Techno]
music | bpm=121.0 | speed=0.86x | amp=0.92 | rms/gate=0.2052/0.0020 | beat=1 accepted=1 conf=1.00 contrast=0.79 result=too-early | bright=0.10 | bands=0.68/0.30/0.00 | rhythm=0.76 | offbeat=0.59
match | accepted | confidence=0.97 | genre=HO:0.77 | bpm=121.0 | tracks=[JB3:0.66, JB5:0.65, JB1:0.63] | motion=gHO_sBM_cAll_d20_mHO5_ch10:0.64 | tags=[Electronic---Synth-pop, Electronic---Electro, Electronic---Tech House]
