Initial retarget source: GMR artifact
Using GMR Unitree G1 joint adapter (29 actuator names resolved).
Grounded C:\Users\Eddie\Desktop\MusicRobot\realtime\humanoid_robot\data\aistpp_gmr\gLO_sBM_cAll_d13_mLO2_ch02.pkl with constant root Z offset +0.836900 m.
Using realtime virtual microphone: C:\Users\Eddie\Desktop\MusicRobot\realtime\humanoid_robot\data\test_audio\chronos.mp3 (audio starts after 1.00s denoiser reset time; speaker output=off).
Initial motion: gLO_sBM_cAll_d13_mLO2_ch02
demo | bpm=-- | speed=1.00x | amp=0.00 | rms/gate=-- | beat=0 accepted=0 conf=0.00 contrast=0.00 result=none | bright=0.00 | bands=0.00/0.00/0.00 | rhythm=0.00 | offbeat=0.00
demo | bpm=-- | speed=1.00x | amp=0.00 | rms/gate=0.0000/0.0020 | beat=0 accepted=0 conf=0.00 contrast=0.00 result=none | bright=0.00 | bands=0.00/0.00/0.00 | rhythm=0.00 | offbeat=0.00
music | bpm=-- | speed=0.96x | amp=1.03 | rms/gate=0.0450/0.0020 | beat=1 accepted=1 conf=0.59 contrast=0.50 result=accepted | bright=0.06 | bands=0.39/0.57/0.00 | rhythm=0.17 | offbeat=0.00
music | bpm=-- | speed=1.00x | amp=1.06 | rms/gate=0.0737/0.0020 | beat=0 accepted=0 conf=0.00 contrast=0.00 result=accepted | bright=0.06 | bands=0.64/0.36/0.00 | rhythm=0.40 | offbeat=0.00
match | accepted | confidence=0.81 | genre=PO:0.78 | bpm=93.8 | tracks=[JB1:0.66, JB3:0.65, JB5:0.63] | motion=gPO_sBM_cAll_d10_mPO0_ch01:0.60 | tags=[Electronic---Electro, Electronic---Experimental, Electronic---Electroclash]
music | bpm=-- | speed=0.55x | amp=1.05 | rms/gate=0.0837/0.0020 | beat=1 accepted=1 conf=0.65 contrast=0.50 result=accepted | bright=0.07 | bands=0.21/0.77/0.00 | rhythm=0.59 | offbeat=0.44
match | accepted | confidence=0.79 | genre=PO:0.72 | bpm=96.2 | tracks=[JB3:0.70, JB1:0.69, JB5:0.68] | motion=gPO_sBM_cAll_d10_mPO0_ch01:0.58 | tags=[Electronic---Electro, Electronic---Electroclash, Electronic---Synthwave]
music | bpm=-- | speed=0.55x | amp=1.11 | rms/gate=0.1287/0.0020 | beat=1 accepted=1 conf=0.63 contrast=0.50 result=accepted | bright=0.06 | bands=0.43/0.57/0.00 | rhythm=0.64 | offbeat=0.45
match | accepted | confidence=0.72 | genre=PO:0.71 | bpm=96.2 | tracks=[JB3:0.71, JB1:0.69, JB5:0.69] | motion=gPO_sBM_cAll_d10_mPO0_ch01:0.57 | tags=[Electronic---Electro, Electronic---Electroclash, Electronic---Synthwave]
music | bpm=59.1 | speed=0.55x | amp=0.95 | rms/gate=0.2057/0.0020 | beat=1 accepted=1 conf=0.64 contrast=0.90 result=too-early | bright=0.06 | bands=0.44/0.55/0.00 | rhythm=0.75 | offbeat=0.49
match | accepted | confidence=0.93 | genre=PO:0.73 | bpm=96.2 | tracks=[JB3:0.70, JB1:0.70, JB5:0.70] | motion=gPO_sBM_cAll_d10_mPO0_ch01:0.59 | tags=[Electronic---Electro, Electronic---Synthwave, Electronic---Ambient]
music | bpm=60.5 | speed=0.55x | amp=0.90 | rms/gate=0.2377/0.0020 | beat=1 accepted=1 conf=0.84 contrast=0.92 result=accepted | bright=0.06 | bands=0.46/0.54/0.00 | rhythm=0.79 | offbeat=0.50
match | accepted | confidence=0.94 | genre=PO:0.73 | bpm=96.2 | tracks=[JB5:0.70, JB3:0.70, JB1:0.69] | motion=gPO_sBM_cAll_d10_mPO0_ch01:0.58 | tags=[Electronic---Electro, Electronic---Techno, Electronic---Synthwave]
music | bpm=85.2 | speed=0.55x | amp=0.92 | rms/gate=0.1827/0.0020 | beat=1 accepted=1 conf=0.70 contrast=0.56 result=accepted | bright=0.06 | bands=0.42/0.58/0.00 | rhythm=0.82 | offbeat=0.51
match | accepted | confidence=0.91 | genre=PO:0.73 | bpm=121.0 | tracks=[JB3:0.69, JB5:0.69, JB1:0.69] | motion=gPO_sBM_cAll_d10_mPO0_ch01:0.59 | tags=[Electronic---Techno, Electronic---Electro, Electronic---Ambient]
music | bpm=117.2 | speed=1.30x | amp=0.89 | rms/gate=0.1826/0.0020 | beat=1 accepted=1 conf=0.95 contrast=0.55 result=accepted | bright=0.07 | bands=0.45/0.54/0.00 | rhythm=0.91 | offbeat=0.49
match | accepted | confidence=0.92 | genre=PO:0.73 | bpm=121.0 | tracks=[JB3:0.69, JB5:0.68, JB1:0.68] | motion=gPO_sBM_cAll_d10_mPO0_ch01:0.59 | tags=[Electronic---Techno, Electronic---Electro, Electronic---EBM]
music | bpm=121.0 | speed=1.30x | amp=0.78 | rms/gate=0.1349/0.0020 | beat=1 accepted=0 conf=0.62 contrast=0.29 result=weak-overload-beat | bright=0.07 | bands=0.78/0.21/0.00 | rhythm=0.99 | offbeat=0.50
match | accepted | confidence=0.87 | genre=PO:0.72 | bpm=121.0 | tracks=[JB3:0.68, JB5:0.68, JB1:0.67] | motion=gPO_sBM_cAll_d10_mPO0_ch01:0.59 | tags=[Electronic---Techno, Electronic---Electro, Electronic---EBM]
Switching (selected_exit, hermite): gLO_sBM_cAll_d13_mLO2_ch02 -> gPO_sBM_cAll_d10_mPO0_ch02 entry=0.2281 blend=0.350s
music | bpm=121.0 | speed=0.80x | amp=0.87 | rms/gate=0.1988/0.0020 | beat=1 accepted=1 conf=0.97 contrast=0.32 result=too-early | bright=0.08 | bands=0.60/0.39/0.00 | rhythm=0.98 | offbeat=0.50
Motion switch complete: gPO_sBM_cAll_d10_mPO0_ch02
match | accepted | confidence=0.56 | genre=HO:0.74 | bpm=121.0 | tracks=[JB3:0.68, JB5:0.68, JB1:0.67] | motion=gHO_sBM_cAll_d20_mHO5_ch10:0.67 | tags=[Electronic---Techno, Electronic---Electro, Electronic---EBM]
music | bpm=121.0 | speed=0.66x | amp=0.83 | rms/gate=0.1673/0.0020 | beat=1 accepted=1 conf=0.71 contrast=0.44 result=accepted | bright=0.10 | bands=0.60/0.38/0.01 | rhythm=0.99 | offbeat=0.50
match | accepted | confidence=0.95 | genre=HO:0.83 | bpm=121.0 | tracks=[JB3:0.68, JB5:0.67, JB1:0.66] | motion=gHO_sBM_cAll_d20_mHO5_ch10:0.67 | tags=[Electronic---Techno, Electronic---Electro, Electronic---Ambient]
music | bpm=117.2 | speed=1.21x | amp=0.87 | rms/gate=0.1676/0.0020 | beat=1 accepted=1 conf=1.00 contrast=0.29 result=accepted | bright=0.07 | bands=0.65/0.33/0.00 | rhythm=0.99 | offbeat=0.50
match | accepted | confidence=0.95 | genre=HO:0.85 | bpm=121.0 | tracks=[JB3:0.68, JB5:0.67, JB1:0.66] | motion=gHO_sBM_cAll_d20_mHO5_ch10:0.67 | tags=[Electronic---Techno, Electronic---Electro, Electronic---Ambient]
music | bpm=117.2 | speed=1.23x | amp=0.82 | rms/gate=0.3132/0.0020 | beat=1 accepted=1 conf=0.72 contrast=0.44 result=accepted | bright=0.08 | bands=0.61/0.38/0.00 | rhythm=0.99 | offbeat=0.50
match | accepted | confidence=0.95 | genre=HO:0.85 | bpm=121.0 | tracks=[JB3:0.67, JB5:0.67, JB1:0.66] | motion=gHO_sBM_cAll_d20_mHO5_ch10:0.67 | tags=[Electronic---Techno, Electronic---Electro, Electronic---Ambient]
music | bpm=117.2 | speed=0.97x | amp=0.77 | rms/gate=0.1980/0.0020 | beat=1 accepted=1 conf=0.84 contrast=0.29 result=accepted | bright=0.08 | bands=0.63/0.36/0.00 | rhythm=0.99 | offbeat=0.50
match | accepted | confidence=0.95 | genre=HO:0.85 | bpm=121.0 | tracks=[JB3:0.67, JB5:0.67, JB1:0.66] | motion=gHO_sBM_cAll_d20_mHO5_ch10:0.67 | tags=[Electronic---Techno, Electronic---Electro, Electronic---Deep Techno]
music | bpm=121.0 | speed=0.79x | amp=0.77 | rms/gate=0.1822/0.0020 | beat=1 accepted=1 conf=0.94 contrast=0.24 result=accepted | bright=0.10 | bands=0.53/0.46/0.00 | rhythm=0.98 | offbeat=0.50
match | accepted | confidence=0.95 | genre=HO:0.85 | bpm=121.0 | tracks=[JB3:0.68, JB5:0.67, JB1:0.66] | motion=gHO_sBM_cAll_d20_mHO5_ch10:0.67 | tags=[Electronic---Techno, Electronic---Electro, Electronic---Deep Techno]
music | bpm=121.0 | speed=1.22x | amp=0.84 | rms/gate=0.2322/0.0020 | beat=1 accepted=1 conf=0.64 contrast=0.12 result=too-early | bright=0.08 | bands=0.40/0.59/0.00 | rhythm=0.98 | offbeat=0.50
match | accepted | confidence=0.95 | genre=HO:0.85 | bpm=121.0 | tracks=[JB3:0.68, JB5:0.67, JB1:0.66] | motion=gHO_sBM_cAll_d20_mHO5_ch10:0.67 | tags=[Electronic---Techno, Electronic---Electro, Electronic---Deep Techno]
music | bpm=121.0 | speed=1.19x | amp=0.82 | rms/gate=0.1589/0.0020 | beat=1 accepted=1 conf=0.90 contrast=0.15 result=accepted | bright=0.09 | bands=0.60/0.39/0.00 | rhythm=0.99 | offbeat=0.50
match | accepted | confidence=0.96 | genre=HO:0.85 | bpm=121.0 | tracks=[JB3:0.68, JB5:0.67, JB1:0.66] | motion=gHO_sBM_cAll_d20_mHO5_ch10:0.66 | tags=[Electronic---Techno, Electronic---Electro, Electronic---Deep Techno]
music | bpm=121.0 | speed=0.97x | amp=0.82 | rms/gate=0.2122/0.0020 | beat=1 accepted=1 conf=0.81 contrast=0.29 result=accepted | bright=0.08 | bands=0.55/0.45/0.00 | rhythm=0.99 | offbeat=0.50
Switching (selected_exit, hermite): gPO_sBM_cAll_d10_mPO0_ch02 -> gPO_sBM_cAll_d11_mPO0_ch02 entry=0.1627 blend=0.350s
match | accepted | confidence=0.96 | genre=HO:0.85 | bpm=121.0 | tracks=[JB3:0.68, JB5:0.67, JB1:0.66] | motion=gHO_sBM_cAll_d20_mHO5_ch10:0.66 | tags=[Electronic---Techno, Electronic---Electro, Electronic---Deep Techno]
Motion switch complete: gPO_sBM_cAll_d11_mPO0_ch02
music | bpm=121.0 | speed=1.09x | amp=0.84 | rms/gate=0.1630/0.0020 | beat=1 accepted=1 conf=0.67 contrast=0.53 result=too-early | bright=0.10 | bands=0.52/0.47/0.00 | rhythm=0.99 | offbeat=0.50
match | accepted | confidence=0.96 | genre=HO:0.85 | bpm=121.0 | tracks=[JB3:0.68, JB5:0.67, JB1:0.66] | motion=gHO_sBM_cAll_d20_mHO5_ch10:0.66 | tags=[Electronic---Techno, Electronic---Electro, Electronic---Deep Techno]
music | bpm=121.0 | speed=0.81x | amp=0.84 | rms/gate=0.1787/0.0020 | beat=1 accepted=1 conf=0.96 contrast=0.18 result=too-early | bright=0.08 | bands=0.57/0.43/0.00 | rhythm=0.98 | offbeat=0.50
match | accepted | confidence=0.96 | genre=HO:0.86 | bpm=121.0 | tracks=[JB3:0.68, JB5:0.67, JB1:0.65] | motion=gHO_sBM_cAll_d20_mHO5_ch10:0.66 | tags=[Electronic---Techno, Electronic---Electro, Electronic---Deep Techno]
music | bpm=121.0 | speed=0.80x | amp=0.77 | rms/gate=0.1810/0.0020 | beat=1 accepted=1 conf=0.61 contrast=0.41 result=too-early | bright=0.09 | bands=0.68/0.30/0.00 | rhythm=0.99 | offbeat=0.50
match | accepted | confidence=0.96 | genre=HO:0.86 | bpm=121.0 | tracks=[JB3:0.68, JB5:0.67, JB1:0.65] | motion=gHO_sBM_cAll_d20_mHO5_ch10:0.66 | tags=[Electronic---Techno, Electronic---Electro, Electronic---Deep Techno]
music | bpm=121.0 | speed=0.69x | amp=0.77 | rms/gate=0.1968/0.0020 | beat=1 accepted=1 conf=0.68 contrast=0.12 result=too-early | bright=0.08 | bands=0.45/0.55/0.00 | rhythm=0.99 | offbeat=0.50
match | accepted | confidence=0.96 | genre=HO:0.86 | bpm=121.0 | tracks=[JB3:0.68, JB5:0.67, JB1:0.65] | motion=gHO_sBM_cAll_d20_mHO5_ch10:0.66 | tags=[Electronic---Techno, Electronic---Electro, Electronic---Deep Techno]
music | bpm=121.0 | speed=0.86x | amp=0.79 | rms/gate=0.1401/0.0020 | beat=1 accepted=1 conf=0.73 contrast=0.03 result=too-early | bright=0.09 | bands=0.47/0.52/0.00 | rhythm=0.98 | offbeat=0.50
match | accepted | confidence=0.96 | genre=HO:0.87 | bpm=121.0 | tracks=[JB3:0.68, JB5:0.67, JB1:0.65] | motion=gHO_sBM_cAll_d20_mHO5_ch10:0.66 | tags=[Electronic---Techno, Electronic---Electro, Electronic---Deep Techno]
music | bpm=117.2 | speed=0.70x | amp=0.77 | rms/gate=0.1581/0.0020 | beat=1 accepted=1 conf=1.00 contrast=0.21 result=accepted | bright=0.09 | bands=0.41/0.59/0.00 | rhythm=0.99 | offbeat=0.50
match | accepted | confidence=0.95 | genre=HO:0.87 | bpm=121.0 | tracks=[JB3:0.67, JB5:0.67, JB1:0.65] | motion=gHO_sBM_cAll_d20_mHO5_ch10:0.67 | tags=[Electronic---Techno, Electronic---Electro, Electronic---Deep Techno]
music | bpm=125.0 | speed=1.30x | amp=0.84 | rms/gate=0.2439/0.0020 | beat=1 accepted=1 conf=1.00 contrast=0.97 result=too-early | bright=0.12 | bands=0.33/0.66/0.01 | rhythm=0.99 | offbeat=0.50
match | accepted | confidence=0.95 | genre=HO:0.87 | bpm=121.0 | tracks=[JB3:0.68, JB5:0.67, JB1:0.65] | motion=gHO_sBM_cAll_d20_mHO5_ch10:0.67 | tags=[Electronic---Techno, Electronic---Electro, Electronic---Deep Techno]
music | bpm=121.0 | speed=1.02x | amp=0.90 | rms/gate=0.2981/0.0020 | beat=1 accepted=1 conf=1.00 contrast=0.94 result=too-early | bright=0.10 | bands=0.36/0.63/0.00 | rhythm=0.97 | offbeat=0.53
music | bpm=121.0 | speed=0.70x | amp=0.82 | rms/gate=0.1962/0.0020 | beat=1 accepted=1 conf=0.91 contrast=0.91 result=too-early | bright=0.12 | bands=0.50/0.48/0.01 | rhythm=0.95 | offbeat=0.56
match | accepted | confidence=0.95 | genre=HO:0.86 | bpm=121.0 | tracks=[JB3:0.68, JB5:0.67, JB1:0.65] | motion=gHO_sBM_cAll_d20_mHO5_ch10:0.66 | tags=[Electronic---Techno, Electronic---Electro, Electronic---Deep Techno]
match | accepted | confidence=0.95 | genre=HO:0.86 | bpm=121.0 | tracks=[JB3:0.68, JB5:0.67, JB1:0.65] | motion=gHO_sBM_cAll_d20_mHO5_ch10:0.66 | tags=[Electronic---Techno, Electronic---Electro, Electronic---Deep Techno]
music | bpm=121.0 | speed=0.74x | amp=0.92 | rms/gate=0.2947/0.0020 | beat=1 accepted=1 conf=1.00 contrast=0.79 result=too-early | bright=0.11 | bands=0.65/0.34/0.01 | rhythm=0.94 | offbeat=0.58
music | bpm=121.0 | speed=0.55x | amp=0.86 | rms/gate=0.2540/0.0020 | beat=1 accepted=1 conf=0.89 contrast=0.68 result=too-early | bright=0.11 | bands=0.57/0.42/0.00 | rhythm=0.91 | offbeat=0.59
match | accepted | confidence=0.96 | genre=HO:0.86 | bpm=121.0 | tracks=[JB3:0.68, JB5:0.67, JB1:0.65] | motion=gHO_sBM_cAll_d20_mHO5_ch10:0.66 | tags=[Electronic---Techno, Electronic---Electro, Electronic---Deep Techno]
music | bpm=121.0 | speed=0.64x | amp=0.89 | rms/gate=0.2698/0.0020 | beat=1 accepted=0 conf=0.86 contrast=0.71 result=too-early | bright=0.09 | bands=0.59/0.40/0.00 | rhythm=0.86 | offbeat=0.60
match | accepted | confidence=0.96 | genre=HO:0.85 | bpm=121.0 | tracks=[JB3:0.68, JB5:0.67, JB1:0.65] | motion=gHO_sBM_cAll_d20_mHO5_ch10:0.66 | tags=[Electronic---Techno, Electronic---Electro, Electronic---Deep Techno]
Warning: terminal hold: Candidates and replay infeasible: No feasible Hermite duration in the search interval
music | bpm=121.0 | speed=0.64x | amp=0.81 | rms/gate=0.2519/0.0020 | beat=1 accepted=1 conf=0.78 contrast=0.79 result=accepted | bright=0.11 | bands=0.47/0.51/0.00 | rhythm=0.83 | offbeat=0.60
match | accepted | confidence=0.97 | genre=HO:0.85 | bpm=121.0 | tracks=[JB3:0.68, JB5:0.67, JB1:0.64] | motion=gHO_sBM_cAll_d20_mHO5_ch10:0.66 | tags=[Electronic---Techno, Electronic---Electro, Electronic---Deep Techno]
music | bpm=121.0 | speed=0.64x | amp=0.81 | rms/gate=0.2394/0.0020 | beat=1 accepted=1 conf=0.92 contrast=0.82 result=too-early | bright=0.10 | bands=0.51/0.48/0.00 | rhythm=0.81 | offbeat=0.54
match | accepted | confidence=0.98 | genre=HO:0.85 | bpm=121.0 | tracks=[JB3:0.68, JB5:0.66, JB1:0.63] | motion=gHO_sBM_cAll_d20_mHO5_ch10:0.66 | tags=[Electronic---Electro, Electronic---Techno, Electronic---Deep Techno]
music | bpm=121.0 | speed=0.64x | amp=0.81 | rms/gate=0.2315/0.0020 | beat=1 accepted=1 conf=0.96 contrast=0.71 result=too-early | bright=0.13 | bands=0.36/0.62/0.01 | rhythm=0.79 | offbeat=0.53
match | accepted | confidence=0.98 | genre=HO:0.85 | bpm=121.0 | tracks=[JB3:0.67, JB5:0.66, JB1:0.63] | motion=gHO_sBM_cAll_d20_mHO5_ch10:0.66 | tags=[Electronic---Electro, Electronic---Techno, Electronic---Deep Techno]
music | bpm=121.0 | speed=0.64x | amp=0.81 | rms/gate=0.1282/0.0020 | beat=1 accepted=1 conf=0.91 contrast=0.91 result=too-early | bright=0.11 | bands=0.43/0.56/0.00 | rhythm=0.79 | offbeat=0.56
match | accepted | confidence=0.98 | genre=HO:0.85 | bpm=121.0 | tracks=[JB3:0.67, JB5:0.66, JB1:0.63] | motion=gHO_sBM_cAll_d20_mHO5_ch10:0.65 | tags=[Electronic---Electro, Electronic---Techno, Electronic---Deep Techno]
music | bpm=121.0 | speed=0.64x | amp=0.81 | rms/gate=0.2115/0.0020 | beat=1 accepted=1 conf=0.91 contrast=0.71 result=too-early | bright=0.12 | bands=0.32/0.67/0.01 | rhythm=0.79 | offbeat=0.58
match | accepted | confidence=0.98 | genre=HO:0.85 | bpm=121.0 | tracks=[JB3:0.68, JB5:0.66, JB1:0.63] | motion=gHO_sBM_cAll_d20_mHO5_ch10:0.65 | tags=[Electronic---Techno, Electronic---Electro, Electronic---Deep Techno]
music | bpm=121.0 | speed=0.64x | amp=0.81 | rms/gate=0.2778/0.0020 | beat=1 accepted=1 conf=0.64 contrast=0.47 result=too-early | bright=0.10 | bands=0.75/0.24/0.00 | rhythm=0.79 | offbeat=0.57
match | accepted | confidence=0.98 | genre=HO:0.84 | bpm=121.0 | tracks=[JB3:0.68, JB5:0.66, JB1:0.63] | motion=gHO_sBM_cAll_d20_mHO5_ch10:0.65 | tags=[Electronic---Electro, Electronic---Techno, Electronic---Deep Techno]
music | bpm=121.0 | speed=0.64x | amp=0.81 | rms/gate=0.1578/0.0020 | beat=1 accepted=1 conf=0.85 contrast=0.76 result=too-early | bright=0.10 | bands=0.56/0.44/0.00 | rhythm=0.79 | offbeat=0.59
match | accepted | confidence=0.98 | genre=HO:0.84 | bpm=121.0 | tracks=[JB3:0.68, JB5:0.66, JB1:0.64] | motion=gHO_sBM_cAll_d20_mHO5_ch10:0.65 | tags=[Electronic---Electro, Electronic---Techno, Electronic---Deep Techno]
music | bpm=121.0 | speed=0.64x | amp=0.81 | rms/gate=0.1875/0.0020 | beat=1 accepted=1 conf=0.87 contrast=0.71 result=accepted | bright=0.11 | bands=0.43/0.56/0.00 | rhythm=0.80 | offbeat=0.60
match | accepted | confidence=0.98 | genre=HO:0.84 | bpm=121.0 | tracks=[JB3:0.68, JB5:0.66, JB1:0.63] | motion=gHO_sBM_cAll_d20_mHO5_ch10:0.65 | tags=[Electronic---Electro, Electronic---Techno, Electronic---Deep Techno]
music | bpm=121.0 | speed=0.64x | amp=0.81 | rms/gate=0.1423/0.0020 | beat=1 accepted=1 conf=0.88 contrast=0.41 result=accepted | bright=0.10 | bands=0.57/0.42/0.01 | rhythm=0.82 | offbeat=0.60
match | accepted | confidence=0.98 | genre=HO:0.83 | bpm=121.0 | tracks=[JB3:0.68, JB5:0.66, JB1:0.63] | motion=gHO_sBM_cAll_d20_mHO5_ch10:0.65 | tags=[Electronic---Electro, Electronic---Techno, Electronic---Deep Techno]
music | bpm=121.0 | speed=0.64x | amp=0.81 | rms/gate=0.2392/0.0020 | beat=1 accepted=1 conf=0.98 contrast=0.71 result=accepted | bright=0.11 | bands=0.64/0.34/0.01 | rhythm=0.83 | offbeat=0.56
match | accepted | confidence=0.98 | genre=HO:0.83 | bpm=121.0 | tracks=[JB3:0.68, JB5:0.66, JB1:0.63] | motion=gHO_sBM_cAll_d20_mHO5_ch10:0.65 | tags=[Electronic---Electro, Electronic---Techno, Electronic---Synth-pop]
music | bpm=121.0 | speed=0.64x | amp=0.81 | rms/gate=0.2030/0.0020 | beat=1 accepted=1 conf=0.94 contrast=0.76 result=accepted | bright=0.11 | bands=0.37/0.62/0.00 | rhythm=0.83 | offbeat=0.58
match | accepted | confidence=0.98 | genre=HO:0.82 | bpm=121.0 | tracks=[JB3:0.67, JB5:0.65, JB1:0.63] | motion=gHO_sBM_cAll_d20_mHO5_ch10:0.64 | tags=[Electronic---Electro, Electronic---Techno, Electronic---Synth-pop]
music | bpm=121.0 | speed=0.64x | amp=0.81 | rms/gate=0.1675/0.0020 | beat=1 accepted=1 conf=0.87 contrast=0.44 result=accepted | bright=0.11 | bands=0.36/0.63/0.00 | rhythm=0.84 | offbeat=0.58
match | accepted | confidence=0.97 | genre=HO:0.81 | bpm=121.0 | tracks=[JB3:0.68, JB5:0.65, JB1:0.63] | motion=gHO_sBM_cAll_d20_mHO5_ch10:0.64 | tags=[Electronic---Electro, Electronic---Techno, Electronic---Synth-pop]
music | bpm=121.0 | speed=0.64x | amp=0.81 | rms/gate=0.1617/0.0020 | beat=1 accepted=1 conf=0.85 contrast=0.68 result=too-early | bright=0.11 | bands=0.34/0.65/0.00 | rhythm=0.84 | offbeat=0.57
match | accepted | confidence=0.96 | genre=HO:0.82 | bpm=121.0 | tracks=[JB3:0.67, JB5:0.66, JB1:0.64] | motion=gHO_sBM_cAll_d20_mHO5_ch10:0.64 | tags=[Electronic---Electro, Electronic---Techno, Electronic---Deep Techno]
music | bpm=121.0 | speed=0.64x | amp=0.81 | rms/gate=0.1985/0.0020 | beat=1 accepted=0 conf=0.59 contrast=0.68 result=too-early | bright=0.10 | bands=0.47/0.53/0.01 | rhythm=0.81 | offbeat=0.56
match | accepted | confidence=0.96 | genre=HO:0.81 | bpm=121.0 | tracks=[JB3:0.67, JB5:0.66, JB1:0.64] | motion=gHO_sBM_cAll_d20_mHO5_ch10:0.65 | tags=[Electronic---Electro, Electronic---Techno, Electronic---Deep Techno]
music | bpm=121.0 | speed=0.64x | amp=0.81 | rms/gate=0.2697/0.0020 | beat=1 accepted=1 conf=0.85 contrast=0.68 result=accepted | bright=0.09 | bands=0.43/0.56/0.00 | rhythm=0.81 | offbeat=0.56
match | accepted | confidence=0.98 | genre=HO:0.81 | bpm=121.0 | tracks=[JB3:0.67, JB5:0.66, JB1:0.63] | motion=gHO_sBM_cAll_d20_mHO5_ch10:0.64 | tags=[Electronic---Electro, Electronic---Deep Techno, Electronic---Techno]
music | bpm=121.0 | speed=0.64x | amp=0.81 | rms/gate=0.3235/0.0020 | beat=1 accepted=1 conf=0.52 contrast=0.76 result=too-early | bright=0.08 | bands=0.45/0.54/0.00 | rhythm=0.81 | offbeat=0.54
match | accepted | confidence=0.98 | genre=HO:0.81 | bpm=121.0 | tracks=[JB3:0.67, JB5:0.66, JB1:0.63] | motion=gHO_sBM_cAll_d20_mHO5_ch10:0.64 | tags=[Electronic---Deep Techno, Electronic---Electro, Electronic---Techno]
music | bpm=121.0 | speed=0.64x | amp=0.81 | rms/gate=0.2484/0.0020 | beat=1 accepted=1 conf=0.84 contrast=0.59 result=too-early | bright=0.08 | bands=0.39/0.61/0.00 | rhythm=0.79 | offbeat=0.55
match | accepted | confidence=0.95 | genre=HO:0.81 | bpm=121.0 | tracks=[JB3:0.67, JB5:0.65, JB1:0.63] | motion=gHO_sBM_cAll_d20_mHO5_ch10:0.65 | tags=[Electronic---Electro, Electronic---Deep Techno, Electronic---Techno]
music | bpm=121.0 | speed=0.64x | amp=0.81 | rms/gate=0.2826/0.0020 | beat=1 accepted=1 conf=0.97 contrast=0.65 result=too-early | bright=0.08 | bands=0.56/0.44/0.00 | rhythm=0.82 | offbeat=0.54
match | accepted | confidence=0.95 | genre=HO:0.80 | bpm=121.0 | tracks=[JB3:0.67, JB5:0.65, JB1:0.63] | motion=gHO_sBM_cAll_d20_mHO5_ch10:0.64 | tags=[Electronic---Electro, Electronic---Synth-pop, Electronic---Techno]
music | bpm=121.0 | speed=0.64x | amp=0.81 | rms/gate=0.1791/0.0020 | beat=1 accepted=1 conf=0.62 contrast=0.59 result=too-early | bright=0.10 | bands=0.56/0.43/0.00 | rhythm=0.81 | offbeat=0.56
match | accepted | confidence=0.96 | genre=HO:0.79 | bpm=121.0 | tracks=[JB3:0.67, JB5:0.65, JB1:0.63] | motion=gHO_sBM_cAll_d20_mHO5_ch10:0.64 | tags=[Electronic---Electro, Electronic---Synth-pop, Electronic---Deep Techno]
music | bpm=121.0 | speed=0.64x | amp=0.81 | rms/gate=0.2278/0.0020 | beat=1 accepted=1 conf=0.88 contrast=0.88 result=too-early | bright=0.08 | bands=0.84/0.16/0.00 | rhythm=0.78 | offbeat=0.57
match | accepted | confidence=0.96 | genre=HO:0.79 | bpm=121.0 | tracks=[JB3:0.67, JB5:0.65, JB1:0.63] | motion=gHO_sBM_cAll_d20_mHO5_ch10:0.64 | tags=[Electronic---Electro, Electronic---Synth-pop, Electronic---Deep Techno]
music | bpm=121.0 | speed=0.64x | amp=0.81 | rms/gate=0.1501/0.0020 | beat=1 accepted=1 conf=0.92 contrast=0.71 result=too-early | bright=0.10 | bands=0.52/0.47/0.00 | rhythm=0.76 | offbeat=0.64
match | accepted | confidence=0.96 | genre=HO:0.78 | bpm=121.0 | tracks=[JB3:0.67, JB5:0.65, JB1:0.63] | motion=gHO_sBM_cAll_d20_mHO5_ch10:0.64 | tags=[Electronic---Electro, Electronic---Synth-pop, Electronic---Deep Techno]
music | bpm=121.0 | speed=0.64x | amp=0.81 | rms/gate=0.2538/0.0020 | beat=1 accepted=1 conf=0.67 contrast=0.62 result=accepted | bright=0.09 | bands=0.81/0.18/0.00 | rhythm=0.74 | offbeat=0.63
match | accepted | confidence=0.96 | genre=HO:0.77 | bpm=121.0 | tracks=[JB3:0.67, JB5:0.65, JB1:0.63] | motion=gHO_sBM_cAll_d20_mHO5_ch10:0.64 | tags=[Electronic---Synth-pop, Electronic---Electro, Electronic---Deep Techno]
music | bpm=121.0 | speed=0.64x | amp=0.81 | rms/gate=0.2260/0.0020 | beat=1 accepted=1 conf=0.91 contrast=0.74 result=accepted | bright=0.09 | bands=0.46/0.54/0.00 | rhythm=0.71 | offbeat=0.62
match | accepted | confidence=0.97 | genre=HO:0.77 | bpm=121.0 | tracks=[JB3:0.66, JB5:0.65, JB1:0.63] | motion=gHO_sBM_cAll_d20_mHO5_ch10:0.64 | tags=[Electronic---Synth-pop, Electronic---Electro, Electronic---Deep Techno]
music | bpm=121.0 | speed=0.64x | amp=0.81 | rms/gate=0.0954/0.0020 | beat=1 accepted=1 conf=0.53 contrast=0.82 result=accepted | bright=0.11 | bands=0.44/0.53/0.00 | rhythm=0.70 | offbeat=0.61
match | accepted | confidence=0.97 | genre=HO:0.77 | bpm=121.0 | tracks=[JB3:0.66, JB5:0.65, JB1:0.63] | motion=gHO_sBM_cAll_d20_mHO5_ch10:0.64 | tags=[Electronic---Synth-pop, Electronic---Electro, Electronic---Deep Techno]
music | bpm=121.0 | speed=0.64x | amp=0.81 | rms/gate=0.1269/0.0020 | beat=1 accepted=1 conf=0.77 contrast=0.62 result=accepted | bright=0.12 | bands=0.33/0.65/0.01 | rhythm=0.71 | offbeat=0.59
match | accepted | confidence=0.97 | genre=HO:0.76 | bpm=121.0 | tracks=[JB3:0.66, JB5:0.65, JB1:0.63] | motion=gHO_sBM_cAll_d20_mHO5_ch10:0.64 | tags=[Electronic---Synth-pop, Electronic---Electro, Electronic---Deep Techno]
music | bpm=121.0 | speed=0.64x | amp=0.81 | rms/gate=0.1227/0.0020 | beat=1 accepted=1 conf=1.00 contrast=0.79 result=accepted | bright=0.10 | bands=0.48/0.52/0.01 | rhythm=0.71 | offbeat=0.57
match | accepted | confidence=0.97 | genre=HO:0.76 | bpm=121.0 | tracks=[JB3:0.66, JB5:0.65, JB1:0.63] | motion=gHO_sBM_cAll_d20_mHO5_ch10:0.64 | tags=[Electronic---Synth-pop, Electronic---Electro, Electronic---Deep Techno]
music | bpm=121.0 | speed=0.64x | amp=0.81 | rms/gate=0.1018/0.0020 | beat=1 accepted=1 conf=1.00 contrast=0.71 result=accepted | bright=0.10 | bands=0.43/0.57/0.00 | rhythm=0.74 | offbeat=0.57
match | accepted | confidence=0.97 | genre=HO:0.76 | bpm=121.0 | tracks=[JB3:0.66, JB5:0.65, JB1:0.63] | motion=gHO_sBM_cAll_d20_mHO5_ch10:0.63 | tags=[Electronic---Synth-pop, Electronic---Electro, Electronic---Techno]
music | bpm=121.0 | speed=0.64x | amp=0.81 | rms/gate=0.1680/0.0020 | beat=1 accepted=0 conf=1.00 contrast=0.91 result=too-early | bright=0.09 | bands=0.62/0.38/0.00 | rhythm=0.75 | offbeat=0.56
match | accepted | confidence=0.97 | genre=HO:0.77 | bpm=121.0 | tracks=[JB3:0.66, JB5:0.65, JB1:0.63] | motion=gHO_sBM_cAll_d20_mHO5_ch10:0.64 | tags=[Electronic---Synth-pop, Electronic---Electro, Electronic---Deep Techno]Grounded C:\Users\Eddie\Desktop\MusicRobot\realtime\humanoid_robot\data\aistpp_gmr\gPO_sBM_cAll_d10_mPO0_ch01.pkl with constant root Z offset +0.805141 m.
Grounded C:\Users\Eddie\Desktop\MusicRobot\realtime\humanoid_robot\data\aistpp_gmr\gPO_sBM_cAll_d11_mPO0_ch01.pkl with constant root Z offset +0.805499 m.
Grounded C:\Users\Eddie\Desktop\MusicRobot\realtime\humanoid_robot\data\aistpp_gmr\gPO_sBM_cAll_d11_mPO0_ch02.pkl with constant root Z offset +0.854044 m.
Grounded C:\Users\Eddie\Desktop\MusicRobot\realtime\humanoid_robot\data\aistpp_gmr\gPO_sBM_cAll_d10_mPO0_ch02.pkl with constant root Z offset +0.841879 m.
Grounded C:\Users\Eddie\Desktop\MusicRobot\realtime\humanoid_robot\data\aistpp_gmr\gPO_sBM_cAll_d12_mPO3_ch02.pkl with constant root Z offset +0.839105 m.
Grounded C:\Users\Eddie\Desktop\MusicRobot\realtime\humanoid_robot\data\aistpp_gmr\gPO_sBM_cAll_d12_mPO5_ch02.pkl with constant root Z offset +0.805854 m.
Grounded C:\Users\Eddie\Desktop\MusicRobot\realtime\humanoid_robot\data\aistpp_gmr\gPO_sBM_cAll_d12_mPO5_ch01.pkl with constant root Z offset +0.823898 m.
Grounded C:\Users\Eddie\Desktop\MusicRobot\realtime\humanoid_robot\data\aistpp_gmr\gHO_sBM_cAll_d20_mHO5_ch10.pkl with constant root Z offset +1.000147 m.
Grounded C:\Users\Eddie\Desktop\MusicRobot\realtime\humanoid_robot\data\aistpp_gmr\gHO_sBM_cAll_d21_mHO5_ch10.pkl with constant root Z offset +1.010818 m.
Grounded C:\Users\Eddie\Desktop\MusicRobot\realtime\humanoid_robot\data\aistpp_gmr\gHO_sBM_cAll_d20_mHO5_ch06.pkl with constant root Z offset +0.964589 m.
Grounded C:\Users\Eddie\Desktop\MusicRobot\realtime\humanoid_robot\data\aistpp_gmr\gHO_sBM_cAll_d21_mHO5_ch09.pkl with constant root Z offset +0.854375 m.
Grounded C:\Users\Eddie\Desktop\MusicRobot\realtime\humanoid_robot\data\aistpp_gmr\gHO_sBM_cAll_d21_mHO5_ch03.pkl with constant root Z offset +0.872148 m.

music | bpm=121.0 | speed=0.64x | amp=0.81 | rms/gate=0.1808/0.0020 | beat=1 accepted=0 conf=0.86 contrast=0.71 result=too-early | bright=0.08 | bands=0.71/0.27/0.00 | rhythm=0.76 | offbeat=0.59
match | accepted | confidence=0.97 | genre=HO:0.77 | bpm=121.0 | tracks=[JB3:0.66, JB5:0.65, JB1:0.63] | motion=gHO_sBM_cAll_d20_mHO5_ch10:0.64 | tags=[Electronic---Synth-pop, Electronic---Electro, Electronic---Tech House]
