Loaded GMR Unitree G1 motion: finedance_037_0000000_0000596.pkl (596 frames, 9.93s, 29 DoF).
Using GMR Unitree G1 joint adapter (29 actuator names resolved).
Grounded C:\Users\Eddie\Desktop\MusicRobot\realtime\humanoid_robot\data\finedance_gmr_v2\finedance_037_0000000_0000596.pkl with constant root Z offset +0.911135 m.
Previewing authored dance trajectory at normal speed (9.93s per cycle, amplitude=0.85).
preview | phase=0.10 | amp=0.85 | speed=1.00x
preview | phase=0.20 | amp=0.85 | speed=1.00x
preview | phase=0.30 | amp=0.85 | speed=1.00x
preview | phase=0.40 | amp=0.85 | speed=1.00x
preview | phase=0.51 | amp=0.85 | speed=1.00x
preview | phase=0.61 | amp=0.85 | speed=1.00x
preview | phase=0.71 | amp=0.85 | speed=1.00x
preview | phase=0.81 | amp=0.85 | speed=1.00x
preview | phase=0.91 | amp=0.85 | speed=1.00x
preview | phase=0.01 | amp=0.85 | speed=1.00x
preview | phase=0.11 | amp=0.85 | speed=1.00x
preview | phase=0.21 | amp=0.85 | speed=1.00x
preview | phase=0.31 | amp=0.85 | speed=1.00x
preview | phase=0.42 | amp=0.85 | speed=1.00x
preview | phase=0.52 | amp=0.85 | speed=1.00x
preview | phase=0.62 | amp=0.85 | speed=1.00x
preview | phase=0.72 | amp=0.85 | speed=1.00x
preview | phase=0.82 | amp=0.85 | speed=1.00x
preview | phase=0.92 | amp=0.85 | speed=1.00x
preview | phase=0.02 | amp=0.85 | speed=1.00x
preview | phase=0.12 | amp=0.85 | speed=1.00x
preview | phase=0.22 | amp=0.85 | speed=1.00x
preview | phase=0.33 | amp=0.85 | speed=1.00x
preview | phase=0.43 | amp=0.85 | speed=1.00x
preview | phase=0.53 | amp=0.85 | speed=1.00x
preview | phase=0.63 | amp=0.85 | speed=1.00x
preview | phase=0.73 | amp=0.85 | speed=1.00x
preview | phase=0.83 | amp=0.85 | speed=1.00x
preview | phase=0.93 | amp=0.85 | speed=1.00x
preview | phase=0.03 | amp=0.85 | speed=1.00x
preview | phase=0.13 | amp=0.85 | speed=1.00x
preview | phase=0.24 | amp=0.85 | speed=1.00x
preview | phase=0.34 | amp=0.85 | speed=1.00x
preview | phase=0.44 | amp=0.85 | speed=1.00x
preview | phase=0.54 | amp=0.85 | speed=1.00x
preview | phase=0.64 | amp=0.85 | speed=1.00x
preview | phase=0.74 | amp=0.85 | speed=1.00x
preview | phase=0.84 | amp=0.85 | speed=1.00x
preview | phase=0.94 | amp=0.85 | speed=1.00x
preview | phase=0.04 | amp=0.85 | speed=1.00x
preview | phase=0.14 | amp=0.85 | speed=1.00x
preview | phase=0.25 | amp=0.85 | speed=1.00x
preview | phase=0.35 | amp=0.85 | speed=1.00x
preview | phase=0.45 | amp=0.85 | speed=1.00x
preview | phase=0.55 | amp=0.85 | speed=1.00x
preview | phase=0.65 | amp=0.85 | speed=1.00x
preview | phase=0.75 | amp=0.85 | speed=1.00x
preview | phase=0.85 | amp=0.85 | speed=1.00x
preview | phase=0.95 | amp=0.85 | speed=1.00x
preview | phase=0.06 | amp=0.85 | speed=1.00x
preview | phase=0.16 | amp=0.85 | speed=1.00x
preview | phase=0.26 | amp=0.85 | speed=1.00x
