Initial retarget source: GMR artifact
Using GMR Unitree G1 joint adapter (29 actuator names resolved).
Grounded C:\Users\Eddie\Desktop\MusicRobot\realtime\humanoid_robot\data\aistpp_gmr\gLO_sBM_cAll_d13_mLO2_ch02.pkl with constant root Z offset +0.836900 m.
Using realtime virtual microphone: C:\Users\Eddie\Desktop\MusicRobot\realtime\humanoid_robot\data\test_audio\chronos.mp3 (audio starts after 1.00s denoiser reset time; speaker output=off).
Initial motion: gLO_sBM_cAll_d13_mLO2_ch02
demo | bpm=-- | speed=1.00x | amp=0.00 | rms/gate=-- | beat=0 accepted=0 conf=0.00 contrast=0.00 result=none | bright=0.00 | bands=0.00/0.00/0.00 | rhythm=0.00 | offbeat=0.00
demo | bpm=-- | speed=1.00x | amp=0.00 | rms/gate=0.0000/0.0020 | beat=0 accepted=0 conf=0.00 contrast=0.00 result=none | bright=0.00 | bands=0.00/0.00/0.00 | rhythm=0.00 | offbeat=0.00
music | bpm=-- | speed=1.00x | amp=1.02 | rms/gate=0.0450/0.0020 | beat=1 accepted=1 conf=0.59 contrast=0.50 result=accepted | bright=0.06 | bands=0.39/0.57/0.00 | rhythm=0.18 | offbeat=0.00
music | bpm=-- | speed=0.82x | amp=1.06 | rms/gate=0.0705/0.0020 | beat=1 accepted=1 conf=0.49 contrast=0.50 result=accepted | bright=0.06 | bands=0.67/0.33/0.00 | rhythm=0.43 | offbeat=0.37
match | accepted | confidence=0.81 | genre=PO:0.78 | bpm=93.8 | tracks=[JB1:0.66, JB3:0.65, JB5:0.63] | motion=gPO_sBM_cAll_d10_mPO0_ch01:0.60 | tags=[Electronic---Electro, Electronic---Experimental, Electronic---Electroclash]
music | bpm=-- | speed=0.55x | amp=1.05 | rms/gate=0.0925/0.0020 | beat=1 accepted=1 conf=0.82 contrast=0.50 result=accepted | bright=0.07 | bands=0.21/0.76/0.00 | rhythm=0.58 | offbeat=0.54
match | accepted | confidence=0.79 | genre=PO:0.72 | bpm=96.2 | tracks=[JB3:0.70, JB1:0.69, JB5:0.68] | motion=gPO_sBM_cAll_d10_mPO0_ch01:0.58 | tags=[Electronic---Electro, Electronic---Electroclash, Electronic---Synthwave]
music | bpm=72.8 | speed=0.81x | amp=1.08 | rms/gate=0.1290/0.0020 | beat=1 accepted=1 conf=0.73 contrast=0.80 result=too-early | bright=0.07 | bands=0.45/0.55/0.00 | rhythm=0.64 | offbeat=0.50
match | accepted | confidence=0.72 | genre=PO:0.71 | bpm=96.2 | tracks=[JB3:0.71, JB1:0.69, JB5:0.69] | motion=gPO_sBM_cAll_d10_mPO0_ch01:0.57 | tags=[Electronic---Electro, Electronic---Electroclash, Electronic---Synthwave]
music | bpm=91.5 | speed=1.05x | amp=0.95 | rms/gate=0.2970/0.0020 | beat=1 accepted=1 conf=0.76 contrast=0.79 result=too-early | bright=0.06 | bands=0.45/0.55/0.00 | rhythm=0.76 | offbeat=0.52
match | accepted | confidence=0.93 | genre=PO:0.73 | bpm=96.2 | tracks=[JB3:0.70, JB1:0.70, JB5:0.70] | motion=gPO_sBM_cAll_d10_mPO0_ch01:0.59 | tags=[Electronic---Electro, Electronic---Synthwave, Electronic---Ambient]
music | bpm=96.2 | speed=1.16x | amp=0.90 | rms/gate=0.2377/0.0020 | beat=1 accepted=1 conf=0.51 contrast=0.50 result=too-early | bright=0.06 | bands=0.47/0.52/0.00 | rhythm=0.80 | offbeat=0.46
match | accepted | confidence=0.94 | genre=PO:0.73 | bpm=96.2 | tracks=[JB5:0.70, JB3:0.70, JB1:0.69] | motion=gPO_sBM_cAll_d10_mPO0_ch01:0.58 | tags=[Electronic---Electro, Electronic---Techno, Electronic---Synthwave]
music | bpm=144.2 | speed=1.28x | amp=0.92 | rms/gate=0.1827/0.0020 | beat=1 accepted=1 conf=0.56 contrast=0.64 result=too-early | bright=0.06 | bands=0.41/0.58/0.00 | rhythm=0.82 | offbeat=0.49
Switching (selected_exit, hermite): gLO_sBM_cAll_d13_mLO2_ch02 -> gPO_sBM_cAll_d10_mPO3_ch02 entry=0.0688 blend=0.350s
match | accepted | confidence=0.91 | genre=PO:0.73 | bpm=121.0 | tracks=[JB3:0.69, JB5:0.69, JB1:0.69] | motion=gPO_sBM_cAll_d10_mPO0_ch01:0.59 | tags=[Electronic---Techno, Electronic---Electro, Electronic---Ambient]
Motion switch complete: gPO_sBM_cAll_d10_mPO3_ch02
music | bpm=170.5 | speed=0.61x | amp=0.88 | rms/gate=0.1826/0.0020 | beat=1 accepted=1 conf=0.95 contrast=0.32 result=too-early | bright=0.07 | bands=0.44/0.55/0.00 | rhythm=0.92 | offbeat=0.54
match | accepted | confidence=0.92 | genre=PO:0.73 | bpm=121.0 | tracks=[JB3:0.69, JB5:0.68, JB1:0.68] | motion=gPO_sBM_cAll_d10_mPO0_ch01:0.59 | tags=[Electronic---Techno, Electronic---Electro, Electronic---EBM]
music | bpm=234.4 | speed=1.30x | amp=0.78 | rms/gate=0.1349/0.0020 | beat=1 accepted=1 conf=0.83 contrast=0.76 result=too-early | bright=0.07 | bands=0.78/0.21/0.00 | rhythm=0.98 | offbeat=0.54
match | accepted | confidence=0.87 | genre=PO:0.72 | bpm=121.0 | tracks=[JB3:0.68, JB5:0.68, JB1:0.67] | motion=gPO_sBM_cAll_d10_mPO0_ch01:0.59 | tags=[Electronic---Techno, Electronic---Electro, Electronic---EBM]
music | bpm=121.0 | speed=1.08x | amp=0.82 | rms/gate=0.1988/0.0020 | beat=1 accepted=1 conf=0.93 contrast=0.50 result=accepted | bright=0.08 | bands=0.63/0.37/0.00 | rhythm=0.99 | offbeat=0.50
match | accepted | confidence=0.56 | genre=HO:0.74 | bpm=121.0 | tracks=[JB3:0.68, JB5:0.68, JB1:0.67] | motion=gHO_sBM_cAll_d20_mHO5_ch10:0.67 | tags=[Electronic---Techno, Electronic---Electro, Electronic---EBM]
music | bpm=121.0 | speed=1.30x | amp=0.81 | rms/gate=0.1673/0.0020 | beat=1 accepted=1 conf=0.71 contrast=0.15 result=too-early | bright=0.09 | bands=0.61/0.37/0.01 | rhythm=0.99 | offbeat=0.50
match | accepted | confidence=0.95 | genre=HO:0.83 | bpm=121.0 | tracks=[JB3:0.68, JB5:0.67, JB1:0.66] | motion=gHO_sBM_cAll_d20_mHO5_ch10:0.67 | tags=[Electronic---Techno, Electronic---Electro, Electronic---Ambient]
music | bpm=121.0 | speed=0.55x | amp=0.87 | rms/gate=0.2113/0.0020 | beat=1 accepted=1 conf=0.92 contrast=0.15 result=accepted | bright=0.08 | bands=0.63/0.35/0.00 | rhythm=0.98 | offbeat=0.50
match | accepted | confidence=0.95 | genre=HO:0.85 | bpm=121.0 | tracks=[JB3:0.68, JB5:0.67, JB1:0.66] | motion=gHO_sBM_cAll_d20_mHO5_ch10:0.67 | tags=[Electronic---Techno, Electronic---Electro, Electronic---Ambient]
music | bpm=121.0 | speed=1.10x | amp=0.82 | rms/gate=0.3132/0.0020 | beat=1 accepted=1 conf=0.95 contrast=0.24 result=accepted | bright=0.08 | bands=0.62/0.38/0.00 | rhythm=0.99 | offbeat=0.50
match | accepted | confidence=0.95 | genre=HO:0.85 | bpm=121.0 | tracks=[JB3:0.67, JB5:0.67, JB1:0.66] | motion=gHO_sBM_cAll_d20_mHO5_ch10:0.67 | tags=[Electronic---Techno, Electronic---Electro, Electronic---Ambient]
music | bpm=121.0 | speed=1.29x | amp=0.78 | rms/gate=0.1980/0.0020 | beat=1 accepted=1 conf=0.84 contrast=0.21 result=accepted | bright=0.08 | bands=0.63/0.37/0.00 | rhythm=0.99 | offbeat=0.50
match | accepted | confidence=0.95 | genre=HO:0.85 | bpm=121.0 | tracks=[JB3:0.67, JB5:0.67, JB1:0.66] | motion=gHO_sBM_cAll_d20_mHO5_ch10:0.67 | tags=[Electronic---Techno, Electronic---Electro, Electronic---Deep Techno]
music | bpm=121.0 | speed=0.98x | amp=0.76 | rms/gate=0.1476/0.0020 | beat=1 accepted=1 conf=0.94 contrast=0.21 result=too-early | bright=0.10 | bands=0.50/0.49/0.00 | rhythm=0.98 | offbeat=0.50
Switching (selected_exit, hermite): gPO_sBM_cAll_d10_mPO3_ch02 -> gPO_sBM_cAll_d11_mPO0_ch02 entry=0.2003 blend=0.350s
match | accepted | confidence=0.95 | genre=HO:0.85 | bpm=121.0 | tracks=[JB3:0.68, JB5:0.67, JB1:0.66] | motion=gHO_sBM_cAll_d20_mHO5_ch10:0.67 | tags=[Electronic---Techno, Electronic---Electro, Electronic---Deep Techno]
Motion switch complete: gPO_sBM_cAll_d11_mPO0_ch02
music | bpm=121.0 | speed=0.63x | amp=0.83 | rms/gate=0.2289/0.0020 | beat=1 accepted=1 conf=0.64 contrast=0.09 result=accepted | bright=0.08 | bands=0.33/0.66/0.00 | rhythm=0.99 | offbeat=0.50
match | accepted | confidence=0.95 | genre=HO:0.85 | bpm=121.0 | tracks=[JB3:0.68, JB5:0.67, JB1:0.66] | motion=gHO_sBM_cAll_d20_mHO5_ch10:0.67 | tags=[Electronic---Techno, Electronic---Electro, Electronic---Deep Techno]
music | bpm=121.0 | speed=1.30x | amp=0.79 | rms/gate=0.1548/0.0020 | beat=1 accepted=1 conf=0.86 contrast=0.68 result=too-early | bright=0.09 | bands=0.53/0.45/0.00 | rhythm=1.00 | offbeat=0.50
match | accepted | confidence=0.96 | genre=HO:0.85 | bpm=121.0 | tracks=[JB3:0.68, JB5:0.67, JB1:0.66] | motion=gHO_sBM_cAll_d20_mHO5_ch10:0.66 | tags=[Electronic---Techno, Electronic---Electro, Electronic---Deep Techno]
music | bpm=117.2 | speed=0.93x | amp=0.82 | rms/gate=0.1814/0.0020 | beat=1 accepted=1 conf=0.89 contrast=0.59 result=too-early | bright=0.08 | bands=0.50/0.50/0.00 | rhythm=0.99 | offbeat=0.50
match | accepted | confidence=0.96 | genre=HO:0.85 | bpm=121.0 | tracks=[JB3:0.68, JB5:0.67, JB1:0.66] | motion=gHO_sBM_cAll_d20_mHO5_ch10:0.66 | tags=[Electronic---Techno, Electronic---Electro, Electronic---Deep Techno]
music | bpm=117.2 | speed=0.61x | amp=0.80 | rms/gate=0.1685/0.0020 | beat=1 accepted=1 conf=0.85 contrast=0.38 result=accepted | bright=0.09 | bands=0.48/0.52/0.00 | rhythm=0.99 | offbeat=0.50
match | accepted | confidence=0.96 | genre=HO:0.85 | bpm=121.0 | tracks=[JB3:0.68, JB5:0.67, JB1:0.66] | motion=gHO_sBM_cAll_d20_mHO5_ch10:0.66 | tags=[Electronic---Techno, Electronic---Electro, Electronic---Deep Techno]
music | bpm=117.2 | speed=0.76x | amp=0.81 | rms/gate=0.1838/0.0020 | beat=1 accepted=1 conf=0.96 contrast=0.12 result=accepted | bright=0.08 | bands=0.54/0.45/0.00 | rhythm=0.98 | offbeat=0.50
match | accepted | confidence=0.96 | genre=HO:0.86 | bpm=121.0 | tracks=[JB3:0.68, JB5:0.67, JB1:0.65] | motion=gHO_sBM_cAll_d20_mHO5_ch10:0.66 | tags=[Electronic---Techno, Electronic---Electro, Electronic---Deep Techno]
Bridge rejection: motion=gPO_sBM_cAll_d11_mPO0_ch02 exit_frame=603 entry_frame=0: No feasible Hermite duration in the search interval; duration=9.80473s joint_index=0 constraint=position range=[-272.613,0.249717] limits=[-0.87267,0.5236]; joint_order=left_ankle_pitch,left_ankle_roll,left_elbow,left_hip_pitch,left_hip_roll,left_hip_yaw,left_knee,left_shoulder_pitch,left_shoulder_roll,left_shoulder_yaw,left_wrist_pitch,left_wrist_roll,left_wrist_yaw,right_ankle_pitch,right_ankle_roll,right_elbow,right_hip_pitch,right_hip_roll,right_hip_yaw,right_knee,right_shoulder_pitch,right_shoulder_roll,right_shoulder_yaw,right_wrist_pitch,right_wrist_roll,right_wrist_yaw,waist_pitch,waist_roll,waist_yaw
Bridge rejection: motion=gPO_sBM_cAll_d11_mPO0_ch02 exit_frame=602 entry_frame=0: No feasible Hermite duration in the search interval; duration=9.80473s joint_index=0 constraint=position range=[-285.265,-0.0281645] limits=[-0.87267,0.5236]; joint_order=left_ankle_pitch,left_ankle_roll,left_elbow,left_hip_pitch,left_hip_roll,left_hip_yaw,left_knee,left_shoulder_pitch,left_shoulder_roll,left_shoulder_yaw,left_wrist_pitch,left_wrist_roll,left_wrist_yaw,right_ankle_pitch,right_ankle_roll,right_elbow,right_hip_pitch,right_hip_roll,right_hip_yaw,right_knee,right_shoulder_pitch,right_shoulder_roll,right_shoulder_yaw,right_wrist_pitch,right_wrist_roll,right_wrist_yaw,waist_pitch,waist_roll,waist_yaw
Bridge rejection: motion=gPO_sBM_cAll_d11_mPO0_ch02 exit_frame=601 entry_frame=0: No feasible Hermite duration in the search interval; duration=9.80473s joint_index=0 constraint=position range=[-285.265,-0.0281645] limits=[-0.87267,0.5236]; joint_order=left_ankle_pitch,left_ankle_roll,left_elbow,left_hip_pitch,left_hip_roll,left_hip_yaw,left_knee,left_shoulder_pitch,left_shoulder_roll,left_shoulder_yaw,left_wrist_pitch,left_wrist_roll,left_wrist_yaw,right_ankle_pitch,right_ankle_roll,right_elbow,right_hip_pitch,right_hip_roll,right_hip_yaw,right_knee,right_shoulder_pitch,right_shoulder_roll,right_shoulder_yaw,right_wrist_pitch,right_wrist_roll,right_wrist_yaw,waist_pitch,waist_roll,waist_yaw
music | bpm=117.2 | speed=0.85x | amp=0.73 | rms/gate=0.1835/0.0020 | beat=1 accepted=1 conf=0.78 contrast=0.68 result=accepted | bright=0.09 | bands=0.48/0.51/0.00 | rhythm=0.99 | offbeat=0.50
match | accepted | confidence=0.96 | genre=HO:0.86 | bpm=121.0 | tracks=[JB3:0.68, JB5:0.67, JB1:0.65] | motion=gHO_sBM_cAll_d20_mHO5_ch10:0.66 | tags=[Electronic---Techno, Electronic---Electro, Electronic---Deep Techno]
music | bpm=121.0 | speed=1.30x | amp=0.75 | rms/gate=0.1630/0.0020 | beat=1 accepted=1 conf=0.54 contrast=0.50 result=accepted | bright=0.08 | bands=0.42/0.57/0.00 | rhythm=0.99 | offbeat=0.50
match | accepted | confidence=0.96 | genre=HO:0.86 | bpm=121.0 | tracks=[JB3:0.68, JB5:0.67, JB1:0.65] | motion=gHO_sBM_cAll_d20_mHO5_ch10:0.66 | tags=[Electronic---Techno, Electronic---Electro, Electronic---Deep Techno]
music | bpm=121.0 | speed=0.89x | amp=0.78 | rms/gate=0.1747/0.0020 | beat=1 accepted=0 conf=0.69 contrast=0.03 result=weak-overload-beat | bright=0.09 | bands=0.40/0.59/0.00 | rhythm=0.98 | offbeat=0.50
match | accepted | confidence=0.96 | genre=HO:0.87 | bpm=121.0 | tracks=[JB3:0.68, JB5:0.67, JB1:0.65] | motion=gHO_sBM_cAll_d20_mHO5_ch10:0.66 | tags=[Electronic---Techno, Electronic---Electro, Electronic---Deep Techno]
music | bpm=121.0 | speed=0.55x | amp=0.77 | rms/gate=0.1923/0.0020 | beat=1 accepted=1 conf=0.76 contrast=0.15 result=too-early | bright=0.09 | bands=0.36/0.64/0.00 | rhythm=0.99 | offbeat=0.50
match | accepted | confidence=0.95 | genre=HO:0.87 | bpm=121.0 | tracks=[JB3:0.67, JB5:0.67, JB1:0.65] | motion=gHO_sBM_cAll_d20_mHO5_ch10:0.67 | tags=[Electronic---Techno, Electronic---Electro, Electronic---Deep Techno]
music | bpm=129.3 | speed=0.55x | amp=0.82 | rms/gate=0.2140/0.0020 | beat=1 accepted=1 conf=0.93 contrast=0.97 result=accepted | bright=0.12 | bands=0.29/0.70/0.00 | rhythm=0.99 | offbeat=0.50
match | accepted | confidence=0.95 | genre=HO:0.87 | bpm=121.0 | tracks=[JB3:0.68, JB5:0.67, JB1:0.65] | motion=gHO_sBM_cAll_d20_mHO5_ch10:0.67 | tags=[Electronic---Techno, Electronic---Electro, Electronic---Deep Techno]
music | bpm=208.3 | speed=0.77x | amp=0.89 | rms/gate=0.2625/0.0020 | beat=1 accepted=0 conf=0.68 contrast=0.97 result=too-early | bright=0.09 | bands=0.34/0.65/0.00 | rhythm=0.97 | offbeat=0.46
match | accepted | confidence=0.95 | genre=HO:0.86 | bpm=121.0 | tracks=[JB3:0.68, JB5:0.67, JB1:0.65] | motion=gHO_sBM_cAll_d20_mHO5_ch10:0.66 | tags=[Electronic---Techno, Electronic---Electro, Electronic---Deep Techno]
Warning: terminal hold: Candidates and replay infeasible: motion=gPO_sBM_cAll_d11_mPO0_ch02 exit_frame=629 entry_frame=0: No feasible Hermite duration in the search interval; duration=9.80473s joint_index=0 constraint=position range=[-286.051,-0.0281645] limits=[-0.87267,0.5236]; joint_order=left_ankle_pitch,left_ankle_roll,left_elbow,left_hip_pitch,left_hip_roll,left_hip_yaw,left_knee,left_shoulder_pitch,left_shoulder_roll,left_shoulder_yaw,left_wrist_pitch,left_wrist_roll,left_wrist_yaw,right_ankle_pitch,right_ankle_roll,right_elbow,right_hip_pitch,right_hip_roll,right_hip_yaw,right_knee,right_shoulder_pitch,right_shoulder_roll,right_shoulder_yaw,right_wrist_pitch,right_wrist_roll,right_wrist_yaw,waist_pitch,waist_roll,waist_yaw
music | bpm=121.0 | speed=0.88x | amp=0.86 | rms/gate=0.1993/0.0020 | beat=1 accepted=0 conf=1.00 contrast=0.85 result=too-early | bright=0.11 | bands=0.45/0.54/0.01 | rhythm=0.95 | offbeat=0.50
match | accepted | confidence=0.95 | genre=HO:0.86 | bpm=121.0 | tracks=[JB3:0.68, JB5:0.67, JB1:0.65] | motion=gHO_sBM_cAll_d20_mHO5_ch10:0.66 | tags=[Electronic---Techno, Electronic---Electro, Electronic---Deep Techno]
music | bpm=121.0 | speed=0.88x | amp=0.86 | rms/gate=0.2758/0.0020 | beat=1 accepted=1 conf=0.76 contrast=0.76 result=accepted | bright=0.09 | bands=0.64/0.35/0.00 | rhythm=0.94 | offbeat=0.56
match | accepted | confidence=0.96 | genre=HO:0.86 | bpm=121.0 | tracks=[JB3:0.68, JB5:0.67, JB1:0.65] | motion=gHO_sBM_cAll_d20_mHO5_ch10:0.66 | tags=[Electronic---Techno, Electronic---Electro, Electronic---Deep Techno]
music | bpm=121.0 | speed=0.88x | amp=0.86 | rms/gate=0.2572/0.0020 | beat=1 accepted=1 conf=0.92 contrast=0.71 result=too-early | bright=0.09 | bands=0.52/0.48/0.00 | rhythm=0.91 | offbeat=0.59
match | accepted | confidence=0.96 | genre=HO:0.85 | bpm=121.0 | tracks=[JB3:0.68, JB5:0.67, JB1:0.65] | motion=gHO_sBM_cAll_d20_mHO5_ch10:0.66 | tags=[Electronic---Techno, Electronic---Electro, Electronic---Deep Techno]
music | bpm=121.0 | speed=0.88x | amp=0.86 | rms/gate=0.2231/0.0020 | beat=1 accepted=1 conf=0.51 contrast=0.74 result=too-early | bright=0.08 | bands=0.61/0.38/0.00 | rhythm=0.85 | offbeat=0.60
match | accepted | confidence=0.97 | genre=HO:0.85 | bpm=121.0 | tracks=[JB3:0.68, JB5:0.67, JB1:0.64] | motion=gHO_sBM_cAll_d20_mHO5_ch10:0.66 | tags=[Electronic---Techno, Electronic---Electro, Electronic---Deep Techno]
music | bpm=121.0 | speed=0.88x | amp=0.86 | rms/gate=0.2623/0.0020 | beat=1 accepted=1 conf=0.91 contrast=0.76 result=too-early | bright=0.11 | bands=0.45/0.54/0.00 | rhythm=0.82 | offbeat=0.59Grounded C:\Users\Eddie\Desktop\MusicRobot\realtime\humanoid_robot\data\aistpp_gmr\gPO_sBM_cAll_d10_mPO0_ch01.pkl with constant root Z offset +0.805141 m.
Grounded C:\Users\Eddie\Desktop\MusicRobot\realtime\humanoid_robot\data\aistpp_gmr\gPO_sBM_cAll_d11_mPO0_ch01.pkl with constant root Z offset +0.805499 m.
Grounded C:\Users\Eddie\Desktop\MusicRobot\realtime\humanoid_robot\data\aistpp_gmr\gPO_sBM_cAll_d11_mPO0_ch02.pkl with constant root Z offset +0.854044 m.
Grounded C:\Users\Eddie\Desktop\MusicRobot\realtime\humanoid_robot\data\aistpp_gmr\gPO_sBM_cAll_d10_mPO0_ch02.pkl with constant root Z offset +0.841879 m.
Grounded C:\Users\Eddie\Desktop\MusicRobot\realtime\humanoid_robot\data\aistpp_gmr\gPO_sBM_cAll_d12_mPO3_ch02.pkl with constant root Z offset +0.839105 m.
Grounded C:\Users\Eddie\Desktop\MusicRobot\realtime\humanoid_robot\data\aistpp_gmr\gPO_sBM_cAll_d12_mPO3_ch01.pkl with constant root Z offset +0.807189 m.
Grounded C:\Users\Eddie\Desktop\MusicRobot\realtime\humanoid_robot\data\aistpp_gmr\gPO_sBM_cAll_d10_mPO3_ch02.pkl with constant root Z offset +0.803349 m.
Grounded C:\Users\Eddie\Desktop\MusicRobot\realtime\humanoid_robot\data\aistpp_gmr\gPO_sBM_cAll_d10_mPO3_ch01.pkl with constant root Z offset +0.821108 m.
Grounded C:\Users\Eddie\Desktop\MusicRobot\realtime\humanoid_robot\data\aistpp_gmr\gPO_sBM_cAll_d12_mPO5_ch02.pkl with constant root Z offset +0.805854 m.
Grounded C:\Users\Eddie\Desktop\MusicRobot\realtime\humanoid_robot\data\aistpp_gmr\gPO_sBM_cAll_d12_mPO5_ch01.pkl with constant root Z offset +0.823898 m.
Grounded C:\Users\Eddie\Desktop\MusicRobot\realtime\humanoid_robot\data\aistpp_gmr\gPO_sBM_cAll_d11_mPO5_ch01.pkl with constant root Z offset +0.814856 m.
Grounded C:\Users\Eddie\Desktop\MusicRobot\realtime\humanoid_robot\data\aistpp_gmr\gHO_sBM_cAll_d20_mHO5_ch10.pkl with constant root Z offset +1.000147 m.
Grounded C:\Users\Eddie\Desktop\MusicRobot\realtime\humanoid_robot\data\aistpp_gmr\gHO_sBM_cAll_d21_mHO5_ch10.pkl with constant root Z offset +1.010818 m.
Grounded C:\Users\Eddie\Desktop\MusicRobot\realtime\humanoid_robot\data\aistpp_gmr\gHO_sBM_cAll_d20_mHO5_ch06.pkl with constant root Z offset +0.964589 m.
Grounded C:\Users\Eddie\Desktop\MusicRobot\realtime\humanoid_robot\data\aistpp_gmr\gHO_sBM_cAll_d21_mHO5_ch09.pkl with constant root Z offset +0.854375 m.
Grounded C:\Users\Eddie\Desktop\MusicRobot\realtime\humanoid_robot\data\aistpp_gmr\gHO_sBM_cAll_d21_mHO5_ch03.pkl with constant root Z offset +0.872148 m.
Grounded C:\Users\Eddie\Desktop\MusicRobot\realtime\humanoid_robot\data\aistpp_gmr\gHO_sBM_cAll_d21_mHO5_ch05.pkl with constant root Z offset +0.887299 m.
Grounded C:\Users\Eddie\Desktop\MusicRobot\realtime\humanoid_robot\data\aistpp_gmr\gHO_sBM_cAll_d20_mHO5_ch05.pkl with constant root Z offset +0.843518 m.
Grounded C:\Users\Eddie\Desktop\MusicRobot\realtime\humanoid_robot\data\aistpp_gmr\gHO_sBM_cAll_d21_mHO5_ch02.pkl with constant root Z offset +0.831763 m.
Grounded C:\Users\Eddie\Desktop\MusicRobot\realtime\humanoid_robot\data\aistpp_gmr\gHO_sBM_cAll_d20_mHO5_ch04.pkl with constant root Z offset +0.828414 m.
Grounded C:\Users\Eddie\Desktop\MusicRobot\realtime\humanoid_robot\data\aistpp_gmr\gHO_sBM_cAll_d21_mHO5_ch04.pkl with constant root Z offset +0.863690 m.

match | accepted | confidence=0.98 | genre=HO:0.85 | bpm=121.0 | tracks=[JB3:0.68, JB5:0.66, JB1:0.63] | motion=gHO_sBM_cAll_d20_mHO5_ch10:0.66 | tags=[Electronic---Electro, Electronic---Techno, Electronic---Deep Techno]
music | bpm=121.0 | speed=0.88x | amp=0.86 | rms/gate=0.2159/0.0020 | beat=1 accepted=1 conf=0.93 contrast=0.79 result=too-early | bright=0.09 | bands=0.53/0.47/0.00 | rhythm=0.80 | offbeat=0.54
match | accepted | confidence=0.98 | genre=HO:0.85 | bpm=121.0 | tracks=[JB3:0.67, JB5:0.66, JB1:0.63] | motion=gHO_sBM_cAll_d20_mHO5_ch10:0.66 | tags=[Electronic---Electro, Electronic---Techno, Electronic---Deep Techno]
music | bpm=121.0 | speed=0.88x | amp=0.86 | rms/gate=0.1902/0.0020 | beat=1 accepted=1 conf=0.64 contrast=0.76 result=too-early | bright=0.12 | bands=0.29/0.70/0.01 | rhythm=0.79 | offbeat=0.53
match | accepted | confidence=0.98 | genre=HO:0.85 | bpm=121.0 | tracks=[JB3:0.67, JB5:0.66, JB1:0.63] | motion=gHO_sBM_cAll_d20_mHO5_ch10:0.65 | tags=[Electronic---Electro, Electronic---Techno, Electronic---Deep Techno]
music | bpm=121.0 | speed=0.88x | amp=0.86 | rms/gate=0.1699/0.0020 | beat=1 accepted=1 conf=0.92 contrast=0.88 result=too-early | bright=0.11 | bands=0.43/0.57/0.00 | rhythm=0.79 | offbeat=0.56
match | accepted | confidence=0.98 | genre=HO:0.85 | bpm=121.0 | tracks=[JB3:0.68, JB5:0.66, JB1:0.63] | motion=gHO_sBM_cAll_d20_mHO5_ch10:0.65 | tags=[Electronic---Techno, Electronic---Electro, Electronic---Deep Techno]
music | bpm=121.0 | speed=0.88x | amp=0.86 | rms/gate=0.1466/0.0020 | beat=1 accepted=1 conf=0.90 contrast=0.71 result=accepted | bright=0.10 | bands=0.32/0.68/0.00 | rhythm=0.79 | offbeat=0.57
match | accepted | confidence=0.98 | genre=HO:0.84 | bpm=121.0 | tracks=[JB3:0.68, JB5:0.66, JB1:0.63] | motion=gHO_sBM_cAll_d20_mHO5_ch10:0.65 | tags=[Electronic---Electro, Electronic---Techno, Electronic---Deep Techno]
music | bpm=121.0 | speed=0.88x | amp=0.86 | rms/gate=0.2720/0.0020 | beat=1 accepted=1 conf=0.86 contrast=0.41 result=accepted | bright=0.08 | bands=0.76/0.23/0.00 | rhythm=0.79 | offbeat=0.57
match | accepted | confidence=0.98 | genre=HO:0.84 | bpm=121.0 | tracks=[JB3:0.68, JB5:0.66, JB1:0.64] | motion=gHO_sBM_cAll_d20_mHO5_ch10:0.65 | tags=[Electronic---Electro, Electronic---Techno, Electronic---Deep Techno]
music | bpm=121.0 | speed=0.88x | amp=0.86 | rms/gate=0.2592/0.0020 | beat=1 accepted=1 conf=0.85 contrast=0.74 result=accepted | bright=0.10 | bands=0.48/0.52/0.00 | rhythm=0.79 | offbeat=0.59
match | accepted | confidence=0.98 | genre=HO:0.84 | bpm=121.0 | tracks=[JB3:0.68, JB5:0.66, JB1:0.63] | motion=gHO_sBM_cAll_d20_mHO5_ch10:0.65 | tags=[Electronic---Electro, Electronic---Techno, Electronic---Deep Techno]
music | bpm=121.0 | speed=0.88x | amp=0.86 | rms/gate=0.3846/0.0020 | beat=1 accepted=1 conf=0.88 contrast=0.65 result=accepted | bright=0.09 | bands=0.55/0.45/0.00 | rhythm=0.81 | offbeat=0.58
match | accepted | confidence=0.98 | genre=HO:0.83 | bpm=121.0 | tracks=[JB3:0.68, JB5:0.66, JB1:0.63] | motion=gHO_sBM_cAll_d20_mHO5_ch10:0.65 | tags=[Electronic---Electro, Electronic---Techno, Electronic---Deep Techno]
music | bpm=121.0 | speed=0.88x | amp=0.86 | rms/gate=0.4481/0.0020 | beat=1 accepted=1 conf=0.92 contrast=0.41 result=accepted | bright=0.10 | bands=0.56/0.44/0.00 | rhythm=0.82 | offbeat=0.57
