Initial retarget source: GMR artifact
Using GMR Unitree G1 joint adapter (29 actuator names resolved).
Grounded C:\Users\Eddie\Desktop\MusicRobot\realtime\humanoid_robot\data\aistpp_gmr\gLO_sBM_cAll_d13_mLO2_ch02.pkl with constant root Z offset +0.836900 m.
Using realtime virtual microphone: C:\Users\Eddie\Desktop\MusicRobot\realtime\humanoid_robot\data\test_audio\chronos.mp3 (audio starts after 1.00s denoiser reset time; speaker output=off).
Initial motion: gLO_sBM_cAll_d13_mLO2_ch02
demo | bpm=-- | speed=1.00x | amp=0.00 | rms/gate=-- | beat=0 accepted=0 conf=0.00 contrast=0.00 result=none | bright=0.00 | bands=0.00/0.00/0.00 | rhythm=0.00 | offbeat=0.00
demo | bpm=-- | speed=1.00x | amp=0.00 | rms/gate=0.0000/0.0020 | beat=0 accepted=0 conf=0.00 contrast=0.00 result=none | bright=0.00 | bands=0.00/0.00/0.00 | rhythm=0.00 | offbeat=0.00
music | bpm=-- | speed=0.98x | amp=1.03 | rms/gate=0.0450/0.0020 | beat=1 accepted=1 conf=0.59 contrast=0.50 result=accepted | bright=0.06 | bands=0.38/0.58/0.00 | rhythm=0.18 | offbeat=0.00
music | bpm=-- | speed=0.63x | amp=1.06 | rms/gate=0.0737/0.0020 | beat=1 accepted=1 conf=0.68 contrast=0.50 result=accepted | bright=0.06 | bands=0.63/0.36/0.00 | rhythm=0.44 | offbeat=0.28
match | accepted | confidence=0.81 | genre=PO:0.78 | bpm=93.8 | tracks=[JB1:0.66, JB3:0.65, JB5:0.63] | motion=gPO_sBM_cAll_d10_mPO0_ch01:0.60 | tags=[Electronic---Electro, Electronic---Experimental, Electronic---Electroclash]
music | bpm=-- | speed=0.67x | amp=1.04 | rms/gate=0.0837/0.0020 | beat=1 accepted=1 conf=0.82 contrast=0.50 result=accepted | bright=0.07 | bands=0.21/0.77/0.00 | rhythm=0.59 | offbeat=0.46
match | accepted | confidence=0.79 | genre=PO:0.72 | bpm=96.2 | tracks=[JB3:0.70, JB1:0.69, JB5:0.68] | motion=gPO_sBM_cAll_d10_mPO0_ch01:0.58 | tags=[Electronic---Electro, Electronic---Electroclash, Electronic---Synthwave]
music | bpm=85.2 | speed=0.84x | amp=1.11 | rms/gate=0.1287/0.0020 | beat=1 accepted=1 conf=0.73 contrast=0.70 result=too-early | bright=0.06 | bands=0.42/0.58/0.00 | rhythm=0.65 | offbeat=0.50
match | accepted | confidence=0.72 | genre=PO:0.71 | bpm=96.2 | tracks=[JB3:0.71, JB1:0.69, JB5:0.69] | motion=gPO_sBM_cAll_d10_mPO0_ch01:0.57 | tags=[Electronic---Electro, Electronic---Electroclash, Electronic---Synthwave]
music | bpm=91.5 | speed=1.04x | amp=0.94 | rms/gate=0.2057/0.0020 | beat=1 accepted=1 conf=0.70 contrast=0.79 result=too-early | bright=0.06 | bands=0.44/0.56/0.00 | rhythm=0.75 | offbeat=0.52
match | accepted | confidence=0.93 | genre=PO:0.73 | bpm=96.2 | tracks=[JB3:0.70, JB1:0.70, JB5:0.70] | motion=gPO_sBM_cAll_d10_mPO0_ch01:0.59 | tags=[Electronic---Electro, Electronic---Synthwave, Electronic---Ambient]
music | bpm=91.5 | speed=1.08x | amp=0.88 | rms/gate=0.2454/0.0020 | beat=1 accepted=1 conf=0.43 contrast=0.56 result=too-early | bright=0.07 | bands=0.44/0.55/0.00 | rhythm=0.79 | offbeat=0.54
match | accepted | confidence=0.94 | genre=PO:0.73 | bpm=96.2 | tracks=[JB5:0.70, JB3:0.70, JB1:0.69] | motion=gPO_sBM_cAll_d10_mPO0_ch01:0.58 | tags=[Electronic---Electro, Electronic---Techno, Electronic---Synthwave]
music | bpm=150.0 | speed=1.00x | amp=0.88 | rms/gate=0.2486/0.0020 | beat=1 accepted=1 conf=0.75 contrast=0.68 result=accepted | bright=0.08 | bands=0.39/0.60/0.00 | rhythm=0.82 | offbeat=0.54
match | accepted | confidence=0.91 | genre=PO:0.73 | bpm=121.0 | tracks=[JB3:0.69, JB5:0.69, JB1:0.69] | motion=gPO_sBM_cAll_d10_mPO0_ch01:0.59 | tags=[Electronic---Techno, Electronic---Electro, Electronic---Ambient]
Switching (selected_exit, hermite): gLO_sBM_cAll_d13_mLO2_ch02 -> gPO_sBM_cAll_d10_mPO3_ch02 entry=0.0688 blend=0.350s
Motion switch complete: gPO_sBM_cAll_d10_mPO3_ch02
music | bpm=178.6 | speed=0.62x | amp=0.85 | rms/gate=0.2097/0.0020 | beat=1 accepted=1 conf=0.67 contrast=0.36 result=accepted | bright=0.08 | bands=0.38/0.60/0.00 | rhythm=0.92 | offbeat=0.59
match | accepted | confidence=0.92 | genre=PO:0.73 | bpm=121.0 | tracks=[JB3:0.69, JB5:0.68, JB1:0.68] | motion=gPO_sBM_cAll_d10_mPO0_ch01:0.59 | tags=[Electronic---Techno, Electronic---Electro, Electronic---EBM]
music | bpm=234.4 | speed=1.30x | amp=0.76 | rms/gate=0.1498/0.0020 | beat=1 accepted=1 conf=0.87 contrast=0.76 result=too-early | bright=0.09 | bands=0.62/0.37/0.00 | rhythm=0.99 | offbeat=0.54
match | accepted | confidence=0.87 | genre=PO:0.72 | bpm=121.0 | tracks=[JB3:0.68, JB5:0.68, JB1:0.67] | motion=gPO_sBM_cAll_d10_mPO0_ch01:0.59 | tags=[Electronic---Techno, Electronic---Electro, Electronic---EBM]
music | bpm=121.0 | speed=1.24x | amp=0.79 | rms/gate=0.1860/0.0020 | beat=1 accepted=1 conf=0.88 contrast=0.47 result=accepted | bright=0.08 | bands=0.60/0.40/0.00 | rhythm=0.99 | offbeat=0.50
match | accepted | confidence=0.56 | genre=HO:0.74 | bpm=121.0 | tracks=[JB3:0.68, JB5:0.68, JB1:0.67] | motion=gHO_sBM_cAll_d20_mHO5_ch10:0.67 | tags=[Electronic---Techno, Electronic---Electro, Electronic---EBM]
music | bpm=121.0 | speed=1.28x | amp=0.82 | rms/gate=0.2370/0.0020 | beat=1 accepted=1 conf=0.82 contrast=0.59 result=too-early | bright=0.10 | bands=0.53/0.46/0.01 | rhythm=0.99 | offbeat=0.50
match | accepted | confidence=0.95 | genre=HO:0.83 | bpm=121.0 | tracks=[JB3:0.68, JB5:0.67, JB1:0.66] | motion=gHO_sBM_cAll_d20_mHO5_ch10:0.67 | tags=[Electronic---Techno, Electronic---Electro, Electronic---Ambient]
music | bpm=121.0 | speed=1.00x | amp=0.86 | rms/gate=0.2113/0.0020 | beat=1 accepted=1 conf=0.67 contrast=0.38 result=accepted | bright=0.08 | bands=0.63/0.34/0.00 | rhythm=0.99 | offbeat=0.50
match | accepted | confidence=0.95 | genre=HO:0.85 | bpm=121.0 | tracks=[JB3:0.68, JB5:0.67, JB1:0.66] | motion=gHO_sBM_cAll_d20_mHO5_ch10:0.67 | tags=[Electronic---Techno, Electronic---Electro, Electronic---Ambient]
music | bpm=121.0 | speed=1.17x | amp=0.82 | rms/gate=0.3132/0.0020 | beat=1 accepted=1 conf=0.69 contrast=0.12 result=too-early | bright=0.08 | bands=0.61/0.39/0.00 | rhythm=0.99 | offbeat=0.50
match | accepted | confidence=0.95 | genre=HO:0.85 | bpm=121.0 | tracks=[JB3:0.67, JB5:0.67, JB1:0.66] | motion=gHO_sBM_cAll_d20_mHO5_ch10:0.67 | tags=[Electronic---Techno, Electronic---Electro, Electronic---Ambient]
music | bpm=121.0 | speed=1.05x | amp=0.77 | rms/gate=0.1980/0.0020 | beat=1 accepted=1 conf=0.93 contrast=0.15 result=accepted | bright=0.08 | bands=0.63/0.36/0.00 | rhythm=0.99 | offbeat=0.50
match | accepted | confidence=0.95 | genre=HO:0.85 | bpm=121.0 | tracks=[JB3:0.67, JB5:0.67, JB1:0.66] | motion=gHO_sBM_cAll_d20_mHO5_ch10:0.67 | tags=[Electronic---Techno, Electronic---Electro, Electronic---Deep Techno]
music | bpm=121.0 | speed=0.98x | amp=0.76 | rms/gate=0.1476/0.0020 | beat=1 accepted=1 conf=0.69 contrast=0.15 result=too-early | bright=0.10 | bands=0.50/0.49/0.00 | rhythm=0.99 | offbeat=0.50
Switching (selected_exit, hermite): gPO_sBM_cAll_d10_mPO3_ch02 -> gPO_sBM_cAll_d11_mPO0_ch02 entry=0.2003 blend=0.350s
match | accepted | confidence=0.95 | genre=HO:0.85 | bpm=121.0 | tracks=[JB3:0.68, JB5:0.67, JB1:0.66] | motion=gHO_sBM_cAll_d20_mHO5_ch10:0.67 | tags=[Electronic---Techno, Electronic---Electro, Electronic---Deep Techno]
Motion switch complete: gPO_sBM_cAll_d11_mPO0_ch02
music | bpm=121.0 | speed=0.63x | amp=0.85 | rms/gate=0.2289/0.0020 | beat=1 accepted=1 conf=0.68 contrast=0.06 result=accepted | bright=0.08 | bands=0.37/0.63/0.00 | rhythm=0.98 | offbeat=0.50
match | accepted | confidence=0.95 | genre=HO:0.85 | bpm=121.0 | tracks=[JB3:0.68, JB5:0.67, JB1:0.66] | motion=gHO_sBM_cAll_d20_mHO5_ch10:0.67 | tags=[Electronic---Techno, Electronic---Electro, Electronic---Deep Techno]
music | bpm=121.0 | speed=1.26x | amp=0.79 | rms/gate=0.1548/0.0020 | beat=1 accepted=1 conf=0.67 contrast=0.06 result=accepted | bright=0.09 | bands=0.50/0.48/0.00 | rhythm=0.98 | offbeat=0.50
match | accepted | confidence=0.96 | genre=HO:0.85 | bpm=121.0 | tracks=[JB3:0.68, JB5:0.67, JB1:0.66] | motion=gHO_sBM_cAll_d20_mHO5_ch10:0.66 | tags=[Electronic---Techno, Electronic---Electro, Electronic---Deep Techno]
music | bpm=121.0 | speed=0.89x | amp=0.80 | rms/gate=0.1532/0.0020 | beat=1 accepted=1 conf=0.81 contrast=0.18 result=accepted | bright=0.07 | bands=0.48/0.52/0.00 | rhythm=0.99 | offbeat=0.50
Bridge rejection: motion=gPO_sBM_cAll_d11_mPO0_ch02 exit_frame=603 entry_frame=0: No feasible Hermite duration in the search interval; duration=9.80473s joint_index=0 constraint=position range=[-272.613,0.249717] limits=[-0.87267,0.5236]; joint_order=left_ankle_pitch,left_ankle_roll,left_elbow,left_hip_pitch,left_hip_roll,left_hip_yaw,left_knee,left_shoulder_pitch,left_shoulder_roll,left_shoulder_yaw,left_wrist_pitch,left_wrist_roll,left_wrist_yaw,right_ankle_pitch,right_ankle_roll,right_elbow,right_hip_pitch,right_hip_roll,right_hip_yaw,right_knee,right_shoulder_pitch,right_shoulder_roll,right_shoulder_yaw,right_wrist_pitch,right_wrist_roll,right_wrist_yaw,waist_pitch,waist_roll,waist_yaw
Bridge rejection: motion=gPO_sBM_cAll_d11_mPO0_ch02 exit_frame=602 entry_frame=0: No feasible Hermite duration in the search interval; duration=9.80473s joint_index=0 constraint=position range=[-285.265,-0.0281645] limits=[-0.87267,0.5236]; joint_order=left_ankle_pitch,left_ankle_roll,left_elbow,left_hip_pitch,left_hip_roll,left_hip_yaw,left_knee,left_shoulder_pitch,left_shoulder_roll,left_shoulder_yaw,left_wrist_pitch,left_wrist_roll,left_wrist_yaw,right_ankle_pitch,right_ankle_roll,right_elbow,right_hip_pitch,right_hip_roll,right_hip_yaw,right_knee,right_shoulder_pitch,right_shoulder_roll,right_shoulder_yaw,right_wrist_pitch,right_wrist_roll,right_wrist_yaw,waist_pitch,waist_roll,waist_yaw
Bridge rejection: motion=gPO_sBM_cAll_d11_mPO0_ch02 exit_frame=601 entry_frame=0: No feasible Hermite duration in the search interval; duration=9.80473s joint_index=0 constraint=position range=[-285.265,-0.0281645] limits=[-0.87267,0.5236]; joint_order=left_ankle_pitch,left_ankle_roll,left_elbow,left_hip_pitch,left_hip_roll,left_hip_yaw,left_knee,left_shoulder_pitch,left_shoulder_roll,left_shoulder_yaw,left_wrist_pitch,left_wrist_roll,left_wrist_yaw,right_ankle_pitch,right_ankle_roll,right_elbow,right_hip_pitch,right_hip_roll,right_hip_yaw,right_knee,right_shoulder_pitch,right_shoulder_roll,right_shoulder_yaw,right_wrist_pitch,right_wrist_roll,right_wrist_yaw,waist_pitch,waist_roll,waist_yaw
match | accepted | confidence=0.96 | genre=HO:0.85 | bpm=121.0 | tracks=[JB3:0.68, JB5:0.67, JB1:0.66] | motion=gHO_sBM_cAll_d20_mHO5_ch10:0.66 | tags=[Electronic---Techno, Electronic---Electro, Electronic---Deep Techno]
music | bpm=121.0 | speed=1.08x | amp=0.79 | rms/gate=0.1685/0.0020 | beat=1 accepted=1 conf=0.85 contrast=0.41 result=accepted | bright=0.10 | bands=0.48/0.52/0.00 | rhythm=0.98 | offbeat=0.50
Retrying bridge preparation with expanded shortlist: gHO_sBM_cAll_d20_mHO5_ch07, gHO_sBM_cAll_d20_mHO5_ch09, gHO_sBM_cAll_d19_mHO2_ch02, gHO_sBM_cAll_d21_mHO5_ch08, gHO_sBM_cAll_d20_mHO5_ch08, gHO_sBM_cAll_d21_mHO5_ch06, gHO_sBM_cAll_d21_mHO3_ch01, gHO_sBM_cAll_d21_mHO5_ch07, gHO_sBM_cAll_d21_mHO2_ch01, gHO_sFM_cAll_d21_mHO5_ch20
match | accepted | confidence=0.96 | genre=HO:0.85 | bpm=121.0 | tracks=[JB3:0.68, JB5:0.67, JB1:0.66] | motion=gHO_sBM_cAll_d20_mHO5_ch10:0.66 | tags=[Electronic---Techno, Electronic---Electro, Electronic---Deep Techno]
music | bpm=121.0 | speed=0.82x | amp=0.83 | rms/gate=0.1838/0.0020 | beat=1 accepted=1 conf=0.70 contrast=0.18 result=accepted | bright=0.07 | bands=0.56/0.43/0.00 | rhythm=0.99 | offbeat=0.50
match | accepted | confidence=0.96 | genre=HO:0.86 | bpm=121.0 | tracks=[JB3:0.68, JB5:0.67, JB1:0.65] | motion=gHO_sBM_cAll_d20_mHO5_ch10:0.66 | tags=[Electronic---Techno, Electronic---Electro, Electronic---Deep Techno]
music | bpm=121.0 | speed=0.71x | amp=0.74 | rms/gate=0.1835/0.0020 | beat=1 accepted=1 conf=0.96 contrast=0.41 result=too-early | bright=0.09 | bands=0.50/0.48/0.00 | rhythm=0.98 | offbeat=0.50
match | accepted | confidence=0.96 | genre=HO:0.86 | bpm=121.0 | tracks=[JB3:0.68, JB5:0.67, JB1:0.65] | motion=gHO_sBM_cAll_d20_mHO5_ch10:0.66 | tags=[Electronic---Techno, Electronic---Electro, Electronic---Deep Techno]
music | bpm=121.0 | speed=1.06x | amp=0.75 | rms/gate=0.1383/0.0020 | beat=1 accepted=1 conf=0.63 contrast=0.76 result=accepted | bright=0.08 | bands=0.36/0.64/0.00 | rhythm=0.99 | offbeat=0.50
match | accepted | confidence=0.96 | genre=HO:0.86 | bpm=121.0 | tracks=[JB3:0.68, JB5:0.67, JB1:0.65] | motion=gHO_sBM_cAll_d20_mHO5_ch10:0.66 | tags=[Electronic---Techno, Electronic---Electro, Electronic---Deep Techno]
music | bpm=121.0 | speed=0.86x | amp=0.76 | rms/gate=0.1586/0.0020 | beat=1 accepted=0 conf=1.00 contrast=0.03 result=too-early | bright=0.10 | bands=0.35/0.64/0.00 | rhythm=1.00 | offbeat=0.50
Bridge rejection: motion=gHO_sFM_cAll_d21_mHO5_ch20 exit_frame=658 entry_frame=9: No feasible Hermite duration in the search interval; duration=9.80473s joint_index=0 constraint=position range=[-25.414,-0.00457466] limits=[-0.87267,0.5236]; joint_order=left_ankle_pitch,left_ankle_roll,left_elbow,left_hip_pitch,left_hip_roll,left_hip_yaw,left_knee,left_shoulder_pitch,left_shoulder_roll,left_shoulder_yaw,left_wrist_pitch,left_wrist_roll,left_wrist_yaw,right_ankle_pitch,right_ankle_roll,right_elbow,right_hip_pitch,right_hip_roll,right_hip_yaw,right_knee,right_shoulder_pitch,right_shoulder_roll,right_shoulder_yaw,right_wrist_pitch,right_wrist_roll,right_wrist_yaw,waist_pitch,waist_roll,waist_yaw
Bridge rejection: motion=gHO_sFM_cAll_d21_mHO5_ch20 exit_frame=659 entry_frame=9: No feasible Hermite duration in the search interval; duration=9.80473s joint_index=0 constraint=position range=[-26.0613,-0.00457466] limits=[-0.87267,0.5236]; joint_order=left_ankle_pitch,left_ankle_roll,left_elbow,left_hip_pitch,left_hip_roll,left_hip_yaw,left_knee,left_shoulder_pitch,left_shoulder_roll,left_shoulder_yaw,left_wrist_pitch,left_wrist_roll,left_wrist_yaw,right_ankle_pitch,right_ankle_roll,right_elbow,right_hip_pitch,right_hip_roll,right_hip_yaw,right_knee,right_shoulder_pitch,right_shoulder_roll,right_shoulder_yaw,right_wrist_pitch,right_wrist_roll,right_wrist_yaw,waist_pitch,waist_roll,waist_yaw
Bridge rejection: motion=gHO_sFM_cAll_d21_mHO5_ch20 exit_frame=660 entry_frame=9: No feasible Hermite duration in the search interval; duration=9.80473s joint_index=0 constraint=position range=[-26.0814,-0.00457466] limits=[-0.87267,0.5236]; joint_order=left_ankle_pitch,left_ankle_roll,left_elbow,left_hip_pitch,left_hip_roll,left_hip_yaw,left_knee,left_shoulder_pitch,left_shoulder_roll,left_shoulder_yaw,left_wrist_pitch,left_wrist_roll,left_wrist_yaw,right_ankle_pitch,right_ankle_roll,right_elbow,right_hip_pitch,right_hip_roll,right_hip_yaw,right_knee,right_shoulder_pitch,right_shoulder_roll,right_shoulder_yaw,right_wrist_pitch,right_wrist_roll,right_wrist_yaw,waist_pitch,waist_roll,waist_yaw
match | accepted | confidence=0.96 | genre=HO:0.87 | bpm=121.0 | tracks=[JB3:0.68, JB5:0.67, JB1:0.65] | motion=gHO_sBM_cAll_d20_mHO5_ch10:0.66 | tags=[Electronic---Techno, Electronic---Electro, Electronic---Deep Techno]
music | bpm=121.0 | speed=0.69x | amp=0.76 | rms/gate=0.2024/0.0020 | beat=1 accepted=1 conf=0.99 contrast=0.68 result=accepted | bright=0.10 | bands=0.31/0.69/0.00 | rhythm=0.99 | offbeat=0.50
match | accepted | confidence=0.95 | genre=HO:0.87 | bpm=121.0 | tracks=[JB3:0.67, JB5:0.67, JB1:0.65] | motion=gHO_sBM_cAll_d20_mHO5_ch10:0.67 | tags=[Electronic---Techno, Electronic---Electro, Electronic---Deep Techno]
music | bpm=121.0 | speed=0.85x | amp=0.82 | rms/gate=0.2463/0.0020 | beat=1 accepted=1 conf=1.00 contrast=0.97 result=accepted | bright=0.12 | bands=0.26/0.73/0.00 | rhythm=0.98 | offbeat=0.50
Switching (selected_exit, hermite): gPO_sBM_cAll_d11_mPO0_ch02 -> gHO_sFM_cAll_d21_mHO5_ch20 entry=0.5419 blend=0.350s
match | accepted | confidence=0.95 | genre=HO:0.87 | bpm=121.0 | tracks=[JB3:0.68, JB5:0.67, JB1:0.65] | motion=gHO_sBM_cAll_d20_mHO5_ch10:0.67 | tags=[Electronic---Techno, Electronic---Electro, Electronic---Deep Techno]
Motion switch complete: gHO_sFM_cAll_d21_mHO5_ch20
Bridge rejection: motion=gHO_sFM_cAll_d21_mHO5_ch20 exit_frame=1671 entry_frame=0: No feasible Hermite duration in the search interval; duration=9.80473s joint_index=0 constraint=position range=[-1130.95,0.100353] limits=[-0.87267,0.5236]; joint_order=left_ankle_pitch,left_ankle_roll,left_elbow,left_hip_pitch,left_hip_roll,left_hip_yaw,left_knee,left_shoulder_pitch,left_shoulder_roll,left_shoulder_yaw,left_wrist_pitch,left_wrist_roll,left_wrist_yaw,right_ankle_pitch,right_ankle_roll,right_elbow,right_hip_pitch,right_hip_roll,right_hip_yaw,right_knee,right_shoulder_pitch,right_shoulder_roll,right_shoulder_yaw,right_wrist_pitch,right_wrist_roll,right_wrist_yaw,waist_pitch,waist_roll,waist_yaw
Bridge rejection: motion=gHO_sFM_cAll_d21_mHO5_ch20 exit_frame=1670 entry_frame=0: No feasible Hermite duration in the search interval; duration=9.80473s joint_index=0 constraint=position range=[-1014.09,0.100353] limits=[-0.87267,0.5236]; joint_order=left_ankle_pitch,left_ankle_roll,left_elbow,left_hip_pitch,left_hip_roll,left_hip_yaw,left_knee,left_shoulder_pitch,left_shoulder_roll,left_shoulder_yaw,left_wrist_pitch,left_wrist_roll,left_wrist_yaw,right_ankle_pitch,right_ankle_roll,right_elbow,right_hip_pitch,right_hip_roll,right_hip_yaw,right_knee,right_shoulder_pitch,right_shoulder_roll,right_shoulder_yaw,right_wrist_pitch,right_wrist_roll,right_wrist_yaw,waist_pitch,waist_roll,waist_yaw
Bridge rejection: motion=gHO_sFM_cAll_d21_mHO5_ch20 exit_frame=1669 entry_frame=0: No feasible Hermite duration in the search interval; duration=9.80473s joint_index=0 constraint=position range=[-1014.09,0.100353] limits=[-0.87267,0.5236]; joint_order=left_ankle_pitch,left_ankle_roll,left_elbow,left_hip_pitch,left_hip_roll,left_hip_yaw,left_knee,left_shoulder_pitch,left_shoulder_roll,left_shoulder_yaw,left_wrist_pitch,left_wrist_roll,left_wrist_yaw,right_ankle_pitch,right_ankle_roll,right_elbow,right_hip_pitch,right_hip_roll,right_hip_yaw,right_knee,right_shoulder_pitch,right_shoulder_roll,right_shoulder_yaw,right_wrist_pitch,right_wrist_roll,right_wrist_yaw,waist_pitch,waist_roll,waist_yaw
music | bpm=121.0 | speed=0.63x | amp=0.88 | rms/gate=0.2466/0.0020 | beat=1 accepted=1 conf=1.00 contrast=0.94 result=accepted | bright=0.09 | bands=0.34/0.65/0.00 | rhythm=0.96 | offbeat=0.53
match | accepted | confidence=0.95 | genre=HO:0.86 | bpm=121.0 | tracks=[JB3:0.68, JB5:0.67, JB1:0.65] | motion=gHO_sBM_cAll_d20_mHO5_ch10:0.66 | tags=[Electronic---Techno, Electronic---Electro, Electronic---Deep Techno]
Retrying bridge preparation with expanded shortlist: gHO_sBM_cAll_d21_mHO5_ch04, gHO_sBM_cAll_d20_mHO5_ch07, gHO_sBM_cAll_d21_mHO2_ch01, gHO_sBM_cAll_d20_mHO5_ch09, gHO_sBM_cAll_d21_mHO5_ch08, gHO_sBM_cAll_d21_mHO2_ch02, gHO_sBM_cAll_d19_mHO2_ch01, gHO_sBM_cAll_d20_mHO5_ch08, gHO_sBM_cAll_d21_mHO3_ch01, gHO_sBM_cAll_d21_mHO5_ch06
music | bpm=121.0 | speed=1.30x | amp=0.79 | rms/gate=0.1897/0.0020 | beat=1 accepted=1 conf=0.58 contrast=0.94 result=accepted | bright=0.10 | bands=0.44/0.55/0.00 | rhythm=0.95 | offbeat=0.56
Bridge rejection: motion=gHO_sFM_cAll_d21_mHO5_ch20 exit_frame=1671 entry_frame=0: No feasible Hermite duration in the search interval; duration=9.80473s joint_index=0 constraint=position range=[-1130.95,0.100353] limits=[-0.87267,0.5236]; joint_order=left_ankle_pitch,left_ankle_roll,left_elbow,left_hip_pitch,left_hip_roll,left_hip_yaw,left_knee,left_shoulder_pitch,left_shoulder_roll,left_shoulder_yaw,left_wrist_pitch,left_wrist_roll,left_wrist_yaw,right_ankle_pitch,right_ankle_roll,right_elbow,right_hip_pitch,right_hip_roll,right_hip_yaw,right_knee,right_shoulder_pitch,right_shoulder_roll,right_shoulder_yaw,right_wrist_pitch,right_wrist_roll,right_wrist_yaw,waist_pitch,waist_roll,waist_yaw
Bridge rejection: motion=gHO_sFM_cAll_d21_mHO5_ch20 exit_frame=1670 entry_frame=0: No feasible Hermite duration in the search interval; duration=9.80473s joint_index=0 constraint=position range=[-1014.09,0.100353] limits=[-0.87267,0.5236]; joint_order=left_ankle_pitch,left_ankle_roll,left_elbow,left_hip_pitch,left_hip_roll,left_hip_yaw,left_knee,left_shoulder_pitch,left_shoulder_roll,left_shoulder_yaw,left_wrist_pitch,left_wrist_roll,left_wrist_yaw,right_ankle_pitch,right_ankle_roll,right_elbow,right_hip_pitch,right_hip_roll,right_hip_yaw,right_knee,right_shoulder_pitch,right_shoulder_roll,right_shoulder_yaw,right_wrist_pitch,right_wrist_roll,right_wrist_yaw,waist_pitch,waist_roll,waist_yaw
Bridge rejection: motion=gHO_sFM_cAll_d21_mHO5_ch20 exit_frame=1669 entry_frame=0: No feasible Hermite duration in the search interval; duration=9.80473s joint_index=0 constraint=position range=[-1014.09,0.100353] limits=[-0.87267,0.5236]; joint_order=left_ankle_pitch,left_ankle_roll,left_elbow,left_hip_pitch,left_hip_roll,left_hip_yaw,left_knee,left_shoulder_pitch,left_shoulder_roll,left_shoulder_yaw,left_wrist_pitch,left_wrist_roll,left_wrist_yaw,right_ankle_pitch,right_ankle_roll,right_elbow,right_hip_pitch,right_hip_roll,right_hip_yaw,right_knee,right_shoulder_pitch,right_shoulder_roll,right_shoulder_yaw,right_wrist_pitch,right_wrist_roll,right_wrist_yaw,waist_pitch,waist_roll,waist_yaw
match | accepted | confidence=0.95 | genre=HO:0.86 | bpm=121.0 | tracks=[JB3:0.68, JB5:0.67, JB1:0.65] | motion=gHO_sBM_cAll_d20_mHO5_ch10:0.66 | tags=[Electronic---Techno, Electronic---Electro, Electronic---Deep Techno]
music | bpm=121.0 | speed=0.89x | amp=0.91 | rms/gate=0.2436/0.0020 | beat=1 accepted=1 conf=1.00 contrast=0.79 result=accepted | bright=0.08 | bands=0.64/0.35/0.00 | rhythm=0.94 | offbeat=0.57
match | accepted | confidence=0.96 | genre=HO:0.86 | bpm=121.0 | tracks=[JB3:0.68, JB5:0.67, JB1:0.65] | motion=gHO_sBM_cAll_d20_mHO5_ch10:0.66 | tags=[Electronic---Techno, Electronic---Electro, Electronic---Deep Techno]
music | bpm=121.0 | speed=0.91x | amp=0.85 | rms/gate=0.2553/0.0020 | beat=1 accepted=1 conf=0.91 contrast=0.71 result=accepted | bright=0.09 | bands=0.50/0.50/0.00 | rhythm=0.90 | offbeat=0.59
match | accepted | confidence=0.96 | genre=HO:0.85 | bpm=121.0 | tracks=[JB3:0.68, JB5:0.67, JB1:0.65] | motion=gHO_sBM_cAll_d20_mHO5_ch10:0.66 | tags=[Electronic---Techno, Electronic---Electro, Electronic---Deep Techno]
music | bpm=121.0 | speed=1.04x | amp=0.84 | rms/gate=0.1914/0.0020 | beat=1 accepted=1 conf=0.87 contrast=0.74 result=accepted | bright=0.08 | bands=0.63/0.37/0.00 | rhythm=0.85 | offbeat=0.60
match | accepted | confidence=0.97 | genre=HO:0.85 | bpm=121.0 | tracks=[JB3:0.68, JB5:0.67, JB1:0.64] | motion=gHO_sBM_cAll_d20_mHO5_ch10:0.66 | tags=[Electronic---Techno, Electronic---Electro, Electronic---Deep Techno]
music | bpm=121.0 | speed=1.08x | amp=0.80 | rms/gate=0.2219/0.0020 | beat=1 accepted=1 conf=0.92 contrast=0.79 result=accepted | bright=0.09 | bands=0.43/0.56/0.00 | rhythm=0.82 | offbeat=0.59
match | accepted | confidence=0.98 | genre=HO:0.85 | bpm=121.0 | tracks=[JB3:0.68, JB5:0.66, JB1:0.63] | motion=gHO_sBM_cAll_d20_mHO5_ch10:0.66 | tags=[Electronic---Electro, Electronic---Techno, Electronic---Deep Techno]
music | bpm=121.0 | speed=1.30x | amp=0.86 | rms/gate=0.3377/0.0020 | beat=1 accepted=1 conf=0.93 contrast=0.82 result=accepted | bright=0.09 | bands=0.51/0.49/0.00 | rhythm=0.79 | offbeat=0.54
match | accepted | confidence=0.98 | genre=HO:0.85 | bpm=121.0 | tracks=[JB3:0.67, JB5:0.66, JB1:0.63] | motion=gHO_sBM_cAll_d20_mHO5_ch10:0.66 | tags=[Electronic---Electro, Electronic---Techno, Electronic---Deep Techno]
music | bpm=121.0 | speed=1.30x | amp=0.73 | rms/gate=0.2696/0.0020 | beat=1 accepted=1 conf=0.96 contrast=0.71 result=too-early | bright=0.12 | bands=0.30/0.70/0.00 | rhythm=0.79 | offbeat=0.53
match | accepted | confidence=0.98 | genre=HO:0.85 | bpm=121.0 | tracks=[JB3:0.67, JB5:0.66, JB1:0.63] | motion=gHO_sBM_cAll_d20_mHO5_ch10:0.65 | tags=[Electronic---Electro, Electronic---Techno, Electronic---Deep Techno]
music | bpm=121.0 | speed=0.55x | amp=0.73 | rms/gate=0.4530/0.0020 | beat=1 accepted=1 conf=0.86 contrast=0.88 result=accepted | bright=0.10 | bands=0.46/0.53/0.00 | rhythm=0.79 | offbeat=0.56
match | accepted | confidence=0.98 | genre=HO:0.85 | bpm=121.0 | tracks=[JB3:0.68, JB5:0.66, JB1:0.63] | motion=gHO_sBM_cAll_d20_mHO5_ch10:0.65 | tags=[Electronic---Techno, Electronic---Electro, Electronic---Deep Techno]
music | bpm=121.0 | speed=0.55x | amp=0.76 | rms/gate=0.4081/0.0020 | beat=1 accepted=1 conf=0.91 contrast=0.71 result=accepted | bright=0.10 | bands=0.45/0.54/0.00 | rhythm=0.78 | offbeat=0.56
match | accepted | confidence=0.98 | genre=HO:0.84 | bpm=121.0 | tracks=[JB3:0.68, JB5:0.66, JB1:0.63] | motion=gHO_sBM_cAll_d20_mHO5_ch10:0.65 | tags=[Electronic---Electro, Electronic---Techno, Electronic---Deep Techno]
music | bpm=121.0 | speed=0.55x | amp=0.92 | rms/gate=0.4474/0.0020 | beat=1 accepted=1 conf=0.86 contrast=0.47 result=accepted | bright=0.08 | bands=0.81/0.19/0.00 | rhythm=0.79 | offbeat=0.56Grounded C:\Users\Eddie\Desktop\MusicRobot\realtime\humanoid_robot\data\aistpp_gmr\gPO_sBM_cAll_d10_mPO0_ch01.pkl with constant root Z offset +0.805141 m.
Grounded C:\Users\Eddie\Desktop\MusicRobot\realtime\humanoid_robot\data\aistpp_gmr\gPO_sBM_cAll_d11_mPO0_ch01.pkl with constant root Z offset +0.805499 m.
Grounded C:\Users\Eddie\Desktop\MusicRobot\realtime\humanoid_robot\data\aistpp_gmr\gPO_sBM_cAll_d11_mPO0_ch02.pkl with constant root Z offset +0.854044 m.
Grounded C:\Users\Eddie\Desktop\MusicRobot\realtime\humanoid_robot\data\aistpp_gmr\gPO_sBM_cAll_d10_mPO0_ch02.pkl with constant root Z offset +0.841879 m.
Grounded C:\Users\Eddie\Desktop\MusicRobot\realtime\humanoid_robot\data\aistpp_gmr\gPO_sBM_cAll_d12_mPO3_ch02.pkl with constant root Z offset +0.839105 m.
Grounded C:\Users\Eddie\Desktop\MusicRobot\realtime\humanoid_robot\data\aistpp_gmr\gPO_sBM_cAll_d12_mPO3_ch01.pkl with constant root Z offset +0.807189 m.
Grounded C:\Users\Eddie\Desktop\MusicRobot\realtime\humanoid_robot\data\aistpp_gmr\gPO_sBM_cAll_d10_mPO3_ch02.pkl with constant root Z offset +0.803349 m.
Grounded C:\Users\Eddie\Desktop\MusicRobot\realtime\humanoid_robot\data\aistpp_gmr\gPO_sBM_cAll_d10_mPO3_ch01.pkl with constant root Z offset +0.821108 m.
Grounded C:\Users\Eddie\Desktop\MusicRobot\realtime\humanoid_robot\data\aistpp_gmr\gPO_sBM_cAll_d12_mPO5_ch02.pkl with constant root Z offset +0.805854 m.
Grounded C:\Users\Eddie\Desktop\MusicRobot\realtime\humanoid_robot\data\aistpp_gmr\gPO_sBM_cAll_d12_mPO5_ch01.pkl with constant root Z offset +0.823898 m.
Grounded C:\Users\Eddie\Desktop\MusicRobot\realtime\humanoid_robot\data\aistpp_gmr\gPO_sBM_cAll_d11_mPO5_ch01.pkl with constant root Z offset +0.814856 m.
Grounded C:\Users\Eddie\Desktop\MusicRobot\realtime\humanoid_robot\data\aistpp_gmr\gHO_sBM_cAll_d20_mHO5_ch10.pkl with constant root Z offset +1.000147 m.
Grounded C:\Users\Eddie\Desktop\MusicRobot\realtime\humanoid_robot\data\aistpp_gmr\gHO_sBM_cAll_d21_mHO5_ch10.pkl with constant root Z offset +1.010818 m.
Grounded C:\Users\Eddie\Desktop\MusicRobot\realtime\humanoid_robot\data\aistpp_gmr\gHO_sBM_cAll_d20_mHO5_ch06.pkl with constant root Z offset +0.964589 m.
Grounded C:\Users\Eddie\Desktop\MusicRobot\realtime\humanoid_robot\data\aistpp_gmr\gHO_sBM_cAll_d21_mHO5_ch09.pkl with constant root Z offset +0.854375 m.
Grounded C:\Users\Eddie\Desktop\MusicRobot\realtime\humanoid_robot\data\aistpp_gmr\gHO_sBM_cAll_d21_mHO5_ch03.pkl with constant root Z offset +0.872148 m.
Grounded C:\Users\Eddie\Desktop\MusicRobot\realtime\humanoid_robot\data\aistpp_gmr\gHO_sBM_cAll_d21_mHO5_ch05.pkl with constant root Z offset +0.887299 m.
Grounded C:\Users\Eddie\Desktop\MusicRobot\realtime\humanoid_robot\data\aistpp_gmr\gHO_sBM_cAll_d20_mHO5_ch05.pkl with constant root Z offset +0.843518 m.
Grounded C:\Users\Eddie\Desktop\MusicRobot\realtime\humanoid_robot\data\aistpp_gmr\gHO_sBM_cAll_d21_mHO5_ch02.pkl with constant root Z offset +0.831763 m.
Grounded C:\Users\Eddie\Desktop\MusicRobot\realtime\humanoid_robot\data\aistpp_gmr\gHO_sBM_cAll_d20_mHO5_ch04.pkl with constant root Z offset +0.828414 m.
Grounded C:\Users\Eddie\Desktop\MusicRobot\realtime\humanoid_robot\data\aistpp_gmr\gHO_sBM_cAll_d21_mHO5_ch04.pkl with constant root Z offset +0.863690 m.
Grounded C:\Users\Eddie\Desktop\MusicRobot\realtime\humanoid_robot\data\aistpp_gmr\gHO_sBM_cAll_d20_mHO5_ch07.pkl with constant root Z offset +0.896678 m.
Grounded C:\Users\Eddie\Desktop\MusicRobot\realtime\humanoid_robot\data\aistpp_gmr\gHO_sBM_cAll_d20_mHO5_ch09.pkl with constant root Z offset +0.845700 m.
Grounded C:\Users\Eddie\Desktop\MusicRobot\realtime\humanoid_robot\data\aistpp_gmr\gHO_sBM_cAll_d19_mHO2_ch02.pkl with constant root Z offset +0.845639 m.
Grounded C:\Users\Eddie\Desktop\MusicRobot\realtime\humanoid_robot\data\aistpp_gmr\gHO_sBM_cAll_d21_mHO5_ch08.pkl with constant root Z offset +0.871826 m.
Grounded C:\Users\Eddie\Desktop\MusicRobot\realtime\humanoid_robot\data\aistpp_gmr\gHO_sBM_cAll_d20_mHO5_ch08.pkl with constant root Z offset +0.922792 m.
Grounded C:\Users\Eddie\Desktop\MusicRobot\realtime\humanoid_robot\data\aistpp_gmr\gHO_sBM_cAll_d21_mHO5_ch06.pkl with constant root Z offset +0.944395 m.
Grounded C:\Users\Eddie\Desktop\MusicRobot\realtime\humanoid_robot\data\aistpp_gmr\gHO_sBM_cAll_d21_mHO3_ch01.pkl with constant root Z offset +0.904718 m.
Grounded C:\Users\Eddie\Desktop\MusicRobot\realtime\humanoid_robot\data\aistpp_gmr\gHO_sBM_cAll_d21_mHO5_ch07.pkl with constant root Z offset +0.874818 m.
Grounded C:\Users\Eddie\Desktop\MusicRobot\realtime\humanoid_robot\data\aistpp_gmr\gHO_sBM_cAll_d21_mHO2_ch01.pkl with constant root Z offset +0.865442 m.
Grounded C:\Users\Eddie\Desktop\MusicRobot\realtime\humanoid_robot\data\aistpp_gmr\gHO_sFM_cAll_d21_mHO5_ch20.pkl with constant root Z offset +0.992814 m.
Grounded C:\Users\Eddie\Desktop\MusicRobot\realtime\humanoid_robot\data\aistpp_gmr\gHO_sBM_cAll_d21_mHO2_ch02.pkl with constant root Z offset +0.843206 m.
Grounded C:\Users\Eddie\Desktop\MusicRobot\realtime\humanoid_robot\data\aistpp_gmr\gHO_sBM_cAll_d19_mHO2_ch01.pkl with constant root Z offset +0.855197 m.

match | accepted | confidence=0.98 | genre=HO:0.84 | bpm=121.0 | tracks=[JB3:0.68, JB5:0.66, JB1:0.64] | motion=gHO_sBM_cAll_d20_mHO5_ch10:0.65 | tags=[Electronic---Electro, Electronic---Techno, Electronic---Deep Techno]
music | bpm=121.0 | speed=0.55x | amp=0.79 | rms/gate=0.2562/0.0020 | beat=1 accepted=1 conf=0.55 contrast=0.76 result=too-early | bright=0.09 | bands=0.59/0.41/0.00 | rhythm=0.80 | offbeat=0.59
match | accepted | confidence=0.98 | genre=HO:0.84 | bpm=121.0 | tracks=[JB3:0.68, JB5:0.66, JB1:0.63] | motion=gHO_sBM_cAll_d20_mHO5_ch10:0.65 | tags=[Electronic---Electro, Electronic---Techno, Electronic---Deep Techno]
music | bpm=121.0 | speed=0.88x | amp=0.84 | rms/gate=0.4815/0.0020 | beat=1 accepted=1 conf=0.80 contrast=0.71 result=too-early | bright=0.08 | bands=0.68/0.31/0.00 | rhythm=0.82 | offbeat=0.57
match | accepted | confidence=0.98 | genre=HO:0.83 | bpm=121.0 | tracks=[JB3:0.68, JB5:0.66, JB1:0.63] | motion=gHO_sBM_cAll_d20_mHO5_ch10:0.65 | tags=[Electronic---Electro, Electronic---Techno, Electronic---Deep Techno]
music | bpm=121.0 | speed=1.22x | amp=0.85 | rms/gate=0.3506/0.0020 | beat=1 accepted=1 conf=0.93 contrast=0.41 result=accepted | bright=0.09 | bands=0.55/0.44/0.00 | rhythm=0.83 | offbeat=0.57
