Initial retarget source: GMR artifact
Using GMR Unitree G1 joint adapter (29 actuator names resolved).
Grounded C:\Users\Eddie\Desktop\MusicRobot\realtime\humanoid_robot\data\aistpp_gmr\gWA_sBM_cAll_d26_mWA0_ch05.pkl with constant root Z offset +0.913246 m.
Using realtime virtual microphone: C:\Users\Eddie\Desktop\MusicRobot\realtime\humanoid_robot\data\test_audio\chronos.mp3 (audio starts after 1.00s denoiser reset time; speaker output=off).
Initial motion: gWA_sBM_cAll_d26_mWA0_ch05
demo | bpm=-- | speed=1.00x | amp=0.00 | rms/gate=-- | beat=0 accepted=0 conf=0.00 contrast=0.00 result=none | bright=0.00 | bands=0.00/0.00/0.00 | rhythm=0.00 | offbeat=0.00
demo | bpm=-- | speed=1.00x | amp=0.00 | rms/gate=0.0000/0.0020 | beat=0 accepted=0 conf=0.00 contrast=0.00 result=none | bright=0.00 | bands=0.00/0.00/0.00 | rhythm=0.00 | offbeat=0.00
music | bpm=-- | speed=0.55x | amp=1.04 | rms/gate=0.0450/0.0020 | beat=1 accepted=1 conf=0.59 contrast=0.50 result=accepted | bright=0.06 | bands=0.39/0.57/0.00 | rhythm=0.18 | offbeat=0.00
music | bpm=-- | speed=0.55x | amp=1.05 | rms/gate=0.0705/0.0020 | beat=1 accepted=1 conf=0.59 contrast=0.50 result=accepted | bright=0.07 | bands=0.66/0.34/0.00 | rhythm=0.43 | offbeat=0.33
match | accepted | confidence=0.81 | genre=PO:0.78 | bpm=93.8 | tracks=[JB1:0.66, JB3:0.65, JB5:0.63] | motion=gPO_sBM_cAll_d10_mPO0_ch01:0.60 | tags=[Electronic---Electro, Electronic---Experimental, Electronic---Electroclash]
music | bpm=-- | speed=0.55x | amp=1.05 | rms/gate=0.0925/0.0020 | beat=1 accepted=1 conf=0.63 contrast=0.50 result=accepted | bright=0.07 | bands=0.22/0.75/0.00 | rhythm=0.58 | offbeat=0.46
match | accepted | confidence=0.79 | genre=PO:0.72 | bpm=96.2 | tracks=[JB3:0.70, JB1:0.69, JB5:0.68] | motion=gPO_sBM_cAll_d10_mPO0_ch01:0.58 | tags=[Electronic---Electro, Electronic---Electroclash, Electronic---Synthwave]
music | bpm=75.0 | speed=0.55x | amp=1.07 | rms/gate=0.1290/0.0020 | beat=1 accepted=1 conf=0.63 contrast=0.70 result=accepted | bright=0.07 | bands=0.44/0.56/0.00 | rhythm=0.65 | offbeat=0.50
match | accepted | confidence=0.72 | genre=PO:0.71 | bpm=96.2 | tracks=[JB3:0.71, JB1:0.69, JB5:0.69] | motion=gPO_sBM_cAll_d10_mPO0_ch01:0.57 | tags=[Electronic---Electro, Electronic---Electroclash, Electronic---Synthwave]
music | bpm=89.3 | speed=0.55x | amp=0.96 | rms/gate=0.2970/0.0020 | beat=1 accepted=0 conf=1.00 contrast=0.92 result=too-early | bright=0.06 | bands=0.46/0.53/0.00 | rhythm=0.75 | offbeat=0.52
match | accepted | confidence=0.93 | genre=PO:0.73 | bpm=96.2 | tracks=[JB3:0.70, JB1:0.70, JB5:0.70] | motion=gPO_sBM_cAll_d10_mPO0_ch01:0.59 | tags=[Electronic---Electro, Electronic---Synthwave, Electronic---Ambient]
music | bpm=91.5 | speed=0.55x | amp=0.90 | rms/gate=0.2783/0.0020 | beat=1 accepted=1 conf=0.88 contrast=0.50 result=too-early | bright=0.06 | bands=0.49/0.50/0.00 | rhythm=0.79 | offbeat=0.53
match | accepted | confidence=0.94 | genre=PO:0.73 | bpm=96.2 | tracks=[JB5:0.70, JB3:0.70, JB1:0.69] | motion=gPO_sBM_cAll_d10_mPO0_ch01:0.58 | tags=[Electronic---Electro, Electronic---Techno, Electronic---Synthwave]
music | bpm=91.5 | speed=0.55x | amp=0.94 | rms/gate=0.2455/0.0020 | beat=1 accepted=1 conf=0.74 contrast=0.83 result=accepted | bright=0.06 | bands=0.43/0.56/0.00 | rhythm=0.81 | offbeat=0.55
match | accepted | confidence=0.91 | genre=PO:0.73 | bpm=121.0 | tracks=[JB3:0.69, JB5:0.69, JB1:0.69] | motion=gPO_sBM_cAll_d10_mPO0_ch01:0.59 | tags=[Electronic---Techno, Electronic---Electro, Electronic---Ambient]
music | bpm=121.0 | speed=0.94x | amp=0.93 | rms/gate=0.3300/0.0020 | beat=1 accepted=1 conf=0.67 contrast=0.46 result=accepted | bright=0.06 | bands=0.54/0.44/0.00 | rhythm=0.90 | offbeat=0.49
match | accepted | confidence=0.92 | genre=PO:0.73 | bpm=121.0 | tracks=[JB3:0.69, JB5:0.68, JB1:0.68] | motion=gPO_sBM_cAll_d10_mPO0_ch01:0.59 | tags=[Electronic---Techno, Electronic---Electro, Electronic---EBM]
music | bpm=121.0 | speed=1.06x | amp=0.87 | rms/gate=0.1751/0.0020 | beat=1 accepted=1 conf=0.93 contrast=0.77 result=accepted | bright=0.06 | bands=0.78/0.22/0.00 | rhythm=0.98 | offbeat=0.48
match | accepted | confidence=0.87 | genre=PO:0.72 | bpm=121.0 | tracks=[JB3:0.68, JB5:0.68, JB1:0.67] | motion=gPO_sBM_cAll_d10_mPO0_ch01:0.59 | tags=[Electronic---Techno, Electronic---Electro, Electronic---EBM]
music | bpm=121.0 | speed=1.09x | amp=0.86 | rms/gate=0.2028/0.0020 | beat=1 accepted=1 conf=0.97 contrast=0.73 result=too-early | bright=0.07 | bands=0.67/0.33/0.00 | rhythm=0.99 | offbeat=0.50
match | accepted | confidence=0.56 | genre=HO:0.74 | bpm=121.0 | tracks=[JB3:0.68, JB5:0.68, JB1:0.67] | motion=gHO_sBM_cAll_d20_mHO5_ch10:0.67 | tags=[Electronic---Techno, Electronic---Electro, Electronic---EBM]
music | bpm=121.0 | speed=0.65x | amp=0.86 | rms/gate=0.1251/0.0020 | beat=1 accepted=1 conf=0.82 contrast=0.50 result=accepted | bright=0.07 | bands=0.72/0.27/0.00 | rhythm=0.99 | offbeat=0.50
match | accepted | confidence=0.95 | genre=HO:0.83 | bpm=121.0 | tracks=[JB3:0.68, JB5:0.67, JB1:0.66] | motion=gHO_sBM_cAll_d20_mHO5_ch10:0.67 | tags=[Electronic---Techno, Electronic---Electro, Electronic---Ambient]
music | bpm=121.0 | speed=0.76x | amp=0.92 | rms/gate=0.1816/0.0020 | beat=1 accepted=1 conf=0.90 contrast=0.24 result=accepted | bright=0.06 | bands=0.71/0.27/0.00 | rhythm=0.99 | offbeat=0.50
match | accepted | confidence=0.95 | genre=HO:0.85 | bpm=121.0 | tracks=[JB3:0.68, JB5:0.67, JB1:0.66] | motion=gHO_sBM_cAll_d20_mHO5_ch10:0.67 | tags=[Electronic---Techno, Electronic---Electro, Electronic---Ambient]
music | bpm=121.0 | speed=0.86x | amp=0.84 | rms/gate=0.2412/0.0020 | beat=1 accepted=0 conf=0.68 contrast=0.03 result=weak-overload-beat | bright=0.06 | bands=0.75/0.24/0.00 | rhythm=0.98 | offbeat=0.50
match | accepted | confidence=0.95 | genre=HO:0.85 | bpm=121.0 | tracks=[JB3:0.67, JB5:0.67, JB1:0.66] | motion=gHO_sBM_cAll_d20_mHO5_ch10:0.67 | tags=[Electronic---Techno, Electronic---Electro, Electronic---Ambient]
music | bpm=121.0 | speed=0.84x | amp=0.80 | rms/gate=0.1436/0.0020 | beat=1 accepted=1 conf=0.73 contrast=0.06 result=too-early | bright=0.06 | bands=0.73/0.27/0.00 | rhythm=0.99 | offbeat=0.50
Switching (motion_end, hermite): gWA_sBM_cAll_d26_mWA0_ch05 -> gPO_sBM_cAll_d10_mPO0_ch01 entry=0.4492 blend=0.350s
match | accepted | confidence=0.95 | genre=HO:0.85 | bpm=121.0 | tracks=[JB3:0.67, JB5:0.67, JB1:0.66] | motion=gHO_sBM_cAll_d20_mHO5_ch10:0.67 | tags=[Electronic---Techno, Electronic---Electro, Electronic---Deep Techno]
Motion switch complete: gPO_sBM_cAll_d10_mPO0_ch01
music | bpm=125.0 | speed=0.84x | amp=0.86 | rms/gate=0.1590/0.0020 | beat=1 accepted=1 conf=0.94 contrast=0.06 result=none | bright=0.08 | bands=0.62/0.37/0.00 | rhythm=0.98 | offbeat=0.50
match | accepted | confidence=0.95 | genre=HO:0.85 | bpm=121.0 | tracks=[JB3:0.68, JB5:0.67, JB1:0.66] | motion=gHO_sBM_cAll_d20_mHO5_ch10:0.67 | tags=[Electronic---Techno, Electronic---Electro, Electronic---Deep Techno]
music | bpm=121.0 | speed=0.84x | amp=0.88 | rms/gate=0.1961/0.0020 | beat=1 accepted=0 conf=0.68 contrast=0.03 result=weak-overload-beat | bright=0.07 | bands=0.46/0.53/0.00 | rhythm=0.98 | offbeat=0.50
match | accepted | confidence=0.95 | genre=HO:0.85 | bpm=121.0 | tracks=[JB3:0.68, JB5:0.67, JB1:0.66] | motion=gHO_sBM_cAll_d20_mHO5_ch10:0.67 | tags=[Electronic---Techno, Electronic---Electro, Electronic---Deep Techno]
music | bpm=121.0 | speed=1.05x | amp=0.86 | rms/gate=0.1436/0.0020 | beat=1 accepted=1 conf=0.85 contrast=0.09 result=too-early | bright=0.07 | bands=0.72/0.27/0.00 | rhythm=0.99 | offbeat=0.50
match | accepted | confidence=0.96 | genre=HO:0.85 | bpm=121.0 | tracks=[JB3:0.68, JB5:0.67, JB1:0.66] | motion=gHO_sBM_cAll_d20_mHO5_ch10:0.66 | tags=[Electronic---Techno, Electronic---Electro, Electronic---Deep Techno]
music | bpm=121.0 | speed=1.60x | amp=0.84 | rms/gate=0.2139/0.0020 | beat=1 accepted=1 conf=0.81 contrast=0.18 result=too-early | bright=0.08 | bands=0.61/0.39/0.00 | rhythm=0.98 | offbeat=0.50
match | accepted | confidence=0.96 | genre=HO:0.85 | bpm=121.0 | tracks=[JB3:0.68, JB5:0.67, JB1:0.66] | motion=gHO_sBM_cAll_d20_mHO5_ch10:0.66 | tags=[Electronic---Techno, Electronic---Electro, Electronic---Deep Techno]
music | bpm=121.0 | speed=1.30x | amp=0.86 | rms/gate=0.1446/0.0020 | beat=1 accepted=1 conf=0.75 contrast=0.44 result=accepted | bright=0.09 | bands=0.66/0.33/0.00 | rhythm=0.99 | offbeat=0.50
match | accepted | confidence=0.96 | genre=HO:0.85 | bpm=121.0 | tracks=[JB3:0.68, JB5:0.67, JB1:0.66] | motion=gHO_sBM_cAll_d20_mHO5_ch10:0.66 | tags=[Electronic---Techno, Electronic---Electro, Electronic---Deep Techno]
music | bpm=121.0 | speed=1.25x | amp=0.88 | rms/gate=0.1620/0.0020 | beat=1 accepted=1 conf=0.73 contrast=0.18 result=accepted | bright=0.08 | bands=0.61/0.38/0.00 | rhythm=0.99 | offbeat=0.50
Switching (motion_end, hermite): gPO_sBM_cAll_d10_mPO0_ch01 -> gHO_sBM_cAll_d20_mHO5_ch10 entry=0.0424 blend=0.350s
Motion switch complete: gHO_sBM_cAll_d20_mHO5_ch10
match | accepted | confidence=0.96 | genre=HO:0.86 | bpm=121.0 | tracks=[JB3:0.68, JB5:0.67, JB1:0.65] | motion=gHO_sBM_cAll_d20_mHO5_ch10:0.66 | tags=[Electronic---Techno, Electronic---Electro, Electronic---Deep Techno]
music | bpm=121.0 | speed=0.72x | amp=0.80 | rms/gate=0.2141/0.0020 | beat=1 accepted=1 conf=0.61 contrast=0.41 result=accepted | bright=0.08 | bands=0.78/0.21/0.00 | rhythm=1.00 | offbeat=0.50
match | accepted | confidence=0.96 | genre=HO:0.86 | bpm=121.0 | tracks=[JB3:0.68, JB5:0.67, JB1:0.65] | motion=gHO_sBM_cAll_d20_mHO5_ch10:0.66 | tags=[Electronic---Techno, Electronic---Electro, Electronic---Deep Techno]
music | bpm=121.0 | speed=1.22x | amp=0.80 | rms/gate=0.2105/0.0020 | beat=1 accepted=1 conf=0.96 contrast=0.12 result=accepted | bright=0.07 | bands=0.61/0.38/0.00 | rhythm=0.99 | offbeat=0.50
match | accepted | confidence=0.96 | genre=HO:0.86 | bpm=121.0 | tracks=[JB3:0.68, JB5:0.67, JB1:0.65] | motion=gHO_sBM_cAll_d20_mHO5_ch10:0.66 | tags=[Electronic---Techno, Electronic---Electro, Electronic---Deep Techno]
music | bpm=121.0 | speed=1.15x | amp=0.84 | rms/gate=0.2402/0.0020 | beat=1 accepted=1 conf=0.69 contrast=0.06 result=accepted | bright=0.08 | bands=0.67/0.33/0.00 | rhythm=1.00 | offbeat=0.50
music | bpm=117.2 | speed=0.89x | amp=0.83 | rms/gate=0.1672/0.0020 | beat=1 accepted=1 conf=0.72 contrast=0.47 result=accepted | bright=0.09 | bands=0.51/0.49/0.00 | rhythm=0.98 | offbeat=0.50
match | accepted | confidence=0.96 | genre=HO:0.87 | bpm=121.0 | tracks=[JB3:0.68, JB5:0.67, JB1:0.65] | motion=gHO_sBM_cAll_d20_mHO5_ch10:0.66 | tags=[Electronic---Techno, Electronic---Electro, Electronic---Deep Techno]
music | bpm=133.9 | speed=1.49x | amp=0.87 | rms/gate=0.2748/0.0020 | beat=1 accepted=1 conf=1.00 contrast=0.97 result=accepted | bright=0.14 | bands=0.42/0.56/0.01 | rhythm=0.99 | offbeat=0.50
match | accepted | confidence=0.95 | genre=HO:0.87 | bpm=121.0 | tracks=[JB3:0.67, JB5:0.67, JB1:0.65] | motion=gHO_sBM_cAll_d20_mHO5_ch10:0.67 | tags=[Electronic---Techno, Electronic---Electro, Electronic---Deep Techno]
music | bpm=208.3 | speed=1.43x | amp=0.92 | rms/gate=0.2580/0.0020 | beat=1 accepted=1 conf=1.00 contrast=0.85 result=too-early | bright=0.11 | bands=0.42/0.57/0.00 | rhythm=0.97 | offbeat=0.46
match | accepted | confidence=0.95 | genre=HO:0.87 | bpm=121.0 | tracks=[JB3:0.68, JB5:0.67, JB1:0.65] | motion=gHO_sBM_cAll_d20_mHO5_ch10:0.67 | tags=[Electronic---Techno, Electronic---Electro, Electronic---Deep Techno]
Switching (motion_end, hermite): gHO_sBM_cAll_d20_mHO5_ch10 -> gHO_sBM_cAll_d21_mHO5_ch10 entry=0.0541 blend=0.350s
music | bpm=121.0 | speed=0.77x | amp=0.96 | rms/gate=0.2263/0.0020 | beat=1 accepted=1 conf=1.00 contrast=0.88 result=accepted | bright=0.12 | bands=0.57/0.42/0.01 | rhythm=0.95 | offbeat=0.50
match | accepted | confidence=0.95 | genre=HO:0.86 | bpm=121.0 | tracks=[JB3:0.68, JB5:0.67, JB1:0.65] | motion=gHO_sBM_cAll_d20_mHO5_ch10:0.66 | tags=[Electronic---Techno, Electronic---Electro, Electronic---Deep Techno]
Motion switch complete: gHO_sBM_cAll_d21_mHO5_ch10
music | bpm=121.0 | speed=0.63x | amp=0.92 | rms/gate=0.3276/0.0020 | beat=1 accepted=1 conf=1.00 contrast=0.50 result=accepted | bright=0.11 | bands=0.67/0.33/0.00 | rhythm=0.94 | offbeat=0.56
match | accepted | confidence=0.95 | genre=HO:0.86 | bpm=121.0 | tracks=[JB3:0.68, JB5:0.67, JB1:0.65] | motion=gHO_sBM_cAll_d20_mHO5_ch10:0.66 | tags=[Electronic---Techno, Electronic---Electro, Electronic---Deep Techno]
music | bpm=121.0 | speed=0.94x | amp=0.87 | rms/gate=0.2877/0.0020 | beat=1 accepted=1 conf=0.88 contrast=0.35 result=accepted | bright=0.11 | bands=0.70/0.29/0.00 | rhythm=0.91 | offbeat=0.58
match | accepted | confidence=0.96 | genre=HO:0.86 | bpm=121.0 | tracks=[JB3:0.68, JB5:0.67, JB1:0.65] | motion=gHO_sBM_cAll_d20_mHO5_ch10:0.66 | tags=[Electronic---Techno, Electronic---Electro, Electronic---Deep Techno]
music | bpm=117.2 | speed=1.24x | amp=0.90 | rms/gate=0.2930/0.0020 | beat=1 accepted=1 conf=0.91 contrast=0.18 result=accepted | bright=0.11 | bands=0.57/0.42/0.00 | rhythm=0.86 | offbeat=0.56
match | accepted | confidence=0.96 | genre=HO:0.85 | bpm=121.0 | tracks=[JB3:0.68, JB5:0.67, JB1:0.65] | motion=gHO_sBM_cAll_d20_mHO5_ch10:0.66 | tags=[Electronic---Techno, Electronic---Electro, Electronic---Deep Techno]
music | bpm=121.0 | speed=1.34x | amp=0.83 | rms/gate=0.2071/0.0020 | beat=1 accepted=1 conf=0.86 contrast=0.35 result=accepted | bright=0.10 | bands=0.59/0.39/0.00 | rhythm=0.83 | offbeat=0.52
match | accepted | confidence=0.97 | genre=HO:0.85 | bpm=121.0 | tracks=[JB3:0.68, JB5:0.67, JB1:0.64] | motion=gHO_sBM_cAll_d20_mHO5_ch10:0.66 | tags=[Electronic---Techno, Electronic---Electro, Electronic---Deep Techno]
music | bpm=121.0 | speed=0.55x | amp=0.90 | rms/gate=0.2350/0.0020 | beat=1 accepted=1 conf=0.88 contrast=0.24 result=accepted | bright=0.11 | bands=0.50/0.49/0.01 | rhythm=0.80 | offbeat=0.47
match | accepted | confidence=0.98 | genre=HO:0.85 | bpm=121.0 | tracks=[JB3:0.68, JB5:0.66, JB1:0.63] | motion=gHO_sBM_cAll_d20_mHO5_ch10:0.66 | tags=[Electronic---Electro, Electronic---Techno, Electronic---Deep Techno]
music | bpm=121.0 | speed=0.55x | amp=0.75 | rms/gate=0.1926/0.0020 | beat=1 accepted=1 conf=0.95 contrast=0.74 result=accepted | bright=0.13 | bands=0.40/0.58/0.01 | rhythm=0.79 | offbeat=0.47
match | accepted | confidence=0.98 | genre=HO:0.85 | bpm=121.0 | tracks=[JB3:0.67, JB5:0.66, JB1:0.63] | motion=gHO_sBM_cAll_d20_mHO5_ch10:0.66 | tags=[Electronic---Electro, Electronic---Techno, Electronic---Deep Techno]
music | bpm=121.0 | speed=0.86x | amp=0.76 | rms/gate=0.1628/0.0020 | beat=1 accepted=1 conf=0.86 contrast=0.94 result=accepted | bright=0.11 | bands=0.39/0.60/0.00 | rhythm=0.79 | offbeat=0.50
match | accepted | confidence=0.98 | genre=HO:0.85 | bpm=121.0 | tracks=[JB3:0.67, JB5:0.66, JB1:0.63] | motion=gHO_sBM_cAll_d20_mHO5_ch10:0.65 | tags=[Electronic---Electro, Electronic---Techno, Electronic---Deep Techno]
music | bpm=121.0 | speed=0.62x | amp=0.79 | rms/gate=0.2035/0.0020 | beat=1 accepted=1 conf=0.90 contrast=0.74 result=too-early | bright=0.13 | bands=0.37/0.62/0.01 | rhythm=0.79 | offbeat=0.53
Warning: terminal hold: Candidates and replay infeasible: Boundary state exceeds joint limits
match | accepted | confidence=0.98 | genre=HO:0.85 | bpm=121.0 | tracks=[JB3:0.68, JB5:0.66, JB1:0.63] | motion=gHO_sBM_cAll_d20_mHO5_ch10:0.65 | tags=[Electronic---Techno, Electronic---Electro, Electronic---Deep Techno]
music | bpm=121.0 | speed=0.61x | amp=0.76 | rms/gate=0.2688/0.0020 | beat=1 accepted=1 conf=0.88 contrast=0.65 result=accepted | bright=0.11 | bands=0.73/0.26/0.01 | rhythm=0.79 | offbeat=0.59
match | accepted | confidence=0.98 | genre=HO:0.84 | bpm=121.0 | tracks=[JB3:0.68, JB5:0.66, JB1:0.63] | motion=gHO_sBM_cAll_d20_mHO5_ch10:0.65 | tags=[Electronic---Electro, Electronic---Techno, Electronic---Deep Techno]
music | bpm=121.0 | speed=0.61x | amp=0.76 | rms/gate=0.1702/0.0020 | beat=1 accepted=1 conf=0.85 contrast=0.85 result=accepted | bright=0.12 | bands=0.60/0.39/0.00 | rhythm=0.80 | offbeat=0.59
match | accepted | confidence=0.98 | genre=HO:0.84 | bpm=121.0 | tracks=[JB3:0.68, JB5:0.66, JB1:0.64] | motion=gHO_sBM_cAll_d20_mHO5_ch10:0.65 | tags=[Electronic---Electro, Electronic---Techno, Electronic---Deep Techno]
music | bpm=121.0 | speed=0.61x | amp=0.76 | rms/gate=0.1942/0.0020 | beat=1 accepted=1 conf=0.50 contrast=0.82 result=accepted | bright=0.10 | bands=0.43/0.56/0.00 | rhythm=0.81 | offbeat=0.59Grounded C:\Users\Eddie\Desktop\MusicRobot\realtime\humanoid_robot\data\aistpp_gmr\gPO_sBM_cAll_d10_mPO0_ch01.pkl with constant root Z offset +0.805141 m.
Grounded C:\Users\Eddie\Desktop\MusicRobot\realtime\humanoid_robot\data\aistpp_gmr\gHO_sBM_cAll_d20_mHO5_ch10.pkl with constant root Z offset +1.000147 m.
Grounded C:\Users\Eddie\Desktop\MusicRobot\realtime\humanoid_robot\data\aistpp_gmr\gHO_sBM_cAll_d21_mHO5_ch10.pkl with constant root Z offset +1.010818 m.

match | accepted | confidence=0.98 | genre=HO:0.84 | bpm=121.0 | tracks=[JB3:0.68, JB5:0.66, JB1:0.63] | motion=gHO_sBM_cAll_d20_mHO5_ch10:0.65 | tags=[Electronic---Electro, Electronic---Techno, Electronic---Deep Techno]
music | bpm=121.0 | speed=0.61x | amp=0.76 | rms/gate=0.1586/0.0020 | beat=1 accepted=1 conf=0.93 contrast=0.50 result=accepted | bright=0.11 | bands=0.60/0.39/0.01 | rhythm=0.82 | offbeat=0.59
match | accepted | confidence=0.98 | genre=HO:0.83 | bpm=121.0 | tracks=[JB3:0.68, JB5:0.66, JB1:0.63] | motion=gHO_sBM_cAll_d20_mHO5_ch10:0.65 | tags=[Electronic---Electro, Electronic---Techno, Electronic---Deep Techno]
