Initial retarget source: GMR artifact
Using GMR Unitree G1 joint adapter (29 actuator names resolved).
Grounded C:\Users\Eddie\Desktop\MusicRobot\realtime\humanoid_robot\data\aistpp_gmr\gWA_sBM_cAll_d26_mWA0_ch05.pkl with constant root Z offset +0.913246 m.
Using realtime virtual microphone: C:\Users\Eddie\Desktop\MusicRobot\realtime\humanoid_robot\data\test_audio\chronos.mp3 (audio starts after 1.00s denoiser reset time; speaker output=off).
Initial motion: gWA_sBM_cAll_d26_mWA0_ch05
demo | bpm=-- | speed=1.00x | amp=0.00 | rms/gate=-- | beat=0 accepted=0 conf=0.00 contrast=0.00 result=none | bright=0.00 | bands=0.00/0.00/0.00 | rhythm=0.00 | offbeat=0.00
demo | bpm=-- | speed=1.00x | amp=0.00 | rms/gate=0.0000/0.0020 | beat=0 accepted=0 conf=0.00 contrast=0.00 result=none | bright=0.00 | bands=0.00/0.00/0.00 | rhythm=0.00 | offbeat=0.00
music | bpm=-- | speed=0.55x | amp=1.03 | rms/gate=0.0450/0.0020 | beat=1 accepted=1 conf=0.51 contrast=0.50 result=too-early | bright=0.06 | bands=0.39/0.57/0.00 | rhythm=0.18 | offbeat=0.00
music | bpm=-- | speed=0.55x | amp=1.06 | rms/gate=0.0705/0.0020 | beat=1 accepted=1 conf=0.59 contrast=0.50 result=accepted | bright=0.06 | bands=0.66/0.33/0.00 | rhythm=0.43 | offbeat=0.57
match | accepted | confidence=0.81 | genre=PO:0.78 | bpm=93.8 | tracks=[JB1:0.66, JB3:0.65, JB5:0.63] | motion=gPO_sBM_cAll_d10_mPO0_ch01:0.60 | tags=[Electronic---Electro, Electronic---Experimental, Electronic---Electroclash]
music | bpm=156.3 | speed=0.55x | amp=1.05 | rms/gate=0.0925/0.0020 | beat=1 accepted=1 conf=0.64 contrast=0.92 result=too-early | bright=0.07 | bands=0.22/0.76/0.00 | rhythm=0.58 | offbeat=0.50
match | accepted | confidence=0.79 | genre=PO:0.72 | bpm=96.2 | tracks=[JB3:0.70, JB1:0.69, JB5:0.68] | motion=gPO_sBM_cAll_d10_mPO0_ch01:0.58 | tags=[Electronic---Electro, Electronic---Electroclash, Electronic---Synthwave]
music | bpm=178.6 | speed=0.55x | amp=1.07 | rms/gate=0.1290/0.0020 | beat=1 accepted=1 conf=0.73 contrast=0.78 result=too-early | bright=0.07 | bands=0.44/0.56/0.00 | rhythm=0.65 | offbeat=0.48
match | accepted | confidence=0.72 | genre=PO:0.71 | bpm=96.2 | tracks=[JB3:0.71, JB1:0.69, JB5:0.69] | motion=gPO_sBM_cAll_d10_mPO0_ch01:0.57 | tags=[Electronic---Electro, Electronic---Electroclash, Electronic---Synthwave]
music | bpm=178.6 | speed=1.25x | amp=0.98 | rms/gate=0.3886/0.0020 | beat=1 accepted=1 conf=0.85 contrast=0.83 result=too-early | bright=0.06 | bands=0.47/0.53/0.00 | rhythm=0.76 | offbeat=0.47
match | accepted | confidence=0.93 | genre=PO:0.73 | bpm=96.2 | tracks=[JB3:0.70, JB1:0.70, JB5:0.70] | motion=gPO_sBM_cAll_d10_mPO0_ch01:0.59 | tags=[Electronic---Electro, Electronic---Synthwave, Electronic---Ambient]
music | bpm=187.5 | speed=1.60x | amp=0.92 | rms/gate=0.2783/0.0020 | beat=1 accepted=1 conf=0.69 contrast=0.67 result=too-early | bright=0.06 | bands=0.51/0.49/0.00 | rhythm=0.79 | offbeat=0.37
match | accepted | confidence=0.94 | genre=PO:0.73 | bpm=96.2 | tracks=[JB5:0.70, JB3:0.70, JB1:0.69] | motion=gPO_sBM_cAll_d10_mPO0_ch01:0.58 | tags=[Electronic---Electro, Electronic---Techno, Electronic---Synthwave]
music | bpm=187.5 | speed=0.93x | amp=0.96 | rms/gate=0.2455/0.0020 | beat=1 accepted=1 conf=0.70 contrast=0.44 result=accepted | bright=0.06 | bands=0.42/0.57/0.00 | rhythm=0.82 | offbeat=0.44
match | accepted | confidence=0.91 | genre=PO:0.73 | bpm=121.0 | tracks=[JB3:0.69, JB5:0.69, JB1:0.69] | motion=gPO_sBM_cAll_d10_mPO0_ch01:0.59 | tags=[Electronic---Techno, Electronic---Electro, Electronic---Ambient]
music | bpm=234.4 | speed=1.10x | amp=0.94 | rms/gate=0.3300/0.0020 | beat=1 accepted=1 conf=0.89 contrast=0.38 result=weak-overload-beat | bright=0.06 | bands=0.52/0.46/0.00 | rhythm=0.90 | offbeat=0.52
match | accepted | confidence=0.92 | genre=PO:0.73 | bpm=121.0 | tracks=[JB3:0.69, JB5:0.68, JB1:0.68] | motion=gPO_sBM_cAll_d10_mPO0_ch01:0.59 | tags=[Electronic---Techno, Electronic---Electro, Electronic---EBM]
music | bpm=121.0 | speed=0.57x | amp=0.82 | rms/gate=0.1751/0.0020 | beat=1 accepted=1 conf=0.98 contrast=0.21 result=accepted | bright=0.06 | bands=0.77/0.22/0.00 | rhythm=0.98 | offbeat=0.50
match | accepted | confidence=0.87 | genre=PO:0.72 | bpm=121.0 | tracks=[JB3:0.68, JB5:0.68, JB1:0.67] | motion=gPO_sBM_cAll_d10_mPO0_ch01:0.59 | tags=[Electronic---Techno, Electronic---Electro, Electronic---EBM]
music | bpm=121.0 | speed=0.74x | amp=0.85 | rms/gate=0.2028/0.0020 | beat=1 accepted=1 conf=0.69 contrast=0.15 result=too-early | bright=0.07 | bands=0.68/0.32/0.00 | rhythm=0.99 | offbeat=0.50
match | accepted | confidence=0.56 | genre=HO:0.74 | bpm=121.0 | tracks=[JB3:0.68, JB5:0.68, JB1:0.67] | motion=gHO_sBM_cAll_d20_mHO5_ch10:0.67 | tags=[Electronic---Techno, Electronic---Electro, Electronic---EBM]
music | bpm=121.0 | speed=0.85x | amp=0.88 | rms/gate=0.1251/0.0020 | beat=1 accepted=1 conf=0.99 contrast=0.26 result=too-early | bright=0.07 | bands=0.71/0.28/0.00 | rhythm=0.99 | offbeat=0.50
match | accepted | confidence=0.95 | genre=HO:0.83 | bpm=121.0 | tracks=[JB3:0.68, JB5:0.67, JB1:0.66] | motion=gHO_sBM_cAll_d20_mHO5_ch10:0.67 | tags=[Electronic---Techno, Electronic---Electro, Electronic---Ambient]
music | bpm=121.0 | speed=1.05x | amp=0.91 | rms/gate=0.1816/0.0020 | beat=1 accepted=1 conf=0.72 contrast=0.24 result=too-early | bright=0.06 | bands=0.71/0.27/0.00 | rhythm=0.99 | offbeat=0.50
Switching (motion_end, hermite): gWA_sBM_cAll_d26_mWA0_ch05 -> gPO_sBM_cAll_d12_mPO3_ch02 entry=0.2161 blend=0.350s
match | accepted | confidence=0.95 | genre=HO:0.85 | bpm=121.0 | tracks=[JB3:0.68, JB5:0.67, JB1:0.66] | motion=gHO_sBM_cAll_d20_mHO5_ch10:0.67 | tags=[Electronic---Techno, Electronic---Electro, Electronic---Ambient]
Motion switch complete: gPO_sBM_cAll_d12_mPO3_ch02
music | bpm=121.0 | speed=1.06x | amp=0.90 | rms/gate=0.2412/0.0020 | beat=1 accepted=1 conf=0.91 contrast=0.35 result=none | bright=0.06 | bands=0.76/0.24/0.00 | rhythm=0.98 | offbeat=0.50
match | accepted | confidence=0.95 | genre=HO:0.85 | bpm=121.0 | tracks=[JB3:0.67, JB5:0.67, JB1:0.66] | motion=gHO_sBM_cAll_d20_mHO5_ch10:0.67 | tags=[Electronic---Techno, Electronic---Electro, Electronic---Ambient]
music | bpm=121.0 | speed=1.36x | amp=0.80 | rms/gate=0.1436/0.0020 | beat=1 accepted=1 conf=0.73 contrast=0.32 result=accepted | bright=0.06 | bands=0.71/0.28/0.00 | rhythm=0.99 | offbeat=0.50
match | accepted | confidence=0.95 | genre=HO:0.85 | bpm=121.0 | tracks=[JB3:0.67, JB5:0.67, JB1:0.66] | motion=gHO_sBM_cAll_d20_mHO5_ch10:0.67 | tags=[Electronic---Techno, Electronic---Electro, Electronic---Deep Techno]
music | bpm=121.0 | speed=1.13x | amp=0.80 | rms/gate=0.1590/0.0020 | beat=1 accepted=1 conf=0.94 contrast=0.24 result=accepted | bright=0.09 | bands=0.60/0.39/0.00 | rhythm=0.98 | offbeat=0.50
match | accepted | confidence=0.95 | genre=HO:0.85 | bpm=121.0 | tracks=[JB3:0.68, JB5:0.67, JB1:0.66] | motion=gHO_sBM_cAll_d20_mHO5_ch10:0.67 | tags=[Electronic---Techno, Electronic---Electro, Electronic---Deep Techno]
music | bpm=121.0 | speed=0.84x | amp=0.86 | rms/gate=0.1961/0.0020 | beat=1 accepted=1 conf=0.68 contrast=0.12 result=accepted | bright=0.07 | bands=0.46/0.53/0.00 | rhythm=0.98 | offbeat=0.50
match | accepted | confidence=0.95 | genre=HO:0.85 | bpm=121.0 | tracks=[JB3:0.68, JB5:0.67, JB1:0.66] | motion=gHO_sBM_cAll_d20_mHO5_ch10:0.67 | tags=[Electronic---Techno, Electronic---Electro, Electronic---Deep Techno]
music | bpm=121.0 | speed=0.93x | amp=0.85 | rms/gate=0.1436/0.0020 | beat=1 accepted=1 conf=0.90 contrast=0.21 result=accepted | bright=0.07 | bands=0.71/0.28/0.00 | rhythm=0.98 | offbeat=0.50
match | accepted | confidence=0.96 | genre=HO:0.85 | bpm=121.0 | tracks=[JB3:0.68, JB5:0.67, JB1:0.66] | motion=gHO_sBM_cAll_d20_mHO5_ch10:0.66 | tags=[Electronic---Techno, Electronic---Electro, Electronic---Deep Techno]
music | bpm=121.0 | speed=0.94x | amp=0.83 | rms/gate=0.2139/0.0020 | beat=1 accepted=1 conf=0.84 contrast=0.35 result=accepted | bright=0.08 | bands=0.60/0.40/0.00 | rhythm=0.99 | offbeat=0.50
match | accepted | confidence=0.96 | genre=HO:0.85 | bpm=121.0 | tracks=[JB3:0.68, JB5:0.67, JB1:0.66] | motion=gHO_sBM_cAll_d20_mHO5_ch10:0.66 | tags=[Electronic---Techno, Electronic---Electro, Electronic---Deep Techno]Grounded C:\Users\Eddie\Desktop\MusicRobot\realtime\humanoid_robot\data\aistpp_gmr\gPO_sBM_cAll_d10_mPO0_ch01.pkl with constant root Z offset +0.805141 m.
Grounded C:\Users\Eddie\Desktop\MusicRobot\realtime\humanoid_robot\data\aistpp_gmr\gPO_sBM_cAll_d11_mPO0_ch01.pkl with constant root Z offset +0.805499 m.
Grounded C:\Users\Eddie\Desktop\MusicRobot\realtime\humanoid_robot\data\aistpp_gmr\gPO_sBM_cAll_d11_mPO0_ch02.pkl with constant root Z offset +0.854044 m.
Grounded C:\Users\Eddie\Desktop\MusicRobot\realtime\humanoid_robot\data\aistpp_gmr\gPO_sBM_cAll_d10_mPO0_ch02.pkl with constant root Z offset +0.841879 m.
Grounded C:\Users\Eddie\Desktop\MusicRobot\realtime\humanoid_robot\data\aistpp_gmr\gPO_sBM_cAll_d12_mPO3_ch02.pkl with constant root Z offset +0.839105 m.
Grounded C:\Users\Eddie\Desktop\MusicRobot\realtime\humanoid_robot\data\aistpp_gmr\gHO_sBM_cAll_d20_mHO5_ch10.pkl with constant root Z offset +1.000147 m.
Grounded C:\Users\Eddie\Desktop\MusicRobot\realtime\humanoid_robot\data\aistpp_gmr\gHO_sBM_cAll_d21_mHO5_ch10.pkl with constant root Z offset +1.010818 m.
Grounded C:\Users\Eddie\Desktop\MusicRobot\realtime\humanoid_robot\data\aistpp_gmr\gHO_sBM_cAll_d20_mHO5_ch06.pkl with constant root Z offset +0.964589 m.
Grounded C:\Users\Eddie\Desktop\MusicRobot\realtime\humanoid_robot\data\aistpp_gmr\gHO_sBM_cAll_d21_mHO5_ch09.pkl with constant root Z offset +0.854375 m.
Grounded C:\Users\Eddie\Desktop\MusicRobot\realtime\humanoid_robot\data\aistpp_gmr\gHO_sBM_cAll_d21_mHO5_ch03.pkl with constant root Z offset +0.872148 m.

Warning: terminal hold: Candidates and replay infeasible: Boundary state exceeds joint limits
music | bpm=121.0 | speed=0.84x | amp=0.82 | rms/gate=0.1446/0.0020 | beat=1 accepted=0 conf=0.98 contrast=0.53 result=too-early | bright=0.09 | bands=0.66/0.33/0.00 | rhythm=0.98 | offbeat=0.50
match | accepted | confidence=0.96 | genre=HO:0.85 | bpm=121.0 | tracks=[JB3:0.68, JB5:0.67, JB1:0.66] | motion=gHO_sBM_cAll_d20_mHO5_ch10:0.66 | tags=[Electronic---Techno, Electronic---Electro, Electronic---Deep Techno]
music | bpm=121.0 | speed=0.84x | amp=0.82 | rms/gate=0.1620/0.0020 | beat=1 accepted=1 conf=0.89 contrast=0.21 result=accepted | bright=0.08 | bands=0.62/0.37/0.00 | rhythm=0.99 | offbeat=0.50
match | accepted | confidence=0.96 | genre=HO:0.86 | bpm=121.0 | tracks=[JB3:0.68, JB5:0.67, JB1:0.65] | motion=gHO_sBM_cAll_d20_mHO5_ch10:0.66 | tags=[Electronic---Techno, Electronic---Electro, Electronic---Deep Techno]
music | bpm=121.0 | speed=0.84x | amp=0.82 | rms/gate=0.2141/0.0020 | beat=1 accepted=1 conf=0.96 contrast=0.41 result=accepted | bright=0.08 | bands=0.76/0.23/0.00 | rhythm=0.98 | offbeat=0.50
match | accepted | confidence=0.96 | genre=HO:0.86 | bpm=121.0 | tracks=[JB3:0.68, JB5:0.67, JB1:0.65] | motion=gHO_sBM_cAll_d20_mHO5_ch10:0.66 | tags=[Electronic---Techno, Electronic---Electro, Electronic---Deep Techno]
music | bpm=121.0 | speed=0.84x | amp=0.82 | rms/gate=0.2105/0.0020 | beat=1 accepted=1 conf=0.83 contrast=0.12 result=accepted | bright=0.08 | bands=0.59/0.40/0.00 | rhythm=0.99 | offbeat=0.50
match | accepted | confidence=0.96 | genre=HO:0.86 | bpm=121.0 | tracks=[JB3:0.68, JB5:0.67, JB1:0.65] | motion=gHO_sBM_cAll_d20_mHO5_ch10:0.66 | tags=[Electronic---Techno, Electronic---Electro, Electronic---Deep Techno]
music | bpm=121.0 | speed=0.84x | amp=0.82 | rms/gate=0.2461/0.0020 | beat=1 accepted=1 conf=0.73 contrast=0.03 result=accepted | bright=0.09 | bands=0.56/0.43/0.00 | rhythm=0.98 | offbeat=0.50
music | bpm=121.0 | speed=0.84x | amp=0.82 | rms/gate=0.1672/0.0020 | beat=1 accepted=1 conf=1.00 contrast=0.24 result=accepted | bright=0.09 | bands=0.53/0.47/0.00 | rhythm=0.99 | offbeat=0.50
match | accepted | confidence=0.96 | genre=HO:0.87 | bpm=121.0 | tracks=[JB3:0.68, JB5:0.67, JB1:0.65] | motion=gHO_sBM_cAll_d20_mHO5_ch10:0.66 | tags=[Electronic---Techno, Electronic---Electro, Electronic---Deep Techno]
