xrobotoolkit_sdk not found, skip for now. If you do not use XRobotStreamer, 
it's fine.
XRobotStreamer is not installed. Please install xrobotoolkit_sdk to use this 
feature.
[GMR] Robot Degrees of Freedom (DoF) names and their order:
[GMR] Robot Body names and their IDs:
[GMR] Robot Motor (Actuator) names and their IDs:
horizon failed: fixed boundary duration 0.2
horizon failed: fixed boundary duration 0.2
horizon failed: fixed boundary duration 0.1
horizon failed: fixed boundary duration 0.2
horizon failed: fixed boundary duration 0.1
horizon failed: fixed boundary duration 0.2
horizon failed: fixed boundary duration 0.1
horizon failed: fixed boundary duration 0.05
horizon failed: fixed boundary duration 0.2
horizon failed: fixed boundary duration 0.1
horizon failed: fixed boundary duration 0.2
horizon failed: fixed boundary duration 0.1
horizon failed: fixed boundary duration 0.2
horizon failed: fixed boundary duration 0.1
horizon failed: fixed boundary duration 0.2
horizon failed: fixed boundary duration 0.1
horizon failed: fixed boundary duration 0.2
horizon failed: fixed boundary duration 0.1
horizon failed: fixed boundary duration 0.05
horizon failed: fixed boundary duration 0.2
horizon failed: fixed boundary duration 0.2
horizon failed: fixed boundary duration 0.2
horizon failed: fixed boundary duration 0.2
horizon failed: fixed boundary duration 0.2
horizon failed: fixed boundary duration 0.1
horizon failed: fixed boundary duration 0.2
horizon failed: fixed boundary duration 0.1
horizon failed: fixed boundary duration 0.2
horizon failed: fixed boundary duration 0.1
horizon failed: fixed boundary duration 0.2
horizon failed: fixed boundary duration 0.1
horizon failed: fixed boundary duration 0.05
horizon failed: fixed boundary duration 0.2
horizon failed: fixed boundary duration 0.2
horizon failed: fixed boundary duration 0.2
horizon failed: fixed boundary duration 0.2
horizon failed: fixed boundary duration 0.2
horizon failed: fixed boundary duration 0.1
horizon failed: fixed boundary duration 0.2
horizon failed: fixed boundary duration 0.1
horizon failed: fixed boundary duration 0.2
horizon failed: fixed boundary duration 0.1
horizon failed: fixed boundary duration 0.05
horizon failed: fixed boundary duration 0.2
horizon failed: fixed boundary duration 0.1
horizon failed: fixed boundary duration 0.2
horizon failed: fixed boundary duration 0.1
horizon failed: fixed boundary duration 0.2
horizon failed: fixed boundary duration 0.1
horizon failed: fixed boundary duration 0.05
horizon failed: fixed boundary duration 0.2
horizon failed: fixed boundary duration 0.2
horizon failed: fixed boundary duration 0.2
horizon failed: fixed boundary duration 0.2
horizon failed: fixed boundary duration 0.1
horizon failed: fixed boundary duration 0.2
horizon failed: fixed boundary duration 0.2
horizon failed: fixed boundary duration 0.2
horizon failed: fixed boundary duration 0.2
horizon failed: fixed boundary duration 0.1
horizon failed: fixed boundary duration 0.2
horizon failed: fixed boundary duration 0.1
horizon failed: fixed boundary duration 0.2
horizon failed: fixed boundary duration 0.1
horizon failed: fixed boundary duration 0.2
horizon failed: fixed boundary duration 0.1
horizon failed: fixed boundary duration 0.05
horizon failed: fixed boundary duration 0.2
horizon failed: fixed boundary duration 0.2
horizon failed: fixed boundary duration 0.2
horizon failed: fixed boundary duration 0.2
horizon failed: fixed boundary duration 0.2
horizon failed: fixed boundary duration 0.1
horizon failed: fixed boundary duration 0.2
horizon failed: fixed boundary duration 0.1
horizon failed: fixed boundary duration 0.2
horizon failed: fixed boundary duration 0.1
horizon failed: fixed boundary duration 0.2
horizon failed: fixed boundary duration 0.1
horizon failed: fixed boundary duration 0.2
horizon failed: fixed boundary duration 0.1
horizon failed: fixed boundary duration 0.2
horizon failed: fixed boundary duration 0.1
horizon failed: fixed boundary duration 0.05
horizon failed: fixed boundary duration 0.2
horizon failed: fixed boundary duration 0.2
horizon failed: fixed boundary duration 0.2
horizon failed: fixed boundary duration 0.2
horizon failed: fixed boundary duration 0.2
horizon failed: fixed boundary duration 0.1
horizon failed: fixed boundary duration 0.2
horizon failed: fixed boundary duration 0.1
horizon failed: fixed boundary duration 0.2
horizon failed: fixed boundary duration 0.1
horizon failed: fixed boundary duration 0.05
horizon failed: fixed boundary duration 0.2
horizon failed: fixed boundary duration 0.1
horizon failed: fixed boundary duration 0.2
horizon failed: fixed boundary duration 0.1
horizon failed: nonlinear check or exact bound duration 0.05
horizon failed: fixed boundary duration 0.2
horizon failed: fixed boundary duration 0.1
horizon failed: fixed boundary duration 0.2
horizon failed: fixed boundary duration 0.1
horizon failed: fixed boundary duration 0.2
horizon failed: fixed boundary duration 0.1
horizon failed: fixed boundary duration 0.2
horizon failed: fixed boundary duration 0.1
horizon failed: fixed boundary duration 0.05
horizon failed: fixed boundary duration 0.2
horizon failed: fixed boundary duration 0.2
horizon failed: fixed boundary duration 0.2
horizon failed: fixed boundary duration 0.2
horizon failed: fixed boundary duration 0.2
horizon failed: fixed boundary duration 0.2
horizon failed: fixed boundary duration 0.1
horizon failed: fixed boundary duration 0.2
horizon failed: fixed boundary duration 0.1
horizon failed: fixed boundary duration 0.2
horizon failed: fixed boundary duration 0.1
horizon failed: nonlinear check or exact bound duration 0.05
horizon failed: fixed boundary duration 0.2
horizon failed: fixed boundary duration 0.1
horizon failed: fixed boundary duration 0.05
horizon failed: nonlinear check or exact bound duration 0.016666666666666666
ValueError: No feasible state-continuous collision trajectory at frame 69; clip not published.
