**
(thesis.tex
LaTeX2e <2021-11-15> patch level 1
L3 programming layer <2022-02-24> (project_report - pg.tex (report.cls
Document Class: report 2021/10/04 v1.4n Standard LaTeX document class
(size10.clo
File: size10.clo 2021/10/04 v1.4n Standard LaTeX file (size option)
)
\c@part=\count181
\c@chapter=\count182
\c@section=\count183
\c@subsection=\count184
\c@subsubsection=\count185
\c@paragraph=\count186
\c@subparagraph=\count187
\c@figure=\count188
\c@table=\count189
\abovecaptionskip=\skip47
\belowcaptionskip=\skip48
\bibindent=\dimen138
) (setspace.sty
Package: setspace 2011/12/19 v6.7a set line spacing
) (amssymb.sty
Package: amssymb 2013/01/14 v3.01 AMS font symbols
 (amsfonts.sty
Package: amsfonts 2013/01/14 v3.01 Basic AMSFonts support
\@emptytoks=\toks16
\symAMSa=\mathgroup4
\symAMSb=\mathgroup5
LaTeX Font Info:    Redeclaring math symbol \hbar on input line 98.
LaTeX Font Info:    Overwriting math alphabet `\mathfrak' in version `bold'
(Font)                  U/euf/m/n --> U/euf/b/n on input line 106.
)) (graphicx.sty
Package: graphicx 2021/09/16 v1.2d Enhanced LaTeX Graphics (DPC,SPQR)

(keyval.sty
Package: keyval 2014/10/28 v1.15 key=value parser (DPC)
\KV@toks@=\toks17
) (graphics.sty
Package: graphics 2021/03/04 v1.4d Standard LaTeX Graphics (DPC,SPQR)
 (trig.sty
Package: trig 2021/08/11 v1.11 sin cos tan (DPC)
) (graphics.cfg
File: graphics.cfg 2016/06/04 v1.11 sample graphics configuration
)
Package graphics Info: Driver file: xetex.def on input line 107.
 (xetex.def
File: xetex.def 2021/03/18 v5.0k Graphics/color driver for xetex
))
\Gin@req@height=\dimen139
\Gin@req@width=\dimen140
) (color.sty
Package: color 2021/12/07 v1.3c Standard LaTeX Color (DPC)

(color.cfg
File: color.cfg 2016/01/02 v1.6 sample color configuration
)
Package color Info: Driver file: xetex.def on input line 149.
) (latexsym.sty
Package: latexsym 1998/08/17 v2.2e Standard LaTeX package (lasy symbols)
\symlasy=\mathgroup6
LaTeX Font Info:    Overwriting symbol font `lasy' in version `bold'
(Font)                  U/lasy/m/n --> U/lasy/b/n on input line 52.
) (a4wide.sty
Package: a4wide 1994/08/30
 (a4.sty
Package: a4 2020/02/18 v1.2g A4 based page layout
)) (amsmath.sty
Package: amsmath 2021/10/15 v2.17l AMS math features
\@mathmargin=\skip49

For additional information on amsmath, use the `?' option.
(amstext.sty
Package: amstext 2021/08/26 v2.01 AMS text
 (amsgen.sty
File: amsgen.sty 1999/11/30 v2.0 generic functions
\@emptytoks=\toks18
\ex@=\dimen141
)) (amsbsy.sty
Package: amsbsy 1999/11/29 v1.2d Bold Symbols
\pmbraise@=\dimen142
) (amsopn.sty
Package: amsopn 2021/08/26 v2.02 operator names
)
\inf@bad=\count190
LaTeX Info: Redefining \frac on input line 234.
\uproot@=\count191
\leftroot@=\count192
LaTeX Info: Redefining \overline on input line 399.
\classnum@=\count193
\DOTSCASE@=\count194
LaTeX Info: Redefining \ldots on input line 496.
LaTeX Info: Redefining \dots on input line 499.
LaTeX Info: Redefining \cdots on input line 620.
\Mathstrutbox@=\box50
\strutbox@=\box51
\big@size=\dimen143
LaTeX Font Info:    Redeclaring font encoding OML on input line 743.
LaTeX Font Info:    Redeclaring font encoding OMS on input line 744.
\macc@depth=\count195
\c@MaxMatrixCols=\count196
\dotsspace@=\muskip16
\c@parentequation=\count197
\dspbrk@lvl=\count198
\tag@help=\toks19
\row@=\count199
\column@=\count266
\maxfields@=\count267
\andhelp@=\toks20
\eqnshift@=\dimen144
\alignsep@=\dimen145
\tagshift@=\dimen146
\tagwidth@=\dimen147
\totwidth@=\dimen148
\lineht@=\dimen149
\@envbody=\toks21
\multlinegap=\skip50
\multlinetaggap=\skip51
\mathdisplay@stack=\toks22
LaTeX Info: Redefining \[ on input line 2938.
LaTeX Info: Redefining \] on input line 2939.
) (enumitem.sty
Package: enumitem 2019/06/20 v3.9 Customized lists
\labelindent=\skip52
\enit@outerparindent=\dimen150
\enit@toks=\toks23
\enit@inbox=\box52
\enit@count@id=\count268
\enitdp@description=\count269
)
(booktabs.sty
Package: booktabs 2020/01/12 v1.61803398 Publication quality tables
\heavyrulewidth=\dimen151
\lightrulewidth=\dimen152
\cmidrulewidth=\dimen153
\belowrulesep=\dimen154
\belowbottomsep=\dimen155
\aboverulesep=\dimen156
\abovetopsep=\dimen157
\cmidrulesep=\dimen158
\cmidrulekern=\dimen159
\defaultaddspace=\dimen160
\@cmidla=\count270
\@cmidlb=\count271
\@aboverulesep=\dimen161
\@belowrulesep=\dimen162
\@thisruleclass=\count272
\@lastruleclass=\count273
\@thisrulewidth=\dimen163
)
\c@theorem=\count274
 (experiment_results/reanalysis_rescue_60_v5/chapter6_numbers.tex) (hyperref.st
y
Package: hyperref 2022-02-21 v7.00n Hypertext links for LaTeX
 (ltxcmds.sty
Package: ltxcmds 2020-05-10 v1.25 LaTeX kernel commands for general use (HO)
) (iftex.sty
Package: iftex 2022/02/03 v1.0f TeX engine tests
) (pdftexcmds.sty
Package: pdftexcmds 2020-06-27 v0.33 Utility functions of pdfTeX for LuaTeX (HO
)
 (infwarerr.sty
Package: infwarerr 2019/12/03 v1.5 Providing info/warning/error messages (HO)
)
Package pdftexcmds Info: \pdf@primitive is available.
Package pdftexcmds Info: \pdf@ifprimitive is available.
Package pdftexcmds Info: \pdfdraftmode not found.
)
(kvsetkeys.sty
Package: kvsetkeys 2019/12/15 v1.18 Key value parser (HO)
) (kvdefinekeys.sty
Package: kvdefinekeys 2019-12-19 v1.6 Define keys (HO)
) (pdfescape.sty
Package: pdfescape 2019/12/09 v1.15 Implements pdfTeX's escape features (HO)
) (hycolor.sty
Package: hycolor 2020-01-27 v1.10 Color options for hyperref/bookmark (HO)
)
(letltxmacro.sty
Package: letltxmacro 2019/12/03 v1.6 Let assignment for LaTeX macros (HO)
) (auxhook.sty
Package: auxhook 2019-12-17 v1.6 Hooks for auxiliary files (HO)
) (kvoptions.sty
Package: kvoptions 2020-10-07 v3.14 Key value format for package options (HO)
)
\@linkdim=\dimen164
\Hy@linkcounter=\count275
\Hy@pagecounter=\count276
 (pd1enc.def
File: pd1enc.def 2022-02-21 v7.00n Hyperref: PDFDocEncoding definition (HO)
) (intcalc.sty
Package: intcalc 2019/12/15 v1.3 Expandable calculations with integers (HO)
)
(etexcmds.sty
Package: etexcmds 2019/12/15 v1.7 Avoid name clashes with e-TeX commands (HO)
)
\Hy@SavedSpaceFactor=\count277
 (puenc.def
File: puenc.def 2022-02-21 v7.00n Hyperref: PDF Unicode definition (HO)
)
Package hyperref Info: Hyper figures OFF on input line 4137.
Package hyperref Info: Link nesting OFF on input line 4142.
Package hyperref Info: Hyper index ON on input line 4145.
Package hyperref Info: Plain pages OFF on input line 4152.
Package hyperref Info: Backreferencing OFF on input line 4157.
Package hyperref Info: Implicit mode ON; LaTeX internals redefined.
Package hyperref Info: Bookmarks ON on input line 4390.
\c@Hy@tempcnt=\count278
 (url.sty
\Urlmuskip=\muskip17
Package: url 2013/09/16  ver 3.4  Verb mode for urls, etc.
)
LaTeX Info: Redefining \url on input line 4749.
\XeTeXLinkMargin=\dimen165
 (bitset.sty
Package: bitset 2019/12/09 v1.3 Handle bit-vector datatype (HO)
 (bigintcalc.sty
Package: bigintcalc 2019/12/15 v1.5 Expandable calculations on big integers (HO
)
))
\Fld@menulength=\count279
\Field@Width=\dimen166
\Fld@charsize=\dimen167
Package hyperref Info: Hyper figures OFF on input line 6027.
Package hyperref Info: Link nesting OFF on input line 6032.
Package hyperref Info: Hyper index ON on input line 6035.
Package hyperref Info: backreferencing OFF on input line 6042.
Package hyperref Info: Link coloring OFF on input line 6047.
Package hyperref Info: Link coloring with OCG OFF on input line 6052.
Package hyperref Info: PDF/A mode OFF on input line 6057.
LaTeX Info: Redefining \ref on input line 6097.
LaTeX Info: Redefining \pageref on input line 6101.

(atbegshi-ltx.sty
Package: atbegshi-ltx 2021/01/10 v1.0c Emulation of the original atbegshi
package with kernel methods
)
\Hy@abspage=\count280
\c@Item=\count281
\c@Hfootnote=\count282
)
Package hyperref Info: Driver (autodetected): hxetex.
 (hxetex.def
File: hxetex.def 2022-02-21 v7.00n Hyperref driver for XeTeX
 (stringenc.sty
Package: stringenc 2019/11/29 v1.12 Convert strings between diff. encodings (HO
)
)
\pdfm@box=\box53
\c@Hy@AnnotLevel=\count283
\HyField@AnnotCount=\count284
\Fld@listcount=\count285
\c@bookmark@seq@number=\count286
 (rerunfilecheck.sty
Package: rerunfilecheck 2019/12/05 v1.9 Rerun checks for auxiliary files (HO)

(atveryend-ltx.sty
Package: atveryend-ltx 2020/08/19 v1.0a Emulation of the original atveryend pac
kage
with kernel methods
) (uniquecounter.sty
Package: uniquecounter 2019/12/15 v1.4 Provide unlimited unique counter (HO)
)
Package uniquecounter Info: New unique counter `rerunfilecheck' on input line 2
86.
)
\Hy@SectionHShift=\skip53
) (l3backend-xetex.def
File: l3backend-xetex.def 2022-02-07 L3 backend support: XeTeX
\c__kernel_sys_dvipdfmx_version_int=\count287
\l__color_backend_stack_int=\count288
\g__color_backend_stack_int=\count289
\g__graphics_track_int=\count290
\l__pdf_internal_box=\box54
\g__pdf_backend_object_int=\count291
\g__pdf_backend_annotation_int=\count292
\g__pdf_backend_link_int=\count293
) (thesis.aux
(chapter1_introduction.aux) (chapter2_literature_review.aux)
(chapter3_system_design.aux) (chapter4_offline_catalogue.aux)
(chapter5_realtime_matching_control.aux) (chapter6_experimental_evaluation.aux)
(chapter7_conclusions_future_work.aux))
\openout1 = `thesis.aux'.

LaTeX Font Info:    Checking defaults for OML/cmm/m/it on input line 66.
LaTeX Font Info:    ... okay on input line 66.
LaTeX Font Info:    Checking defaults for OMS/cmsy/m/n on input line 66.
LaTeX Font Info:    ... okay on input line 66.
LaTeX Font Info:    Checking defaults for OT1/cmr/m/n on input line 66.
LaTeX Font Info:    ... okay on input line 66.
LaTeX Font Info:    Checking defaults for T1/cmr/m/n on input line 66.
LaTeX Font Info:    ... okay on input line 66.
LaTeX Font Info:    Checking defaults for TS1/cmr/m/n on input line 66.
LaTeX Font Info:    Trying to load font information for TS1+cmr on input line 6
6.
 (ts1cmr.fd
File: ts1cmr.fd 2019/12/16 v2.5j Standard LaTeX font definitions
)
LaTeX Font Info:    ... okay on input line 66.
LaTeX Font Info:    Checking defaults for TU/lmr/m/n on input line 66.
LaTeX Font Info:    ... okay on input line 66.
LaTeX Font Info:    Checking defaults for OMX/cmex/m/n on input line 66.
LaTeX Font Info:    ... okay on input line 66.
LaTeX Font Info:    Checking defaults for U/cmr/m/n on input line 66.
LaTeX Font Info:    ... okay on input line 66.
LaTeX Font Info:    Checking defaults for PD1/pdf/m/n on input line 66.
LaTeX Font Info:    ... okay on input line 66.
LaTeX Font Info:    Checking defaults for PU/pdf/m/n on input line 66.
LaTeX Font Info:    ... okay on input line 66.
Package hyperref Info: Link coloring OFF on input line 66.
 (nameref.sty
Package: nameref 2021-04-02 v2.47 Cross-referencing by name of section
 (refcount.sty
Package: refcount 2019/12/15 v3.6 Data extraction from label references (HO)
) (gettitlestring.sty
Package: gettitlestring 2019/12/15 v1.6 Cleanup title references (HO)
)
\c@section@level=\count294
)
LaTeX Info: Redefining \ref on input line 66.
LaTeX Info: Redefining \pageref on input line 66.
LaTeX Info: Redefining \nameref on input line 66.
 (thesis.out) (thesis.out)
\@outlinefile=\write3
\openout3 = `thesis.out'.

Package hyperref Info: Option `pageanchor' set `false' on input line 69.
File: ucl_logo.png Graphic file (type bmp)
<ucl_logo.png>
LaTeX Font Info:    Trying to load font information for U+msa on input line 74.

 (umsa.fd
File: umsa.fd 2013/01/14 v3.01 AMS symbols A
)
LaTeX Font Info:    Trying to load font information for U+msb on input line 74.

 (umsb.fd
File: umsb.fd 2013/01/14 v3.01 AMS symbols B
)
LaTeX Font Info:    Trying to load font information for U+lasy on input line 74
.
 (ulasy.fd
File: ulasy.fd 1998/08/17 v2.2e LaTeX symbol font definitions
) [1

]
Package hyperref Info: Option `pageanchor' set `false' on input line 74.
 [1] (thesis.toc [1

] [2] [3])
\tf@toc=\write4
\openout4 = `thesis.toc'.

 [4]
Package hyperref Info: Option `pageanchor' set `true' on input line 122.
\openout2 = `chapter1_introduction.aux'.

 (chapter1_introduction.tex
Chapter 1.
[1



] [2] [3]) [4]
\openout2 = `chapter2_literature_review.aux'.

 (chapter2_literature_review.tex
Chapter 2.
[5




] [6] [7]
File: figures/chapter2_aistpp_fact_overview.pdf Graphic file (type pdf)
<use figures/chapter2_aistpp_fact_overview.pdf>
 [8] [9]
File: figures/chapter2_beatit_conditioning.pdf Graphic file (type pdf)
<use figures/chapter2_beatit_conditioning.pdf>
 [10] [11] [12] [13] [14]
File: figures/chapter2_retargeting_gap.pdf Graphic file (type pdf)
<use figures/chapter2_retargeting_gap.pdf>
 [15]
File: figures/chapter2_discoforcing_streaming.pdf Graphic file (type pdf)
<use figures/chapter2_discoforcing_streaming.pdf>
) [16] [17]
\openout2 = `chapter3_system_design.aux'.


(chapter3_system_design.tex
Chapter 3.
File: figures/chapter3_end_to_end_architecture.pdf Graphic file (type pdf)
<use figures/chapter3_end_to_end_architecture.pdf>
[18




] [19] [20] [21]
File: figures/chapter3_state_ownership_swimlanes.pdf Graphic file (type pdf)
<use figures/chapter3_state_ownership_swimlanes.pdf>
 [22]) [23]
\openout2 = `chapter4_offline_catalogue.aux'.

 (chapter4_offline_catalogue.tex
Chapter 4.
[24




] [25] [26]
LaTeX Font Info:    Font shape `U/lasy/b/n' in size <7> not available
(Font)              Font shape `U/lasy/m/n' tried instead on input line 201.
LaTeX Font Info:    Font shape `U/lasy/b/n' in size <5> not available
(Font)              Font shape `U/lasy/m/n' tried instead on input line 201.
 [27] [28]
File: figures/chapter4_smpl_g1_same_frame.pdf Graphic file (type pdf)
<use figures/chapter4_smpl_g1_same_frame.pdf>

Underfull \hbox (badness 5954) in paragraph at lines 364--364
[]\TU/lmr/m/n/10 Figure 4.1: []Same-frame SMPL-to-G1 retargeting comparison for
 AIST++ sequence
 []

[29] [30] [31] [32] [33]) [34]
\openout2 = `chapter5_realtime_matching_control.aux'.

 (chapter5_realtime_matching_control.tex
Chapter 5.
[35




] [36] [37] [38] [39] [40] [41] [42] [43] [44] [45]) [46]
\openout2 = `chapter6_experimental_evaluation.aux'.


(chapter6_experimental_evaluation.tex
Chapter 6.
[47




]
Underfull \hbox (badness 10000) in paragraph at lines 85--85
[]\TU/lmr/m/n/9 40 music/reference pairs; recon-
 []

[48] [49] [50]
(experiment_results/reanalysis_rescue_60_v5/chapter6_tables/retrieval.tex)
[51] (experiment_results/reanalysis_rescue_60_v5/chapter6_tables/genre.tex)
(experiment_results/reanalysis_rescue_60_v5/chapter6_tables/cczero.tex)
(experiment_results/reanalysis_rescue_60_v5/chapter6_tables/rhythm.tex)
[52]
File: figures/chapter6_rhythm_diversity.png Graphic file (type bmp)
<figures/chapter6_rhythm_diversity.png>
 (experiment_results/reanalysis_rescue_60_v5/chapter6_tables/features.tex)
(experiment_results/reanalysis_rescue_60_v5/chapter6_tables/groundtruth_div.tex
) [53]
File: figures/chapter6_coverage_safety.png Graphic file (type bmp)
<figures/chapter6_coverage_safety.png>
 (experiment_results/reanalysis_rescue_60_v5/chapter6_tables/safety.tex)
[54]
File: figures/chapter6_switch_dynamics.png Graphic file (type bmp)
<figures/chapter6_switch_dynamics.png>
 (experiment_results/reanalysis_rescue_60_v5/chapter6_tables/timing.tex)
File: figures/chapter6_latency_cdf.png Graphic file (type bmp)
<figures/chapter6_latency_cdf.png>

[55] (experiment_results/reanalysis_rescue_60_v5/chapter6_tables/stages.tex)
(experiment_results/reanalysis_rescue_60_v5/chapter6_tables/startup.tex)
(experiment_results/reanalysis_rescue_60_v5/chapter6_tables/readiness.tex)
[56]
File: figures/chapter6_response_timeline.png Graphic file (type bmp)
<figures/chapter6_response_timeline.png>
 [57]
(experiment_results/reanalysis_rescue_60_v5/chapter6_tables/ablation.tex))
[58] [59]
\openout2 = `chapter7_conclusions_future_work.aux'.

 (chapter7_conclusions_future_work.tex
Chapter 7.
[60




] [61] [62] [63]
Overfull \hbox (2.7538pt too wide) in paragraph at lines 218--229
 []\TU/lmr/bx/n/10 Motion-fragment retrieval and composition.[] \TU/lmr/m/n/10 
The existing system can enter partway through
 []

[64]) [65] (thesis.bbl [66



] [67]) (appendix_source_code [68]
Appendix A.
) (appendix_experiment_provenance [69

]
Appendix B.
[70

]
Underfull \hbox (badness 1178) in paragraph at lines 64--67
[]\TU/lmr/m/n/9 Replay ablation using the fixed-entry/simple-transition diagnos
tic
 []

) [71] [72] (thesis.aux (chapter1_introduction.aux)
(chapter2_literature_review.aux) (chapter3_system_design.aux)
(chapter4_offline_catalogue.aux) (chapter5_realtime_matching_control.aux)
(chapter6_experimental_evaluation.aux) (chapter7_conclusions_future_work.aux))
Package rerunfilecheck Info: File `thesis.out' has not changed.
(rerunfilecheck)             Checksum: F5B3519C3B1D4DE4E82B1597BEC434D4;28315.
 ) )
Output written on thesis.xdv (78 pages, 1971376 bytes).
